Archive member included to satisfy reference by file (symbol)

../lib/release/libksdk_platform.a(fsl_os_abstraction_bm.c.obj)
                              CMakeFiles/kw565-coursework-5.dir/Users/kuiwang/Documents/kw565_cw5_FromGit/kw565-coursework-5/source/main.c.obj (OSA_TimeDelay)
../lib/release/libksdk_platform.a(fsl_clock_manager.c.obj)
                              CMakeFiles/kw565-coursework-5.dir/Users/kuiwang/Documents/kw565_cw5_FromGit/kw565-coursework-5/source/board.c.obj (CLOCK_SYS_SetMcgliteMode)
../lib/release/libksdk_platform.a(fsl_clock_manager_common.c.obj)
                              ../lib/release/libksdk_platform.a(fsl_clock_manager.c.obj) (g_oscBase)
../lib/release/libksdk_platform.a(fsl_clock_MKL03Z4.c.obj)
                              CMakeFiles/kw565-coursework-5.dir/Users/kuiwang/Documents/kw565_cw5_FromGit/kw565-coursework-5/source/board.c.obj (CLOCK_SYS_SetSimConfigration)
../lib/release/libksdk_platform.a(fsl_interrupt_manager.c.obj)
                              ../lib/release/libksdk_platform.a(fsl_os_abstraction_bm.c.obj) (INT_SYS_InstallHandler)
../lib/release/libksdk_platform.a(fsl_gpio_driver.c.obj)
                              CMakeFiles/kw565-coursework-5.dir/Users/kuiwang/Documents/kw565_cw5_FromGit/kw565-coursework-5/source/main.c.obj (GPIO_DRV_Init)
../lib/release/libksdk_platform.a(fsl_i2c_shared_function.c.obj)
                              CMakeFiles/kw565-coursework-5.dir/Users/kuiwang/Documents/kw565_cw5_FromGit/kw565-coursework-5/source/fsl_i2c_irq.c.obj (I2C_DRV_IRQHandler)
../lib/release/libksdk_platform.a(fsl_i2c_common.c.obj)
                              ../lib/release/libksdk_platform.a(fsl_i2c_shared_function.c.obj) (g_i2cBase)
../lib/release/libksdk_platform.a(fsl_i2c_master_driver.c.obj)
                              CMakeFiles/kw565-coursework-5.dir/Users/kuiwang/Documents/kw565_cw5_FromGit/kw565-coursework-5/source/main.c.obj (I2C_DRV_MasterInit)
../lib/release/libksdk_platform.a(fsl_i2c_slave_driver.c.obj)
                              ../lib/release/libksdk_platform.a(fsl_i2c_shared_function.c.obj) (I2C_DRV_SlaveIRQHandler)
../lib/release/libksdk_platform.a(fsl_lptmr_hal.c.obj)
                              ../lib/release/libksdk_platform.a(fsl_os_abstraction_bm.c.obj) (LPTMR_HAL_SetTimerWorkingMode)
../lib/release/libksdk_platform.a(fsl_lpuart_hal.c.obj)
                              CMakeFiles/kw565-coursework-5.dir/Users/kuiwang/Documents/kw565_cw5_FromGit/kw565-coursework-5/platform/utilities/src/fsl_debug_console.c.obj (LPUART_HAL_SetBaudRate)
../lib/release/libksdk_platform.a(fsl_mcglite_hal.c.obj)
                              ../lib/release/libksdk_platform.a(fsl_clock_MKL03Z4.c.obj) (CLOCK_HAL_GetInternalRefClk)
../lib/release/libksdk_platform.a(fsl_mcglite_hal_modes.c.obj)
                              ../lib/release/libksdk_platform.a(fsl_clock_manager.c.obj) (CLOCK_HAL_SetHircMode)
../lib/release/libksdk_platform.a(fsl_osc_hal.c.obj)
                              ../lib/release/libksdk_platform.a(fsl_clock_manager.c.obj) (OSC_HAL_SetCapacitor)
../lib/release/libksdk_platform.a(fsl_sim_hal_MKL03Z4.c.obj)
                              ../lib/release/libksdk_platform.a(fsl_clock_MKL03Z4.c.obj) (CLOCK_HAL_SetOutDiv)
../lib/release/libksdk_platform.a(fsl_spi_shared_function.c.obj)
                              CMakeFiles/kw565-coursework-5.dir/Users/kuiwang/Documents/kw565_cw5_FromGit/kw565-coursework-5/source/fsl_spi_irq.c.obj (SPI_DRV_IRQHandler)
../lib/release/libksdk_platform.a(fsl_spi_master_driver.c.obj)
                              CMakeFiles/kw565-coursework-5.dir/Users/kuiwang/Documents/kw565_cw5_FromGit/kw565-coursework-5/source/main.c.obj (SPI_DRV_MasterInit)
../lib/release/libksdk_platform.a(fsl_spi_slave_driver.c.obj)
                              ../lib/release/libksdk_platform.a(fsl_spi_shared_function.c.obj) (SPI_DRV_SlaveIRQHandler)
../lib/release/libksdk_platform.a(fsl_spi_common.c.obj)
                              ../lib/release/libksdk_platform.a(fsl_spi_master_driver.c.obj) (g_spiIrqId)
../lib/release/libksdk_platform.a(fsl_gpio_hal.c.obj)
                              ../lib/release/libksdk_platform.a(fsl_gpio_driver.c.obj) (GPIO_HAL_SetPinDir)
../lib/release/libksdk_platform.a(fsl_gpio_common.c.obj)
                              ../lib/release/libksdk_platform.a(fsl_gpio_driver.c.obj) (g_portIrqId)
../lib/release/libksdk_platform.a(fsl_i2c_hal.c.obj)
                              ../lib/release/libksdk_platform.a(fsl_i2c_master_driver.c.obj) (I2C_HAL_Init)
../lib/release/libksdk_platform.a(fsl_spi_hal.c.obj)
                              ../lib/release/libksdk_platform.a(fsl_spi_master_driver.c.obj) (SPI_HAL_Init)
/Applications/ARM/bin/../lib/gcc/arm-none-eabi/10.3.1/../../../../arm-none-eabi/lib/thumb/v6-m/nofp/libc_nano.a(lib_a-calloc.o)
                              ../lib/release/libksdk_platform.a(fsl_os_abstraction_bm.c.obj) (calloc)
[...]
Memory Configuration

Name             Origin             Length             Attributes
m_interrupts     0x0000000000000000 0x0000000000000100 xr
m_flash_config   0x0000000000000400 0x0000000000000010 xr
m_text           0x0000000000000410 0x0000000000007bf0 xr
m_data           0x000000001ffffe00 0x0000000000000800 rw
*default*        0x0000000000000000 0xffffffffffffffff

Linker script and memory map

LOAD /Applications/ARM/bin/../lib/gcc/arm-none-eabi/10.3.1/thumb/v6-m/nofp/crti.o
LOAD /Applications/ARM/bin/../lib/gcc/arm-none-eabi/10.3.1/thumb/v6-m/nofp/crtbegin.o
LOAD /Applications/ARM/bin/../lib/gcc/arm-none-eabi/10.3.1/../../../../arm-none-eabi/lib/thumb/v6-m/nofp/crt0.o
LOAD /Applications/ARM/bin/../lib/gcc/arm-none-eabi/10.3.1/../../../../arm-none-eabi/lib/thumb/v6-m/nofp/libm.a
                0x0000000000000300                __stack_size__ = 0x300
                0x0000000000000200                __heap_size__ = 0x200
LOAD CMakeFiles/kw565-coursework-5.dir/Users/kuiwang/Documents/kw565_cw5_FromGit/kw565-coursework-5/platform/utilities/src/fsl_misc_utilities.c.obj
LOAD CMakeFiles/kw565-coursework-5.dir/Users/kuiwang/Documents/kw565_cw5_FromGit/kw565-coursework-5/platform/devices/MKL03Z4/startup/gcc/startup_MKL03Z4.S.obj
LOAD CMakeFiles/kw565-coursework-5.dir/Users/kuiwang/Documents/kw565_cw5_FromGit/kw565-coursework-5/source/main.c.obj
LOAD CMakeFiles/kw565-coursework-5.dir/Users/kuiwang/Documents/kw565_cw5_FromGit/kw565-coursework-5/source/fsl_i2c_irq.c.obj
LOAD CMakeFiles/kw565-coursework-5.dir/Users/kuiwang/Documents/kw565_cw5_FromGit/kw565-coursework-5/source/accel.c.obj
LOAD CMakeFiles/kw565-coursework-5.dir/Users/kuiwang/Documents/kw565_cw5_FromGit/kw565-coursework-5/source/fxos_api.c.obj
LOAD CMakeFiles/kw565-coursework-5.dir/Users/kuiwang/Documents/kw565_cw5_FromGit/kw565-coursework-5/source/mma8451_api.c.obj
LOAD CMakeFiles/kw565-coursework-5.dir/Users/kuiwang/Documents/kw565_cw5_FromGit/kw565-coursework-5/source/fsl_spi_irq.c.obj
LOAD CMakeFiles/kw565-coursework-5.dir/Users/kuiwang/Documents/kw565_cw5_FromGit/kw565-coursework-5/source/hardware_init.c.obj
LOAD CMakeFiles/kw565-coursework-5.dir/Users/kuiwang/Documents/kw565_cw5_FromGit/kw565-coursework-5/source/gpio_pins.c.obj
LOAD CMakeFiles/kw565-coursework-5.dir/Users/kuiwang/Documents/kw565_cw5_FromGit/kw565-coursework-5/source/pin_mux.c.obj
LOAD CMakeFiles/kw565-coursework-5.dir/Users/kuiwang/Documents/kw565_cw5_FromGit/kw565-coursework-5/source/board.c.obj
LOAD CMakeFiles/kw565-coursework-5.dir/Users/kuiwang/Documents/kw565_cw5_FromGit/kw565-coursework-5/platform/utilities/src/fsl_debug_console.c.obj
LOAD CMakeFiles/kw565-coursework-5.dir/Users/kuiwang/Documents/kw565_cw5_FromGit/kw565-coursework-5/platform/utilities/src/print_scan.c.obj
LOAD CMakeFiles/kw565-coursework-5.dir/Users/kuiwang/Documents/kw565_cw5_FromGit/kw565-coursework-5/platform/devices/MKL03Z4/startup/system_MKL03Z4.c.obj
LOAD CMakeFiles/kw565-coursework-5.dir/Users/kuiwang/Documents/kw565_cw5_FromGit/kw565-coursework-5/platform/devices/startup.c.obj
START GROUP
LOAD ../lib/release/libksdk_platform.a
LOAD /Applications/ARM/bin/../lib/gcc/arm-none-eabi/10.3.1/../../../../arm-none-eabi/lib/thumb/v6-m/nofp/libm.a
LOAD /Applications/ARM/bin/../lib/gcc/arm-none-eabi/10.3.1/../../../../arm-none-eabi/lib/thumb/v6-m/nofp/libc_nano.a
LOAD /Applications/ARM/bin/../lib/gcc/arm-none-eabi/10.3.1/thumb/v6-m/nofp/libgcc.a
LOAD /Applications/ARM/bin/../lib/gcc/arm-none-eabi/10.3.1/../../../../arm-none-eabi/lib/thumb/v6-m/nofp/libnosys.a
END GROUP
START GROUP
LOAD /Applications/ARM/bin/../lib/gcc/arm-none-eabi/10.3.1/thumb/v6-m/nofp/libgcc.a
LOAD /Applications/ARM/bin/../lib/gcc/arm-none-eabi/10.3.1/../../../../arm-none-eabi/lib/thumb/v6-m/nofp/libc_nano.a
END GROUP
START GROUP
LOAD /Applications/ARM/bin/../lib/gcc/arm-none-eabi/10.3.1/thumb/v6-m/nofp/libgcc.a
LOAD /Applications/ARM/bin/../lib/gcc/arm-none-eabi/10.3.1/../../../../arm-none-eabi/lib/thumb/v6-m/nofp/libc_nano.a
END GROUP
LOAD /Applications/ARM/bin/../lib/gcc/arm-none-eabi/10.3.1/thumb/v6-m/nofp/crtend.o
LOAD /Applications/ARM/bin/../lib/gcc/arm-none-eabi/10.3.1/thumb/v6-m/nofp/crtn.o
                0x0000000000000200                HEAP_SIZE = DEFINED (__heap_size__)?__heap_size__:0x200
                0x0000000000000300                STACK_SIZE = DEFINED (__stack_size__)?__stack_size__:0x50
                0x0000000000000000                M_VECTOR_RAM_SIZE = DEFINED (__ram_vector_table__)?0x100:0x0

.interrupts     0x0000000000000000       0xc0
                0x0000000000000000                __VECTOR_TABLE = .
                0x0000000000000000                . = ALIGN (0x4)
 *(.isr_vector)
 .isr_vector    0x0000000000000000       0xc0 CMakeFiles/kw565-coursework-5.dir/Users/kuiwang/Documents/kw565_cw5_FromGit/kw565-coursework-5/platform/devices/MKL03Z4/startup/gcc/startup_MKL03Z4.S.obj
                0x0000000000000000                __isr_vector
                0x00000000000000c0                . = ALIGN (0x4)

.flash_config   0x0000000000000400       0x10
                0x0000000000000400                . = ALIGN (0x4)
 *(.FlashConfig)
 .FlashConfig   0x0000000000000400       0x10 CMakeFiles/kw565-coursework-5.dir/Users/kuiwang/Documents/kw565_cw5_FromGit/kw565-coursework-5/platform/devices/MKL03Z4/startup/gcc/startup_MKL03Z4.S.obj
                0x0000000000000410                . = ALIGN (0x4)

.text           0x0000000000000410     0x3a88
                0x0000000000000410                . = ALIGN (0x4)
 *(.text)
 .text          0x0000000000000410       0x48 /Applications/ARM/bin/../lib/gcc/arm-none-eabi/10.3.1/thumb/v6-m/nofp/crtbegin.o
 .text          0x0000000000000458       0x80 /Applications/ARM/bin/../lib/gcc/arm-none-eabi/10.3.1/../../../../arm-none-eabi/lib/thumb/v6-m/nofp/crt0.o
                0x0000000000000458                _stack_init
                0x0000000000000464                _mainCRTStartup
                0x0000000000000464                _start
 .text          0x00000000000004d8       0x18 CMakeFiles/kw565-coursework-5.dir/Users/kuiwang/Documents/kw565_cw5_FromGit/kw565-coursework-5/platform/devices/MKL03Z4/startup/gcc/startup_MKL03Z4.S.obj
                0x00000000000004d8                Reset_Handler
                0x00000000000004e8                Reserved16_IRQHandler
                0x00000000000004e8                HardFault_Handler
                0x00000000000004e8                SysTick_Handler
                0x00000000000004e8                PendSV_Handler
                0x00000000000004e8                NMI_Handler
                0x00000000000004e8                Reserved19_IRQHandler
                0x00000000000004e8                Reserved29_IRQHandler
                0x00000000000004e8                TPM0_IRQHandler
                0x00000000000004e8                LLWU_IRQHandler
                0x00000000000004e8                Reserved42_IRQHandler
                0x00000000000004e8                ADC0_IRQHandler
                0x00000000000004e8                Reserved39_IRQHandler
                0x00000000000004e8                DefaultISR
                0x00000000000004e8                Reserved25_IRQHandler
                0x00000000000004e8                Reserved43_IRQHandler
                0x00000000000004e8                RTC_IRQHandler
                0x00000000000004e8                Reserved27_IRQHandler
                0x00000000000004e8                RTC_Seconds_IRQHandler
                0x00000000000004e8                Reserved35_IRQHandler
                0x00000000000004e8                Reserved20_IRQHandler
                0x00000000000004e8                Reserved17_IRQHandler
                0x00000000000004e8                Reserved41_IRQHandler
                0x00000000000004e8                SVC_Handler
                0x00000000000004e8                LPUART0_IRQHandler
                0x00000000000004e8                Reserved45_IRQHandler
                0x00000000000004e8                Reserved30_IRQHandler
                0x00000000000004e8                PMC_IRQHandler
                0x00000000000004e8                TPM1_IRQHandler
                0x00000000000004e8                PORTA_IRQHandler
                0x00000000000004e8                FTFA_IRQHandler
                0x00000000000004e8                Reserved40_IRQHandler
                0x00000000000004e8                Reserved38_IRQHandler
                0x00000000000004e8                LPTMR0_IRQHandler
                0x00000000000004e8                Reserved18_IRQHandler
                0x00000000000004e8                CMP0_IRQHandler
 .text          0x00000000000004f0        0xe /Applications/ARM/bin/../lib/gcc/arm-none-eabi/10.3.1/../../../../arm-none-eabi/lib/thumb/v6-m/nofp/libc_nano.a(lib_a-strlen.o)
                0x00000000000004f0                strlen
 *fill*         0x00000000000004fe        0x2 
 .text          0x0000000000000500       0x14 /Applications/ARM/bin/../lib/gcc/arm-none-eabi/10.3.1/thumb/v6-m/nofp/libgcc.a(_thumb1_case_shi.o)
                0x0000000000000500                __gnu_thumb1_case_shi
 .text          0x0000000000000514       0x14 /Applications/ARM/bin/../lib/gcc/arm-none-eabi/10.3.1/thumb/v6-m/nofp/libgcc.a(_thumb1_case_uhi.o)
                0x0000000000000514                __gnu_thumb1_case_uhi
 .text          0x0000000000000528      0x114 /Applications/ARM/bin/../lib/gcc/arm-none-eabi/10.3.1/thumb/v6-m/nofp/libgcc.a(_udivsi3.o)
                0x0000000000000528                __udivsi3
                0x0000000000000528                __aeabi_uidiv
                0x0000000000000634                __aeabi_uidivmod
 .text          0x000000000000063c      0x1d4 /Applications/ARM/bin/../lib/gcc/arm-none-eabi/10.3.1/thumb/v6-m/nofp/libgcc.a(_divsi3.o)
                0x000000000000063c                __aeabi_idiv
                0x000000000000063c                __divsi3
                0x0000000000000808                __aeabi_idivmod
 .text          0x0000000000000810        0x4 /Applications/ARM/bin/../lib/gcc/arm-none-eabi/10.3.1/thumb/v6-m/nofp/libgcc.a(_dvmd_tls.o)
                0x0000000000000810                __aeabi_ldiv0
                0x0000000000000810                __aeabi_idiv0
 .text          0x0000000000000814       0x5c /Applications/ARM/bin/../lib/gcc/arm-none-eabi/10.3.1/thumb/v6-m/nofp/libgcc.a(_muldi3.o)
                0x0000000000000814                __aeabi_lmul
                0x0000000000000814                __muldi3
 *(.text*)
 .text._sbrk    0x0000000000000870       0x38 CMakeFiles/kw565-coursework-5.dir/Users/kuiwang/Documents/kw565_cw5_FromGit/kw565-coursework-5/platform/utilities/src/fsl_misc_utilities.c.obj
                0x0000000000000870                _sbrk
 .text.writeCommand
                0x00000000000008a8       0x3c CMakeFiles/kw565-coursework-5.dir/Users/kuiwang/Documents/kw565_cw5_FromGit/kw565-coursework-5/source/main.c.obj
                0x00000000000008a8                writeCommand
 .text.printHeart
                0x00000000000008e4       0x9c CMakeFiles/kw565-coursework-5.dir/Users/kuiwang/Documents/kw565_cw5_FromGit/kw565-coursework-5/source/main.c.obj
                0x00000000000008e4                printHeart
 .text.heartFall
                0x0000000000000980       0xb4 CMakeFiles/kw565-coursework-5.dir/Users/kuiwang/Documents/kw565_cw5_FromGit/kw565-coursework-5/source/main.c.obj
                0x0000000000000980                heartFall
 .text.printArrow
                0x0000000000000a34       0xa8 CMakeFiles/kw565-coursework-5.dir/Users/kuiwang/Documents/kw565_cw5_FromGit/kw565-coursework-5/source/main.c.obj
                0x0000000000000a34                printArrow
 .text.clearArrow
                0x0000000000000adc       0x5c CMakeFiles/kw565-coursework-5.dir/Users/kuiwang/Documents/kw565_cw5_FromGit/kw565-coursework-5/source/main.c.obj
                0x0000000000000adc                clearArrow
 .text.devSSD1331init
                0x0000000000000b38      0x116 CMakeFiles/kw565-coursework-5.dir/Users/kuiwang/Documents/kw565_cw5_FromGit/kw565-coursework-5/source/main.c.obj
                0x0000000000000b38                devSSD1331init
 *fill*         0x0000000000000c4e        0x2 
 .text.startup.main
                0x0000000000000c50      0x1e0 CMakeFiles/kw565-coursework-5.dir/Users/kuiwang/Documents/kw565_cw5_FromGit/kw565-coursework-5/source/main.c.obj
                0x0000000000000c50                main
 .text.PORTB_IRQHandler
                0x0000000000000e30       0x20 CMakeFiles/kw565-coursework-5.dir/Users/kuiwang/Documents/kw565_cw5_FromGit/kw565-coursework-5/source/main.c.obj
                0x0000000000000e30                PORTB_IRQHandler
 .text.I2C0_IRQHandler
                0x0000000000000e50        0xa CMakeFiles/kw565-coursework-5.dir/Users/kuiwang/Documents/kw565_cw5_FromGit/kw565-coursework-5/source/fsl_i2c_irq.c.obj
                0x0000000000000e50                I2C0_IRQHandler
 .text.accel_read_reg
                0x0000000000000e5a       0x36 CMakeFiles/kw565-coursework-5.dir/Users/kuiwang/Documents/kw565_cw5_FromGit/kw565-coursework-5/source/accel.c.obj
                0x0000000000000e5a                accel_read_reg
 .text.accel_write_reg
                0x0000000000000e90       0x34 CMakeFiles/kw565-coursework-5.dir/Users/kuiwang/Documents/kw565_cw5_FromGit/kw565-coursework-5/source/accel.c.obj
                0x0000000000000e90                accel_write_reg
 .text.accel_init
                0x0000000000000ec4       0x88 CMakeFiles/kw565-coursework-5.dir/Users/kuiwang/Documents/kw565_cw5_FromGit/kw565-coursework-5/source/accel.c.obj
                0x0000000000000ec4                accel_init
 .text.fxos_init
                0x0000000000000f4c       0xb4 CMakeFiles/kw565-coursework-5.dir/Users/kuiwang/Documents/kw565_cw5_FromGit/kw565-coursework-5/source/fxos_api.c.obj
                0x0000000000000f4c                fxos_init
 .text.fxos_read_register_array_fast
                0x0000000000001000       0x2e CMakeFiles/kw565-coursework-5.dir/Users/kuiwang/Documents/kw565_cw5_FromGit/kw565-coursework-5/source/fxos_api.c.obj
                0x0000000000001000                fxos_read_register_array_fast
 .text.fxos_read_sensor_data
                0x000000000000102e        0xe CMakeFiles/kw565-coursework-5.dir/Users/kuiwang/Documents/kw565_cw5_FromGit/kw565-coursework-5/source/fxos_api.c.obj
                0x000000000000102e                fxos_read_sensor_data
 .text.mma8451_init
                0x000000000000103c       0x5c CMakeFiles/kw565-coursework-5.dir/Users/kuiwang/Documents/kw565_cw5_FromGit/kw565-coursework-5/source/mma8451_api.c.obj
                0x000000000000103c                mma8451_init
 .text.mma8451_read_sensor_data
                0x0000000000001098       0x58 CMakeFiles/kw565-coursework-5.dir/Users/kuiwang/Documents/kw565_cw5_FromGit/kw565-coursework-5/source/mma8451_api.c.obj
                0x0000000000001098                mma8451_read_sensor_data
 .text.SPI0_IRQHandler
                0x00000000000010f0        0xa CMakeFiles/kw565-coursework-5.dir/Users/kuiwang/Documents/kw565_cw5_FromGit/kw565-coursework-5/source/fsl_spi_irq.c.obj
                0x00000000000010f0                SPI0_IRQHandler
 .text.hardware_init
                0x00000000000010fa       0x1c CMakeFiles/kw565-coursework-5.dir/Users/kuiwang/Documents/kw565_cw5_FromGit/kw565-coursework-5/source/hardware_init.c.obj
                0x00000000000010fa                hardware_init
 *fill*         0x0000000000001116        0x2 
 .text.configure_i2c_pins
                0x0000000000001118       0x1c CMakeFiles/kw565-coursework-5.dir/Users/kuiwang/Documents/kw565_cw5_FromGit/kw565-coursework-5/source/pin_mux.c.obj
                0x0000000000001118                configure_i2c_pins
 .text.configure_spi_pins
                0x0000000000001134       0x2c CMakeFiles/kw565-coursework-5.dir/Users/kuiwang/Documents/kw565_cw5_FromGit/kw565-coursework-5/source/pin_mux.c.obj
                0x0000000000001134                configure_spi_pins
 .text.debug_putc
                0x0000000000001160       0x28 CMakeFiles/kw565-coursework-5.dir/Users/kuiwang/Documents/kw565_cw5_FromGit/kw565-coursework-5/platform/utilities/src/fsl_debug_console.c.obj
 .text._write   0x0000000000001188       0x2c CMakeFiles/kw565-coursework-5.dir/Users/kuiwang/Documents/kw565_cw5_FromGit/kw565-coursework-5/platform/utilities/src/fsl_debug_console.c.obj
                0x0000000000001188                _write
 .text._read    0x00000000000011b4       0x28 CMakeFiles/kw565-coursework-5.dir/Users/kuiwang/Documents/kw565_cw5_FromGit/kw565-coursework-5/platform/utilities/src/fsl_debug_console.c.obj
                0x00000000000011b4                _read
 .text.debug_printf
                0x00000000000011dc       0x38 CMakeFiles/kw565-coursework-5.dir/Users/kuiwang/Documents/kw565_cw5_FromGit/kw565-coursework-5/platform/utilities/src/fsl_debug_console.c.obj
                0x00000000000011dc                debug_printf
 .text.mknumstr
                0x0000000000001214       0x7e CMakeFiles/kw565-coursework-5.dir/Users/kuiwang/Documents/kw565_cw5_FromGit/kw565-coursework-5/platform/utilities/src/print_scan.c.obj
 .text.fput_pad.constprop.0
                0x0000000000001292       0x22 CMakeFiles/kw565-coursework-5.dir/Users/kuiwang/Documents/kw565_cw5_FromGit/kw565-coursework-5/platform/utilities/src/print_scan.c.obj
 .text._doprint
                0x00000000000012b4      0x408 CMakeFiles/kw565-coursework-5.dir/Users/kuiwang/Documents/kw565_cw5_FromGit/kw565-coursework-5/platform/utilities/src/print_scan.c.obj
                0x00000000000012b4                _doprint
 .text.SystemInit
                0x00000000000016bc       0x24 CMakeFiles/kw565-coursework-5.dir/Users/kuiwang/Documents/kw565_cw5_FromGit/kw565-coursework-5/platform/devices/MKL03Z4/startup/system_MKL03Z4.c.obj
                0x00000000000016bc                SystemInit
 .text.init_data_bss
                0x00000000000016e0       0x70 CMakeFiles/kw565-coursework-5.dir/Users/kuiwang/Documents/kw565_cw5_FromGit/kw565-coursework-5/platform/devices/startup.c.obj
                0x00000000000016e0                init_data_bss
 .text.OSA_TimeInit
                0x0000000000001750       0x44 ../lib/release/libksdk_platform.a(fsl_os_abstraction_bm.c.obj)
                0x0000000000001750                OSA_TimeInit
 .text.OSA_TimeDiff
                0x0000000000001794       0x10 ../lib/release/libksdk_platform.a(fsl_os_abstraction_bm.c.obj)
                0x0000000000001794                OSA_TimeDiff
 .text.OSA_SemaCreate
                0x00000000000017a4        0xe ../lib/release/libksdk_platform.a(fsl_os_abstraction_bm.c.obj)
                0x00000000000017a4                OSA_SemaCreate
 .text.OSA_SemaPost
                0x00000000000017b2       0x20 ../lib/release/libksdk_platform.a(fsl_os_abstraction_bm.c.obj)
                0x00000000000017b2                OSA_SemaPost
 .text.OSA_EventSet
                0x00000000000017d2       0x18 ../lib/release/libksdk_platform.a(fsl_os_abstraction_bm.c.obj)
                0x00000000000017d2                OSA_EventSet
 *fill*         0x00000000000017ea        0x2 
 .text.task_init
                0x00000000000017ec       0x38 ../lib/release/libksdk_platform.a(fsl_os_abstraction_bm.c.obj)
                0x00000000000017ec                task_init
 .text.OSA_TimeGetMsec
                0x0000000000001824       0x10 ../lib/release/libksdk_platform.a(fsl_os_abstraction_bm.c.obj)
                0x0000000000001824                OSA_TimeGetMsec
 .text.OSA_SemaWait
                0x0000000000001834       0x70 ../lib/release/libksdk_platform.a(fsl_os_abstraction_bm.c.obj)
                0x0000000000001834                OSA_SemaWait
 .text.OSA_TimeDelay
                0x00000000000018a4       0x1c ../lib/release/libksdk_platform.a(fsl_os_abstraction_bm.c.obj)
                0x00000000000018a4                OSA_TimeDelay
 .text.OSA_Init
                0x00000000000018c0        0xe ../lib/release/libksdk_platform.a(fsl_os_abstraction_bm.c.obj)
                0x00000000000018c0                OSA_Init
 *fill*         0x00000000000018ce        0x2 
 .text.SIM_HAL_EnableClock.constprop.0
                0x00000000000018d0       0x28 ../lib/release/libksdk_platform.a(fsl_clock_MKL03Z4.c.obj)
 .text.CLOCK_SYS_GetCoreClockFreq
                0x00000000000018f8       0x20 ../lib/release/libksdk_platform.a(fsl_clock_MKL03Z4.c.obj)
                0x00000000000018f8                CLOCK_SYS_GetCoreClockFreq
 .text.CLOCK_SYS_GetBusClockFreq
                0x0000000000001918       0x18 ../lib/release/libksdk_platform.a(fsl_clock_MKL03Z4.c.obj)
                0x0000000000001918                CLOCK_SYS_GetBusClockFreq
 .text.CLOCK_SYS_EnablePortClock
                0x0000000000001930       0x10 ../lib/release/libksdk_platform.a(fsl_clock_MKL03Z4.c.obj)
                0x0000000000001930                CLOCK_SYS_EnablePortClock
 .text.CLOCK_SYS_EnableSpiClock
                0x0000000000001940       0x10 ../lib/release/libksdk_platform.a(fsl_clock_MKL03Z4.c.obj)
                0x0000000000001940                CLOCK_SYS_EnableSpiClock
 .text.CLOCK_SYS_EnableI2cClock
                0x0000000000001950        0xa ../lib/release/libksdk_platform.a(fsl_clock_MKL03Z4.c.obj)
                0x0000000000001950                CLOCK_SYS_EnableI2cClock
 *fill*         0x000000000000195a        0x2 
 .text.INT_SYS_EnableIRQGlobal
                0x000000000000195c       0x18 ../lib/release/libksdk_platform.a(fsl_interrupt_manager.c.obj)
                0x000000000000195c                INT_SYS_EnableIRQGlobal
 .text.INT_SYS_DisableIRQGlobal
                0x0000000000001974       0x10 ../lib/release/libksdk_platform.a(fsl_interrupt_manager.c.obj)
                0x0000000000001974                INT_SYS_DisableIRQGlobal
 .text.GPIO_DRV_InputPinInit
                0x0000000000001984       0x98 ../lib/release/libksdk_platform.a(fsl_gpio_driver.c.obj)
                0x0000000000001984                GPIO_DRV_InputPinInit
 .text.GPIO_DRV_OutputPinInit
                0x0000000000001a1c       0x64 ../lib/release/libksdk_platform.a(fsl_gpio_driver.c.obj)
                0x0000000000001a1c                GPIO_DRV_OutputPinInit
 .text.GPIO_DRV_Init
                0x0000000000001a80       0x34 ../lib/release/libksdk_platform.a(fsl_gpio_driver.c.obj)
                0x0000000000001a80                GPIO_DRV_Init
 .text.GPIO_DRV_SetPinOutput
                0x0000000000001ab4       0x1c ../lib/release/libksdk_platform.a(fsl_gpio_driver.c.obj)
                0x0000000000001ab4                GPIO_DRV_SetPinOutput
 .text.GPIO_DRV_ClearPinOutput
                0x0000000000001ad0       0x1c ../lib/release/libksdk_platform.a(fsl_gpio_driver.c.obj)
                0x0000000000001ad0                GPIO_DRV_ClearPinOutput
 .text.GPIO_DRV_ClearPinIntFlag
                0x0000000000001aec       0x24 ../lib/release/libksdk_platform.a(fsl_gpio_driver.c.obj)
                0x0000000000001aec                GPIO_DRV_ClearPinIntFlag
 .text.I2C_DRV_IRQHandler
                0x0000000000001b10       0x2c ../lib/release/libksdk_platform.a(fsl_i2c_shared_function.c.obj)
                0x0000000000001b10                I2C_DRV_IRQHandler
 .text.I2C_HAL_WriteByte
                0x0000000000001b3c       0x14 ../lib/release/libksdk_platform.a(fsl_i2c_master_driver.c.obj)
 .text.I2C_DRV_MasterWait
                0x0000000000001b50       0x2c ../lib/release/libksdk_platform.a(fsl_i2c_master_driver.c.obj)
 .text.I2C_DRV_CompleteTransfer
                0x0000000000001b7c       0x4c ../lib/release/libksdk_platform.a(fsl_i2c_master_driver.c.obj)
 .text.I2C_DRV_SendAddress.isra.0
                0x0000000000001bc8       0xe8 ../lib/release/libksdk_platform.a(fsl_i2c_master_driver.c.obj)
 .text.I2C_DRV_MasterInit
                0x0000000000001cb0       0x78 ../lib/release/libksdk_platform.a(fsl_i2c_master_driver.c.obj)
                0x0000000000001cb0                I2C_DRV_MasterInit
 .text.I2C_DRV_MasterSetBaudRate
                0x0000000000001d28       0x34 ../lib/release/libksdk_platform.a(fsl_i2c_master_driver.c.obj)
                0x0000000000001d28                I2C_DRV_MasterSetBaudRate
 .text.I2C_DRV_MasterSend
                0x0000000000001d5c       0xe4 ../lib/release/libksdk_platform.a(fsl_i2c_master_driver.c.obj)
 .text.I2C_DRV_MasterReceive
                0x0000000000001e40       0xec ../lib/release/libksdk_platform.a(fsl_i2c_master_driver.c.obj)
 .text.I2C_DRV_MasterSendDataBlocking
                0x0000000000001f2c       0x1a ../lib/release/libksdk_platform.a(fsl_i2c_master_driver.c.obj)
                0x0000000000001f2c                I2C_DRV_MasterSendDataBlocking
 .text.I2C_DRV_MasterReceiveDataBlocking
                0x0000000000001f46       0x1a ../lib/release/libksdk_platform.a(fsl_i2c_master_driver.c.obj)
                0x0000000000001f46                I2C_DRV_MasterReceiveDataBlocking
 .text.I2C_DRV_MasterIRQHandler
                0x0000000000001f60       0xc8 ../lib/release/libksdk_platform.a(fsl_i2c_master_driver.c.obj)
                0x0000000000001f60                I2C_DRV_MasterIRQHandler
 .text.I2C_DRV_SlaveIRQHandler
                0x0000000000002028      0x204 ../lib/release/libksdk_platform.a(fsl_i2c_slave_driver.c.obj)
                0x0000000000002028                I2C_DRV_SlaveIRQHandler
 .text.LPTMR_HAL_SetTimerWorkingMode
                0x000000000000222c       0x36 ../lib/release/libksdk_platform.a(fsl_lptmr_hal.c.obj)
                0x000000000000222c                LPTMR_HAL_SetTimerWorkingMode
 .text.LPTMR_HAL_SetPrescalerMode
                0x0000000000002262       0x1a ../lib/release/libksdk_platform.a(fsl_lptmr_hal.c.obj)
                0x0000000000002262                LPTMR_HAL_SetPrescalerMode
 .text.LPTMR_HAL_GetCounterValue
                0x000000000000227c       0x14 ../lib/release/libksdk_platform.a(fsl_lptmr_hal.c.obj)
                0x000000000000227c                LPTMR_HAL_GetCounterValue
 .text.CLOCK_HAL_GetLircClk
                0x0000000000002290       0x44 ../lib/release/libksdk_platform.a(fsl_mcglite_hal.c.obj)
                0x0000000000002290                CLOCK_HAL_GetLircClk
 .text.CLOCK_HAL_GetOutClk
                0x00000000000022d4       0x48 ../lib/release/libksdk_platform.a(fsl_mcglite_hal.c.obj)
                0x00000000000022d4                CLOCK_HAL_GetOutClk
 .text.SPI_DRV_IRQHandler
                0x000000000000231c       0x20 ../lib/release/libksdk_platform.a(fsl_spi_shared_function.c.obj)
                0x000000000000231c                SPI_DRV_IRQHandler
 .text.SPI_DRV_MasterCompleteTransfer
                0x000000000000233c       0x3c ../lib/release/libksdk_platform.a(fsl_spi_master_driver.c.obj)
 .text.SPI_DRV_MasterInit
                0x0000000000002378       0x94 ../lib/release/libksdk_platform.a(fsl_spi_master_driver.c.obj)
                0x0000000000002378                SPI_DRV_MasterInit
 .text.SPI_DRV_MasterConfigureBus
                0x000000000000240c       0x34 ../lib/release/libksdk_platform.a(fsl_spi_master_driver.c.obj)
                0x000000000000240c                SPI_DRV_MasterConfigureBus
 .text.SPI_DRV_MasterStartTransfer
                0x0000000000002440       0x80 ../lib/release/libksdk_platform.a(fsl_spi_master_driver.c.obj)
 .text.SPI_DRV_MasterTransferBlocking
                0x00000000000024c0       0x58 ../lib/release/libksdk_platform.a(fsl_spi_master_driver.c.obj)
                0x00000000000024c0                SPI_DRV_MasterTransferBlocking
 .text.SPI_DRV_MasterIRQHandler
                0x0000000000002518       0x78 ../lib/release/libksdk_platform.a(fsl_spi_master_driver.c.obj)
                0x0000000000002518                SPI_DRV_MasterIRQHandler
 .text.SPI_DRV_SlaveCompleteTransfer
                0x0000000000002590       0x50 ../lib/release/libksdk_platform.a(fsl_spi_slave_driver.c.obj)
 .text.SPI_DRV_SlaveIRQHandler
                0x00000000000025e0       0x98 ../lib/release/libksdk_platform.a(fsl_spi_slave_driver.c.obj)
                0x00000000000025e0                SPI_DRV_SlaveIRQHandler
 .text.GPIO_HAL_SetPinDir
                0x0000000000002678       0x1e ../lib/release/libksdk_platform.a(fsl_gpio_hal.c.obj)
                0x0000000000002678                GPIO_HAL_SetPinDir
 .text.GPIO_HAL_WritePinOutput
                0x0000000000002696       0x10 ../lib/release/libksdk_platform.a(fsl_gpio_hal.c.obj)
                0x0000000000002696                GPIO_HAL_WritePinOutput
 .text.I2C_HAL_Init
                0x00000000000026a6       0x1c ../lib/release/libksdk_platform.a(fsl_i2c_hal.c.obj)
                0x00000000000026a6                I2C_HAL_Init
 *fill*         0x00000000000026c2        0x2 
 .text.I2C_HAL_SetBaudRate
                0x00000000000026c4       0x8c ../lib/release/libksdk_platform.a(fsl_i2c_hal.c.obj)
                0x00000000000026c4                I2C_HAL_SetBaudRate
 .text.I2C_HAL_SendStart
                0x0000000000002750       0x24 ../lib/release/libksdk_platform.a(fsl_i2c_hal.c.obj)
                0x0000000000002750                I2C_HAL_SendStart
 .text.I2C_HAL_SendStop
                0x0000000000002774       0x32 ../lib/release/libksdk_platform.a(fsl_i2c_hal.c.obj)
                0x0000000000002774                I2C_HAL_SendStop
 .text.SPI_HAL_Init
                0x00000000000027a6        0xe ../lib/release/libksdk_platform.a(fsl_spi_hal.c.obj)
                0x00000000000027a6                SPI_HAL_Init
 .text.SPI_HAL_SetBaud
                0x00000000000027b4       0x6e ../lib/release/libksdk_platform.a(fsl_spi_hal.c.obj)
                0x00000000000027b4                SPI_HAL_SetBaud
 .text.SPI_HAL_SetSlaveSelectOutputMode
                0x0000000000002822       0x24 ../lib/release/libksdk_platform.a(fsl_spi_hal.c.obj)
                0x0000000000002822                SPI_HAL_SetSlaveSelectOutputMode
 .text.SPI_HAL_SetDataFormat
                0x0000000000002846       0x26 ../lib/release/libksdk_platform.a(fsl_spi_hal.c.obj)
                0x0000000000002846                SPI_HAL_SetDataFormat
 .text.SPI_HAL_SetPinMode
                0x000000000000286c       0x1e ../lib/release/libksdk_platform.a(fsl_spi_hal.c.obj)
                0x000000000000286c                SPI_HAL_SetPinMode
 .text.SPI_HAL_SetIntMode
                0x000000000000288a       0x2a ../lib/release/libksdk_platform.a(fsl_spi_hal.c.obj)
                0x000000000000288a                SPI_HAL_SetIntMode
 .text.__errno  0x00000000000028b4        0xc /Applications/ARM/bin/../lib/gcc/arm-none-eabi/10.3.1/../../../../arm-none-eabi/lib/thumb/v6-m/nofp/libc_nano.a(lib_a-errno.o)
                0x00000000000028b4                __errno
 .text.exit     0x00000000000028c0       0x2c /Applications/ARM/bin/../lib/gcc/arm-none-eabi/10.3.1/../../../../arm-none-eabi/lib/thumb/v6-m/nofp/libc_nano.a(lib_a-exit.o)
                0x00000000000028c0                exit
 .text.__libc_init_array
                0x00000000000028ec       0x48 /Applications/ARM/bin/../lib/gcc/arm-none-eabi/10.3.1/../../../../arm-none-eabi/lib/thumb/v6-m/nofp/libc_nano.a(lib_a-init.o)
                0x00000000000028ec                __libc_init_array
 .text.malloc   0x0000000000002934       0x14 /Applications/ARM/bin/../lib/gcc/arm-none-eabi/10.3.1/../../../../arm-none-eabi/lib/thumb/v6-m/nofp/libc_nano.a(lib_a-malloc.o)
                0x0000000000002934                malloc
 .text.memset   0x0000000000002948       0x10 /Applications/ARM/bin/../lib/gcc/arm-none-eabi/10.3.1/../../../../arm-none-eabi/lib/thumb/v6-m/nofp/libc_nano.a(lib_a-memset.o)
                0x0000000000002948                memset
 .text._free_r  0x0000000000002958       0x94 /Applications/ARM/bin/../lib/gcc/arm-none-eabi/10.3.1/../../../../arm-none-eabi/lib/thumb/v6-m/nofp/libc_nano.a(lib_a-nano-freer.o)
                0x0000000000002958                _free_r
 .text.sbrk_aligned
                0x00000000000029ec       0x44 /Applications/ARM/bin/../lib/gcc/arm-none-eabi/10.3.1/../../../../arm-none-eabi/lib/thumb/v6-m/nofp/libc_nano.a(lib_a-nano-mallocr.o)
 .text._malloc_r
                0x0000000000002a30       0xec /Applications/ARM/bin/../lib/gcc/arm-none-eabi/10.3.1/../../../../arm-none-eabi/lib/thumb/v6-m/nofp/libc_nano.a(lib_a-nano-mallocr.o)
                0x0000000000002a30                _malloc_r
 .text.srand    0x0000000000002b1c       0x60 /Applications/ARM/bin/../lib/gcc/arm-none-eabi/10.3.1/../../../../arm-none-eabi/lib/thumb/v6-m/nofp/libc_nano.a(lib_a-rand.o)
                0x0000000000002b1c                srand
 .text.rand     0x0000000000002b7c       0x7c /Applications/ARM/bin/../lib/gcc/arm-none-eabi/10.3.1/../../../../arm-none-eabi/lib/thumb/v6-m/nofp/libc_nano.a(lib_a-rand.o)
                0x0000000000002b7c                rand
 .text._sbrk_r  0x0000000000002bf8       0x24 /Applications/ARM/bin/../lib/gcc/arm-none-eabi/10.3.1/../../../../arm-none-eabi/lib/thumb/v6-m/nofp/libc_nano.a(lib_a-sbrkr.o)
                0x0000000000002bf8                _sbrk_r
 .text.time     0x0000000000002c1c       0x34 /Applications/ARM/bin/../lib/gcc/arm-none-eabi/10.3.1/../../../../arm-none-eabi/lib/thumb/v6-m/nofp/libc_nano.a(lib_a-time.o)
                0x0000000000002c1c                time
 .text.__assert_func
                0x0000000000002c50       0x3c /Applications/ARM/bin/../lib/gcc/arm-none-eabi/10.3.1/../../../../arm-none-eabi/lib/thumb/v6-m/nofp/libc_nano.a(lib_a-assert.o)
                0x0000000000002c50                __assert_func
 .text.fprintf  0x0000000000002c8c       0x20 /Applications/ARM/bin/../lib/gcc/arm-none-eabi/10.3.1/../../../../arm-none-eabi/lib/thumb/v6-m/nofp/libc_nano.a(lib_a-fprintf.o)
                0x0000000000002c8c                fprintf
                0x0000000000002c8c                fiprintf
 .text._gettimeofday_r
                0x0000000000002cac       0x24 /Applications/ARM/bin/../lib/gcc/arm-none-eabi/10.3.1/../../../../arm-none-eabi/lib/thumb/v6-m/nofp/libc_nano.a(lib_a-gettimeofdayr.o)
                0x0000000000002cac                _gettimeofday_r
 .text.__malloc_lock
                0x0000000000002cd0       0x10 /Applications/ARM/bin/../lib/gcc/arm-none-eabi/10.3.1/../../../../arm-none-eabi/lib/thumb/v6-m/nofp/libc_nano.a(lib_a-mlock.o)
                0x0000000000002cd0                __malloc_lock
 .text.__malloc_unlock
                0x0000000000002ce0       0x10 /Applications/ARM/bin/../lib/gcc/arm-none-eabi/10.3.1/../../../../arm-none-eabi/lib/thumb/v6-m/nofp/libc_nano.a(lib_a-mlock.o)
                0x0000000000002ce0                __malloc_unlock
 .text.__sfputc_r
                0x0000000000002cf0       0x2a /Applications/ARM/bin/../lib/gcc/arm-none-eabi/10.3.1/../../../../arm-none-eabi/lib/thumb/v6-m/nofp/libc_nano.a(lib_a-nano-vfprintf.o)
 .text.__sfputs_r
                0x0000000000002d1a       0x24 /Applications/ARM/bin/../lib/gcc/arm-none-eabi/10.3.1/../../../../arm-none-eabi/lib/thumb/v6-m/nofp/libc_nano.a(lib_a-nano-vfprintf.o)
                0x0000000000002d1a                __sfputs_r
 *fill*         0x0000000000002d3e        0x2 
 .text._vfprintf_r
                0x0000000000002d40      0x274 /Applications/ARM/bin/../lib/gcc/arm-none-eabi/10.3.1/../../../../arm-none-eabi/lib/thumb/v6-m/nofp/libc_nano.a(lib_a-nano-vfprintf.o)
                0x0000000000002d40                _vfiprintf_r
                0x0000000000002d40                _vfprintf_r
 .text._printf_common
                0x0000000000002fb4       0xde /Applications/ARM/bin/../lib/gcc/arm-none-eabi/10.3.1/../../../../arm-none-eabi/lib/thumb/v6-m/nofp/libc_nano.a(lib_a-nano-vfprintf_i.o)
                0x0000000000002fb4                _printf_common
 *fill*         0x0000000000003092        0x2 
 .text._printf_i
                0x0000000000003094      0x224 /Applications/ARM/bin/../lib/gcc/arm-none-eabi/10.3.1/../../../../arm-none-eabi/lib/thumb/v6-m/nofp/libc_nano.a(lib_a-nano-vfprintf_i.o)
                0x0000000000003094                _printf_i
 .text.__swbuf_r
                0x00000000000032b8       0xac /Applications/ARM/bin/../lib/gcc/arm-none-eabi/10.3.1/../../../../arm-none-eabi/lib/thumb/v6-m/nofp/libc_nano.a(lib_a-wbuf.o)
                0x00000000000032b8                __swbuf_r
 .text.__swsetup_r
                0x0000000000003364       0xf0 /Applications/ARM/bin/../lib/gcc/arm-none-eabi/10.3.1/../../../../arm-none-eabi/lib/thumb/v6-m/nofp/libc_nano.a(lib_a-wsetup.o)
                0x0000000000003364                __swsetup_r
 .text.abort    0x0000000000003454        0xe /Applications/ARM/bin/../lib/gcc/arm-none-eabi/10.3.1/../../../../arm-none-eabi/lib/thumb/v6-m/nofp/libc_nano.a(lib_a-abort.o)
                0x0000000000003454                abort
 *fill*         0x0000000000003462        0x2 
 .text.__sflush_r
                0x0000000000003464      0x118 /Applications/ARM/bin/../lib/gcc/arm-none-eabi/10.3.1/../../../../arm-none-eabi/lib/thumb/v6-m/nofp/libc_nano.a(lib_a-fflush.o)
                0x0000000000003464                __sflush_r
 .text._fflush_r
                0x000000000000357c       0x80 /Applications/ARM/bin/../lib/gcc/arm-none-eabi/10.3.1/../../../../arm-none-eabi/lib/thumb/v6-m/nofp/libc_nano.a(lib_a-fflush.o)
                0x000000000000357c                _fflush_r
 .text.std      0x00000000000035fc       0x48 /Applications/ARM/bin/../lib/gcc/arm-none-eabi/10.3.1/../../../../arm-none-eabi/lib/thumb/v6-m/nofp/libc_nano.a(lib_a-findfp.o)
 .text._cleanup_r
                0x0000000000003644       0x10 /Applications/ARM/bin/../lib/gcc/arm-none-eabi/10.3.1/../../../../arm-none-eabi/lib/thumb/v6-m/nofp/libc_nano.a(lib_a-findfp.o)
                0x0000000000003644                _cleanup_r
 .text.__sfmoreglue
                0x0000000000003654       0x2c /Applications/ARM/bin/../lib/gcc/arm-none-eabi/10.3.1/../../../../arm-none-eabi/lib/thumb/v6-m/nofp/libc_nano.a(lib_a-findfp.o)
                0x0000000000003654                __sfmoreglue
 .text.__sfp_lock_acquire
                0x0000000000003680       0x10 /Applications/ARM/bin/../lib/gcc/arm-none-eabi/10.3.1/../../../../arm-none-eabi/lib/thumb/v6-m/nofp/libc_nano.a(lib_a-findfp.o)
                0x0000000000003680                __sfp_lock_acquire
 .text.__sfp_lock_release
                0x0000000000003690       0x10 /Applications/ARM/bin/../lib/gcc/arm-none-eabi/10.3.1/../../../../arm-none-eabi/lib/thumb/v6-m/nofp/libc_nano.a(lib_a-findfp.o)
                0x0000000000003690                __sfp_lock_release
 .text.__sinit_lock_acquire
                0x00000000000036a0       0x10 /Applications/ARM/bin/../lib/gcc/arm-none-eabi/10.3.1/../../../../arm-none-eabi/lib/thumb/v6-m/nofp/libc_nano.a(lib_a-findfp.o)
                0x00000000000036a0                __sinit_lock_acquire
 .text.__sinit_lock_release
                0x00000000000036b0       0x10 /Applications/ARM/bin/../lib/gcc/arm-none-eabi/10.3.1/../../../../arm-none-eabi/lib/thumb/v6-m/nofp/libc_nano.a(lib_a-findfp.o)
                0x00000000000036b0                __sinit_lock_release
 .text.__sinit  0x00000000000036c0       0x70 /Applications/ARM/bin/../lib/gcc/arm-none-eabi/10.3.1/../../../../arm-none-eabi/lib/thumb/v6-m/nofp/libc_nano.a(lib_a-findfp.o)
                0x00000000000036c0                __sinit
 .text.__sfp    0x0000000000003730       0x90 /Applications/ARM/bin/../lib/gcc/arm-none-eabi/10.3.1/../../../../arm-none-eabi/lib/thumb/v6-m/nofp/libc_nano.a(lib_a-findfp.o)
                0x0000000000003730                __sfp
 .text._fwalk_reent
                0x00000000000037c0       0x40 /Applications/ARM/bin/../lib/gcc/arm-none-eabi/10.3.1/../../../../arm-none-eabi/lib/thumb/v6-m/nofp/libc_nano.a(lib_a-fwalk.o)
                0x00000000000037c0                _fwalk_reent
 .text.__retarget_lock_init_recursive
                0x0000000000003800        0x2 /Applications/ARM/bin/../lib/gcc/arm-none-eabi/10.3.1/../../../../arm-none-eabi/lib/thumb/v6-m/nofp/libc_nano.a(lib_a-lock.o)
                0x0000000000003800                __retarget_lock_init_recursive
 .text.__retarget_lock_acquire_recursive
                0x0000000000003802        0x2 /Applications/ARM/bin/../lib/gcc/arm-none-eabi/10.3.1/../../../../arm-none-eabi/lib/thumb/v6-m/nofp/libc_nano.a(lib_a-lock.o)
                0x0000000000003802                __retarget_lock_acquire_recursive
 .text.__retarget_lock_release_recursive
                0x0000000000003804        0x2 /Applications/ARM/bin/../lib/gcc/arm-none-eabi/10.3.1/../../../../arm-none-eabi/lib/thumb/v6-m/nofp/libc_nano.a(lib_a-lock.o)
                0x0000000000003804                __retarget_lock_release_recursive
 *fill*         0x0000000000003806        0x2 
 .text.__swhatbuf_r
                0x0000000000003808       0x50 /Applications/ARM/bin/../lib/gcc/arm-none-eabi/10.3.1/../../../../arm-none-eabi/lib/thumb/v6-m/nofp/libc_nano.a(lib_a-makebuf.o)
                0x0000000000003808                __swhatbuf_r
 .text.__smakebuf_r
                0x0000000000003858       0x88 /Applications/ARM/bin/../lib/gcc/arm-none-eabi/10.3.1/../../../../arm-none-eabi/lib/thumb/v6-m/nofp/libc_nano.a(lib_a-makebuf.o)
                0x0000000000003858                __smakebuf_r
 .text.memchr   0x00000000000038e0       0x16 /Applications/ARM/bin/../lib/gcc/arm-none-eabi/10.3.1/../../../../arm-none-eabi/lib/thumb/v6-m/nofp/libc_nano.a(lib_a-memchr-stub.o)
                0x00000000000038e0                memchr
 .text._raise_r
                0x00000000000038f6       0x54 /Applications/ARM/bin/../lib/gcc/arm-none-eabi/10.3.1/../../../../arm-none-eabi/lib/thumb/v6-m/nofp/libc_nano.a(lib_a-signal.o)
                0x00000000000038f6                _raise_r
 *fill*         0x000000000000394a        0x2 
 .text.raise    0x000000000000394c       0x14 /Applications/ARM/bin/../lib/gcc/arm-none-eabi/10.3.1/../../../../arm-none-eabi/lib/thumb/v6-m/nofp/libc_nano.a(lib_a-signal.o)
                0x000000000000394c                raise
 .text._kill_r  0x0000000000003960       0x24 /Applications/ARM/bin/../lib/gcc/arm-none-eabi/10.3.1/../../../../arm-none-eabi/lib/thumb/v6-m/nofp/libc_nano.a(lib_a-signalr.o)
                0x0000000000003960                _kill_r
 .text._getpid_r
                0x0000000000003984        0x8 /Applications/ARM/bin/../lib/gcc/arm-none-eabi/10.3.1/../../../../arm-none-eabi/lib/thumb/v6-m/nofp/libc_nano.a(lib_a-signalr.o)
                0x0000000000003984                _getpid_r
 .text.__sread  0x000000000000398c       0x28 /Applications/ARM/bin/../lib/gcc/arm-none-eabi/10.3.1/../../../../arm-none-eabi/lib/thumb/v6-m/nofp/libc_nano.a(lib_a-stdio.o)
                0x000000000000398c                __sread
 .text.__swrite
                0x00000000000039b4       0x38 /Applications/ARM/bin/../lib/gcc/arm-none-eabi/10.3.1/../../../../arm-none-eabi/lib/thumb/v6-m/nofp/libc_nano.a(lib_a-stdio.o)
                0x00000000000039b4                __swrite
 .text.__sseek  0x00000000000039ec       0x2c /Applications/ARM/bin/../lib/gcc/arm-none-eabi/10.3.1/../../../../arm-none-eabi/lib/thumb/v6-m/nofp/libc_nano.a(lib_a-stdio.o)
                0x00000000000039ec                __sseek
 .text.__sclose
                0x0000000000003a18        0xc /Applications/ARM/bin/../lib/gcc/arm-none-eabi/10.3.1/../../../../arm-none-eabi/lib/thumb/v6-m/nofp/libc_nano.a(lib_a-stdio.o)
                0x0000000000003a18                __sclose
 .text._write_r
                0x0000000000003a24       0x28 /Applications/ARM/bin/../lib/gcc/arm-none-eabi/10.3.1/../../../../arm-none-eabi/lib/thumb/v6-m/nofp/libc_nano.a(lib_a-writer.o)
                0x0000000000003a24                _write_r
 .text._close_r
                0x0000000000003a4c       0x24 /Applications/ARM/bin/../lib/gcc/arm-none-eabi/10.3.1/../../../../arm-none-eabi/lib/thumb/v6-m/nofp/libc_nano.a(lib_a-closer.o)
                0x0000000000003a4c                _close_r
 .text._fstat_r
                0x0000000000003a70       0x24 /Applications/ARM/bin/../lib/gcc/arm-none-eabi/10.3.1/../../../../arm-none-eabi/lib/thumb/v6-m/nofp/libc_nano.a(lib_a-fstatr.o)
                0x0000000000003a70                _fstat_r
 .text._isatty_r
                0x0000000000003a94       0x24 /Applications/ARM/bin/../lib/gcc/arm-none-eabi/10.3.1/../../../../arm-none-eabi/lib/thumb/v6-m/nofp/libc_nano.a(lib_a-isattyr.o)
                0x0000000000003a94                _isatty_r
 .text._lseek_r
                0x0000000000003ab8       0x28 /Applications/ARM/bin/../lib/gcc/arm-none-eabi/10.3.1/../../../../arm-none-eabi/lib/thumb/v6-m/nofp/libc_nano.a(lib_a-lseekr.o)
                0x0000000000003ab8                _lseek_r
 .text._read_r  0x0000000000003ae0       0x28 /Applications/ARM/bin/../lib/gcc/arm-none-eabi/10.3.1/../../../../arm-none-eabi/lib/thumb/v6-m/nofp/libc_nano.a(lib_a-readr.o)
                0x0000000000003ae0                _read_r
 .text._close   0x0000000000003b08       0x10 /Applications/ARM/bin/../lib/gcc/arm-none-eabi/10.3.1/../../../../arm-none-eabi/lib/thumb/v6-m/nofp/libnosys.a(close.o)
                0x0000000000003b08                _close
 .text._fstat   0x0000000000003b18       0x10 /Applications/ARM/bin/../lib/gcc/arm-none-eabi/10.3.1/../../../../arm-none-eabi/lib/thumb/v6-m/nofp/libnosys.a(fstat.o)
                0x0000000000003b18                _fstat
 .text._getpid  0x0000000000003b28       0x10 /Applications/ARM/bin/../lib/gcc/arm-none-eabi/10.3.1/../../../../arm-none-eabi/lib/thumb/v6-m/nofp/libnosys.a(getpid.o)
                0x0000000000003b28                _getpid
 .text._gettimeofday
                0x0000000000003b38       0x10 /Applications/ARM/bin/../lib/gcc/arm-none-eabi/10.3.1/../../../../arm-none-eabi/lib/thumb/v6-m/nofp/libnosys.a(gettod.o)
                0x0000000000003b38                _gettimeofday
 .text._isatty  0x0000000000003b48       0x10 /Applications/ARM/bin/../lib/gcc/arm-none-eabi/10.3.1/../../../../arm-none-eabi/lib/thumb/v6-m/nofp/libnosys.a(isatty.o)
                0x0000000000003b48                _isatty
 .text._kill    0x0000000000003b58       0x10 /Applications/ARM/bin/../lib/gcc/arm-none-eabi/10.3.1/../../../../arm-none-eabi/lib/thumb/v6-m/nofp/libnosys.a(kill.o)
                0x0000000000003b58                _kill
 .text._lseek   0x0000000000003b68       0x10 /Applications/ARM/bin/../lib/gcc/arm-none-eabi/10.3.1/../../../../arm-none-eabi/lib/thumb/v6-m/nofp/libnosys.a(lseek.o)
                0x0000000000003b68                _lseek
 .text._exit    0x0000000000003b78        0x4 /Applications/ARM/bin/../lib/gcc/arm-none-eabi/10.3.1/../../../../arm-none-eabi/lib/thumb/v6-m/nofp/libnosys.a(_exit.o)
                0x0000000000003b78                _exit
 *(.rodata)
 *(.rodata*)
 .rodata.accel_init.str1.1
                0x0000000000003b7c       0x63 CMakeFiles/kw565-coursework-5.dir/Users/kuiwang/Documents/kw565_cw5_FromGit/kw565-coursework-5/source/accel.c.obj
 .rodata.fxos_init.str1.1
                0x0000000000003bdf       0x6e CMakeFiles/kw565-coursework-5.dir/Users/kuiwang/Documents/kw565_cw5_FromGit/kw565-coursework-5/source/fxos_api.c.obj
 .rodata.portGateTable
                0x0000000000003c4d        0x2 ../lib/release/libksdk_platform.a(fsl_clock_MKL03Z4.c.obj)
 *fill*         0x0000000000003c4f        0x1 
 .rodata.g_i2cBase
                0x0000000000003c50        0x4 ../lib/release/libksdk_platform.a(fsl_i2c_common.c.obj)
                0x0000000000003c50                g_i2cBase
 .rodata.g_i2cIrqId
                0x0000000000003c54        0x1 ../lib/release/libksdk_platform.a(fsl_i2c_common.c.obj)
                0x0000000000003c54                g_i2cIrqId
 *fill*         0x0000000000003c55        0x3 
 .rodata.g_spiBase
                0x0000000000003c58        0x4 ../lib/release/libksdk_platform.a(fsl_spi_common.c.obj)
                0x0000000000003c58                g_spiBase
 .rodata.g_spiIrqId
                0x0000000000003c5c        0x1 ../lib/release/libksdk_platform.a(fsl_spi_common.c.obj)
                0x0000000000003c5c                g_spiIrqId
 *fill*         0x0000000000003c5d        0x3 
 .rodata.g_gpioBase
                0x0000000000003c60        0x8 ../lib/release/libksdk_platform.a(fsl_gpio_common.c.obj)
                0x0000000000003c60                g_gpioBase
 .rodata.g_portBase
                0x0000000000003c68        0x8 ../lib/release/libksdk_platform.a(fsl_gpio_common.c.obj)
                0x0000000000003c68                g_portBase
 .rodata.g_portIrqId
                0x0000000000003c70        0x2 ../lib/release/libksdk_platform.a(fsl_gpio_common.c.obj)
                0x0000000000003c70                g_portIrqId
 .rodata.kI2CDividerTable
                0x0000000000003c72       0xc8 ../lib/release/libksdk_platform.a(fsl_i2c_hal.c.obj)
                0x0000000000003c72                kI2CDividerTable
 *fill*         0x0000000000003d3a        0x2 
 .rodata._global_impure_ptr
                0x0000000000003d3c        0x4 /Applications/ARM/bin/../lib/gcc/arm-none-eabi/10.3.1/../../../../arm-none-eabi/lib/thumb/v6-m/nofp/libc_nano.a(lib_a-impure.o)
                0x0000000000003d3c                _global_impure_ptr
 .rodata.srand.str1.1
                0x0000000000003d40       0x71 /Applications/ARM/bin/../lib/gcc/arm-none-eabi/10.3.1/../../../../arm-none-eabi/lib/thumb/v6-m/nofp/libc_nano.a(lib_a-rand.o)
 .rodata.__assert_func.str1.1
                0x0000000000003db1       0x3c /Applications/ARM/bin/../lib/gcc/arm-none-eabi/10.3.1/../../../../arm-none-eabi/lib/thumb/v6-m/nofp/libc_nano.a(lib_a-assert.o)
                                         0x3d (size before relaxing)
 .rodata._vfprintf_r.str1.1
                0x0000000000003ded       0x11 /Applications/ARM/bin/../lib/gcc/arm-none-eabi/10.3.1/../../../../arm-none-eabi/lib/thumb/v6-m/nofp/libc_nano.a(lib_a-nano-vfprintf.o)
 .rodata._printf_i.str1.1
                0x0000000000003dfe       0x22 /Applications/ARM/bin/../lib/gcc/arm-none-eabi/10.3.1/../../../../arm-none-eabi/lib/thumb/v6-m/nofp/libc_nano.a(lib_a-nano-vfprintf_i.o)
 .rodata.__sf_fake_stderr
                0x0000000000003e20       0x20 /Applications/ARM/bin/../lib/gcc/arm-none-eabi/10.3.1/../../../../arm-none-eabi/lib/thumb/v6-m/nofp/libc_nano.a(lib_a-findfp.o)
                0x0000000000003e20                __sf_fake_stderr
 .rodata.__sf_fake_stdin
                0x0000000000003e40       0x20 /Applications/ARM/bin/../lib/gcc/arm-none-eabi/10.3.1/../../../../arm-none-eabi/lib/thumb/v6-m/nofp/libc_nano.a(lib_a-findfp.o)
                0x0000000000003e40                __sf_fake_stdin
 .rodata.__sf_fake_stdout
                0x0000000000003e60       0x20 /Applications/ARM/bin/../lib/gcc/arm-none-eabi/10.3.1/../../../../arm-none-eabi/lib/thumb/v6-m/nofp/libc_nano.a(lib_a-findfp.o)
                0x0000000000003e60                __sf_fake_stdout
 *(.glue_7)
 .glue_7        0x0000000000003e80        0x0 linker stubs
 *(.glue_7t)
 .glue_7t       0x0000000000003e80        0x0 linker stubs
 *(.eh_frame)
 .eh_frame      0x0000000000003e80        0x0 /Applications/ARM/bin/../lib/gcc/arm-none-eabi/10.3.1/thumb/v6-m/nofp/crtbegin.o
 *(.init)
 .init          0x0000000000003e80        0x4 /Applications/ARM/bin/../lib/gcc/arm-none-eabi/10.3.1/thumb/v6-m/nofp/crti.o
                0x0000000000003e80                _init
 .init          0x0000000000003e84        0x8 /Applications/ARM/bin/../lib/gcc/arm-none-eabi/10.3.1/thumb/v6-m/nofp/crtn.o
 *(.fini)
 .fini          0x0000000000003e8c        0x4 /Applications/ARM/bin/../lib/gcc/arm-none-eabi/10.3.1/thumb/v6-m/nofp/crti.o
                0x0000000000003e8c                _fini
 .fini          0x0000000000003e90        0x8 /Applications/ARM/bin/../lib/gcc/arm-none-eabi/10.3.1/thumb/v6-m/nofp/crtn.o
                0x0000000000003e98                . = ALIGN (0x4)

.vfp11_veneer   0x0000000000003e98        0x0
 .vfp11_veneer  0x0000000000003e98        0x0 linker stubs

.v4_bx          0x0000000000003e98        0x0
 .v4_bx         0x0000000000003e98        0x0 linker stubs

.iplt           0x0000000000003e98        0x0
 .iplt          0x0000000000003e98        0x0 /Applications/ARM/bin/../lib/gcc/arm-none-eabi/10.3.1/thumb/v6-m/nofp/crtbegin.o

.ARM.extab
 *(.ARM.extab* .gnu.linkonce.armextab.*)

.ARM            0x0000000000003e98        0x8
                0x0000000000003e98                __exidx_start = .
 *(.ARM.exidx*)
 .ARM.exidx     0x0000000000003e98        0x8 /Applications/ARM/bin/../lib/gcc/arm-none-eabi/10.3.1/../../../../arm-none-eabi/lib/thumb/v6-m/nofp/crt0.o
                                         0x10 (size before relaxing)
                0x0000000000003ea0                __exidx_end = .

.rel.dyn        0x0000000000003ea0        0x0
 .rel.iplt      0x0000000000003ea0        0x0 /Applications/ARM/bin/../lib/gcc/arm-none-eabi/10.3.1/thumb/v6-m/nofp/crtbegin.o

.ctors          0x0000000000003ea0        0x0
                0x0000000000003ea0                __CTOR_LIST__ = .
 *crtbegin.o(.ctors)
 *crtbegin?.o(.ctors)
 *(EXCLUDE_FILE(*crtend.o *crtend?.o) .ctors)
 *(SORT_BY_NAME(.ctors.*))
 *(.ctors)
                0x0000000000003ea0                __CTOR_END__ = .

.dtors          0x0000000000003ea0        0x0
                0x0000000000003ea0                __DTOR_LIST__ = .
 *crtbegin.o(.dtors)
 *crtbegin?.o(.dtors)
 *(EXCLUDE_FILE(*crtend.o *crtend?.o) .dtors)
 *(SORT_BY_NAME(.dtors.*))
 *(.dtors)
                0x0000000000003ea0                __DTOR_END__ = .

.preinit_array  0x0000000000003ea0        0x0
                0x0000000000003ea0                PROVIDE (__preinit_array_start = .)
 *(.preinit_array*)
                0x0000000000003ea0                PROVIDE (__preinit_array_end = .)

.init_array     0x0000000000003ea0        0x4
                0x0000000000003ea0                PROVIDE (__init_array_start = .)
 *(SORT_BY_NAME(.init_array.*))
 *(.init_array*)
 .init_array    0x0000000000003ea0        0x4 /Applications/ARM/bin/../lib/gcc/arm-none-eabi/10.3.1/thumb/v6-m/nofp/crtbegin.o
                0x0000000000003ea4                PROVIDE (__init_array_end = .)

.fini_array     0x0000000000003ea4        0x4
                [!provide]                        PROVIDE (__fini_array_start = .)
 *(SORT_BY_NAME(.fini_array.*))
 *(.fini_array*)
 .fini_array    0x0000000000003ea4        0x4 /Applications/ARM/bin/../lib/gcc/arm-none-eabi/10.3.1/thumb/v6-m/nofp/crtbegin.o
                [!provide]                        PROVIDE (__fini_array_end = .)
                0x0000000000003ea8                __etext = .
                0x0000000000003ea8                __DATA_ROM = .

.mtb            0x000000001ffffe00        0x0
                0x000000001ffffe00                . = ALIGN (0x8)
                0x000000001ffffe00                _mtb_start = .
 *(.mtb_buf)
                0x000000001ffffe00                . = ALIGN (0x8)
                0x000000001ffffe00                _mtb_end = .

.interrupts_ram
                0x000000001ffffe00        0x0
                0x000000001ffffe00                . = ALIGN (0x4)
                0x000000001ffffe00                __VECTOR_RAM__ = .
                0x000000001ffffe00                __interrupts_ram_start__ = .
 *(.m_interrupts_ram)
                0x000000001ffffe00                . = (. + M_VECTOR_RAM_SIZE)
                0x000000001ffffe00                . = ALIGN (0x4)
                0x000000001ffffe00                __interrupts_ram_end__ = .
                0x0000000000000000                __VECTOR_RAM = DEFINED (__ram_vector_table__)?__VECTOR_RAM__:ORIGIN (m_interrupts)
                0x0000000000000000                __RAM_VECTOR_TABLE_SIZE_BYTES = DEFINED (__ram_vector_table__)?(__interrupts_ram_end__ - __interrupts_ram_start__):0x0

.data           0x000000001ffffe00       0x98 load address 0x0000000000003ea8
                0x000000001ffffe00                . = ALIGN (0x4)
                0x000000001ffffe00                __DATA_RAM = .
                0x000000001ffffe00                __data_start__ = .
 *(.data)
 *(.data*)
 .data.angleTable
                0x000000001ffffe00       0x32 CMakeFiles/kw565-coursework-5.dir/Users/kuiwang/Documents/kw565_cw5_FromGit/kw565-coursework-5/source/main.c.obj
                0x000000001ffffe00                angleTable
 .data.x_arrow  0x000000001ffffe32        0x1 CMakeFiles/kw565-coursework-5.dir/Users/kuiwang/Documents/kw565_cw5_FromGit/kw565-coursework-5/source/main.c.obj
                0x000000001ffffe32                x_arrow
 .data.y_arrow  0x000000001ffffe33        0x1 CMakeFiles/kw565-coursework-5.dir/Users/kuiwang/Documents/kw565_cw5_FromGit/kw565-coursework-5/source/main.c.obj
                0x000000001ffffe33                y_arrow
 .data._impure_ptr
                0x000000001ffffe34        0x4 /Applications/ARM/bin/../lib/gcc/arm-none-eabi/10.3.1/../../../../arm-none-eabi/lib/thumb/v6-m/nofp/libc_nano.a(lib_a-impure.o)
                0x000000001ffffe34                _impure_ptr
 .data.impure_data
                0x000000001ffffe38       0x60 /Applications/ARM/bin/../lib/gcc/arm-none-eabi/10.3.1/../../../../arm-none-eabi/lib/thumb/v6-m/nofp/libc_nano.a(lib_a-impure.o)
 *(.jcr*)
                0x000000001ffffe98                . = ALIGN (0x4)
                0x000000001ffffe98                __data_end__ = .
                0x0000000000003f40                __DATA_END = (__DATA_ROM + (__data_end__ - __data_start__))
                0x0000000000008000                text_end = (ORIGIN (m_text) + LENGTH (m_text))
                0x0000000000000001                ASSERT ((__DATA_END <= text_end), region m_text overflowed with text and data)

.igot.plt       0x000000001ffffe98        0x0 load address 0x0000000000003f40
 .igot.plt      0x000000001ffffe98        0x0 /Applications/ARM/bin/../lib/gcc/arm-none-eabi/10.3.1/thumb/v6-m/nofp/crtbegin.o

.bss            0x000000001ffffe98       0xf8 load address 0x0000000000003f40
                0x000000001ffffe98                . = ALIGN (0x4)
                0x000000001ffffe98                __START_BSS = .
                0x000000001ffffe98                __bss_start__ = .
 *(.bss)
 .bss           0x000000001ffffe98       0x1c /Applications/ARM/bin/../lib/gcc/arm-none-eabi/10.3.1/thumb/v6-m/nofp/crtbegin.o
 *(.bss*)
 .bss.heap_end.0
                0x000000001ffffeb4        0x4 CMakeFiles/kw565-coursework-5.dir/Users/kuiwang/Documents/kw565_cw5_FromGit/kw565-coursework-5/platform/utilities/src/fsl_misc_utilities.c.obj
 .bss.inBuffer  0x000000001ffffeb8       0x20 CMakeFiles/kw565-coursework-5.dir/Users/kuiwang/Documents/kw565_cw5_FromGit/kw565-coursework-5/source/main.c.obj
                0x000000001ffffeb8                inBuffer
 .bss.isButtonPress
                0x000000001ffffed8        0x1 CMakeFiles/kw565-coursework-5.dir/Users/kuiwang/Documents/kw565_cw5_FromGit/kw565-coursework-5/source/main.c.obj
                0x000000001ffffed8                isButtonPress
 .bss.payloadBytes
                0x000000001ffffed9       0x20 CMakeFiles/kw565-coursework-5.dir/Users/kuiwang/Documents/kw565_cw5_FromGit/kw565-coursework-5/source/main.c.obj
                0x000000001ffffed9                payloadBytes
 .bss.shot      0x000000001ffffef9        0x1 CMakeFiles/kw565-coursework-5.dir/Users/kuiwang/Documents/kw565_cw5_FromGit/kw565-coursework-5/source/main.c.obj
                0x000000001ffffef9                shot
 *fill*         0x000000001ffffefa        0x2 
 .bss.s_debugConsole
                0x000000001ffffefc       0x10 CMakeFiles/kw565-coursework-5.dir/Users/kuiwang/Documents/kw565_cw5_FromGit/kw565-coursework-5/platform/utilities/src/fsl_debug_console.c.obj
 .bss.g_freeTaskControlBlock
                0x000000001fffff0c        0x4 ../lib/release/libksdk_platform.a(fsl_os_abstraction_bm.c.obj)
 .bss.g_taskControlBlockPool
                0x000000001fffff10       0x50 ../lib/release/libksdk_platform.a(fsl_os_abstraction_bm.c.obj)
 .bss.g_taskListHead
                0x000000001fffff60       0x10 ../lib/release/libksdk_platform.a(fsl_os_abstraction_bm.c.obj)
 .bss.g_interruptDisableCount
                0x000000001fffff70        0x4 ../lib/release/libksdk_platform.a(fsl_interrupt_manager.c.obj)
                0x000000001fffff70                g_interruptDisableCount
 .bss.g_i2cStatePtr
                0x000000001fffff74        0x4 ../lib/release/libksdk_platform.a(fsl_i2c_common.c.obj)
                0x000000001fffff74                g_i2cStatePtr
 .bss.g_xtal0ClkFreq
                0x000000001fffff78        0x4 ../lib/release/libksdk_platform.a(fsl_mcglite_hal.c.obj)
                0x000000001fffff78                g_xtal0ClkFreq
 .bss.g_spiStatePtr
                0x000000001fffff7c        0x4 ../lib/release/libksdk_platform.a(fsl_spi_common.c.obj)
                0x000000001fffff7c                g_spiStatePtr
 .bss.__malloc_free_list
                0x000000001fffff80        0x4 /Applications/ARM/bin/../lib/gcc/arm-none-eabi/10.3.1/../../../../arm-none-eabi/lib/thumb/v6-m/nofp/libc_nano.a(lib_a-nano-mallocr.o)
                0x000000001fffff80                __malloc_free_list
 .bss.__malloc_sbrk_start
                0x000000001fffff84        0x4 /Applications/ARM/bin/../lib/gcc/arm-none-eabi/10.3.1/../../../../arm-none-eabi/lib/thumb/v6-m/nofp/libc_nano.a(lib_a-nano-mallocr.o)
                0x000000001fffff84                __malloc_sbrk_start
 .bss.errno     0x000000001fffff88        0x4 /Applications/ARM/bin/../lib/gcc/arm-none-eabi/10.3.1/../../../../arm-none-eabi/lib/thumb/v6-m/nofp/libc_nano.a(lib_a-reent.o)
                0x000000001fffff88                errno
 .bss.__lock___malloc_recursive_mutex
                0x000000001fffff8c        0x1 /Applications/ARM/bin/../lib/gcc/arm-none-eabi/10.3.1/../../../../arm-none-eabi/lib/thumb/v6-m/nofp/libc_nano.a(lib_a-lock.o)
                0x000000001fffff8c                __lock___malloc_recursive_mutex
 .bss.__lock___sfp_recursive_mutex
                0x000000001fffff8d        0x1 /Applications/ARM/bin/../lib/gcc/arm-none-eabi/10.3.1/../../../../arm-none-eabi/lib/thumb/v6-m/nofp/libc_nano.a(lib_a-lock.o)
                0x000000001fffff8d                __lock___sfp_recursive_mutex
 .bss.__lock___sinit_recursive_mutex
                0x000000001fffff8e        0x1 /Applications/ARM/bin/../lib/gcc/arm-none-eabi/10.3.1/../../../../arm-none-eabi/lib/thumb/v6-m/nofp/libc_nano.a(lib_a-lock.o)
                0x000000001fffff8e                __lock___sinit_recursive_mutex
 *(COMMON)
                0x000000001fffff90                . = ALIGN (0x4)
 *fill*         0x000000001fffff8f        0x1 
                0x000000001fffff90                __bss_end__ = .
                0x000000001fffff90                __END_BSS = .

.heap           0x000000001fffff90      0x200 load address 0x0000000000004038
                0x000000001fffff90                . = ALIGN (0x8)
                0x000000001fffff90                __end__ = .
                0x000000001fffff90                PROVIDE (end = .)
                0x000000001fffff90                __HeapBase = .
                0x0000000020000190                . = (. + HEAP_SIZE)
 *fill*         0x000000001fffff90      0x200 
                0x0000000020000190                __HeapLimit = .

.stack          0x0000000020000190      0x300 load address 0x0000000000004238
                0x0000000020000190                . = ALIGN (0x8)
                0x0000000020000490                . = (. + STACK_SIZE)
 *fill*         0x0000000020000190      0x300 
                0x0000000020000600                __StackTop = (ORIGIN (m_data) + LENGTH (m_data))
                0x0000000020000300                __StackLimit = (__StackTop - STACK_SIZE)
                0x0000000020000600                PROVIDE (__stack = __StackTop)

.ARM.attributes
                0x0000000000000000       0x28
 *(.ARM.attributes)
 .ARM.attributes
                0x0000000000000000       0x1e /Applications/ARM/bin/../lib/gcc/arm-none-eabi/10.3.1/thumb/v6-m/nofp/crti.o
 .ARM.attributes
                0x000000000000001e       0x2c /Applications/ARM/bin/../lib/gcc/arm-none-eabi/10.3.1/thumb/v6-m/nofp/crtbegin.o
 .ARM.attributes
                0x000000000000004a       0x1b /Applications/ARM/bin/../lib/gcc/arm-none-eabi/10.3.1/../../../../arm-none-eabi/lib/thumb/v6-m/nofp/crt0.o
 .ARM.attributes
                0x0000000000000065       0x2c CMakeFiles/kw565-coursework-5.dir/Users/kuiwang/Documents/kw565_cw5_FromGit/kw565-coursework-5/platform/utilities/src/fsl_misc_utilities.c.obj
 .ARM.attributes
                0x0000000000000091       0x1b CMakeFiles/kw565-coursework-5.dir/Users/kuiwang/Documents/kw565_cw5_FromGit/kw565-coursework-5/platform/devices/MKL03Z4/startup/gcc/startup_MKL03Z4.S.obj
 .ARM.attributes
                0x00000000000000ac       0x2c CMakeFiles/kw565-coursework-5.dir/Users/kuiwang/Documents/kw565_cw5_FromGit/kw565-coursework-5/source/main.c.obj
 .ARM.attributes
                0x00000000000000d8       0x2c CMakeFiles/kw565-coursework-5.dir/Users/kuiwang/Documents/kw565_cw5_FromGit/kw565-coursework-5/source/fsl_i2c_irq.c.obj
 .ARM.attributes
                0x0000000000000104       0x2c CMakeFiles/kw565-coursework-5.dir/Users/kuiwang/Documents/kw565_cw5_FromGit/kw565-coursework-5/source/accel.c.obj
 .ARM.attributes
                0x0000000000000130       0x2c CMakeFiles/kw565-coursework-5.dir/Users/kuiwang/Documents/kw565_cw5_FromGit/kw565-coursework-5/source/fxos_api.c.obj
 .ARM.attributes
                0x000000000000015c       0x2c CMakeFiles/kw565-coursework-5.dir/Users/kuiwang/Documents/kw565_cw5_FromGit/kw565-coursework-5/source/mma8451_api.c.obj
 .ARM.attributes
                0x0000000000000188       0x2c CMakeFiles/kw565-coursework-5.dir/Users/kuiwang/Documents/kw565_cw5_FromGit/kw565-coursework-5/source/fsl_spi_irq.c.obj
 .ARM.attributes
                0x00000000000001b4       0x2c CMakeFiles/kw565-coursework-5.dir/Users/kuiwang/Documents/kw565_cw5_FromGit/kw565-coursework-5/source/hardware_init.c.obj
 .ARM.attributes
                0x00000000000001e0       0x2c CMakeFiles/kw565-coursework-5.dir/Users/kuiwang/Documents/kw565_cw5_FromGit/kw565-coursework-5/source/pin_mux.c.obj
 .ARM.attributes
                0x000000000000020c       0x2c CMakeFiles/kw565-coursework-5.dir/Users/kuiwang/Documents/kw565_cw5_FromGit/kw565-coursework-5/platform/utilities/src/fsl_debug_console.c.obj
 .ARM.attributes
                0x0000000000000238       0x2c CMakeFiles/kw565-coursework-5.dir/Users/kuiwang/Documents/kw565_cw5_FromGit/kw565-coursework-5/platform/utilities/src/print_scan.c.obj
 .ARM.attributes
                0x0000000000000264       0x2c CMakeFiles/kw565-coursework-5.dir/Users/kuiwang/Documents/kw565_cw5_FromGit/kw565-coursework-5/platform/devices/MKL03Z4/startup/system_MKL03Z4.c.obj
 .ARM.attributes
                0x0000000000000290       0x2c CMakeFiles/kw565-coursework-5.dir/Users/kuiwang/Documents/kw565_cw5_FromGit/kw565-coursework-5/platform/devices/startup.c.obj
 .ARM.attributes
                0x00000000000002bc       0x2c ../lib/release/libksdk_platform.a(fsl_os_abstraction_bm.c.obj)
 .ARM.attributes
                0x00000000000002e8       0x2c ../lib/release/libksdk_platform.a(fsl_clock_MKL03Z4.c.obj)
 .ARM.attributes
                0x0000000000000314       0x2c ../lib/release/libksdk_platform.a(fsl_interrupt_manager.c.obj)
 .ARM.attributes
                0x0000000000000340       0x2c ../lib/release/libksdk_platform.a(fsl_gpio_driver.c.obj)
 .ARM.attributes
                0x000000000000036c       0x2c ../lib/release/libksdk_platform.a(fsl_i2c_shared_function.c.obj)
 .ARM.attributes
                0x0000000000000398       0x2c ../lib/release/libksdk_platform.a(fsl_i2c_common.c.obj)
 .ARM.attributes
                0x00000000000003c4       0x2c ../lib/release/libksdk_platform.a(fsl_i2c_master_driver.c.obj)
 .ARM.attributes
                0x00000000000003f0       0x2c ../lib/release/libksdk_platform.a(fsl_i2c_slave_driver.c.obj)
 .ARM.attributes
                0x000000000000041c       0x2c ../lib/release/libksdk_platform.a(fsl_lptmr_hal.c.obj)
 .ARM.attributes
                0x0000000000000448       0x2c ../lib/release/libksdk_platform.a(fsl_mcglite_hal.c.obj)
 .ARM.attributes
                0x0000000000000474       0x2c ../lib/release/libksdk_platform.a(fsl_spi_shared_function.c.obj)
 .ARM.attributes
                0x00000000000004a0       0x2c ../lib/release/libksdk_platform.a(fsl_spi_master_driver.c.obj)
 .ARM.attributes
                0x00000000000004cc       0x2c ../lib/release/libksdk_platform.a(fsl_spi_slave_driver.c.obj)
 .ARM.attributes
                0x00000000000004f8       0x2c ../lib/release/libksdk_platform.a(fsl_spi_common.c.obj)
 .ARM.attributes
                0x0000000000000524       0x2c ../lib/release/libksdk_platform.a(fsl_gpio_hal.c.obj)
 .ARM.attributes
                0x0000000000000550       0x2c ../lib/release/libksdk_platform.a(fsl_gpio_common.c.obj)
 .ARM.attributes
                0x000000000000057c       0x2c ../lib/release/libksdk_platform.a(fsl_i2c_hal.c.obj)
 .ARM.attributes
                0x00000000000005a8       0x2c ../lib/release/libksdk_platform.a(fsl_spi_hal.c.obj)
 .ARM.attributes
                0x00000000000005d4       0x2c /Applications/ARM/bin/../lib/gcc/arm-none-eabi/10.3.1/../../../../arm-none-eabi/lib/thumb/v6-m/nofp/libc_nano.a(lib_a-errno.o)
 .ARM.attributes
                0x0000000000000600       0x2c /Applications/ARM/bin/../lib/gcc/arm-none-eabi/10.3.1/../../../../arm-none-eabi/lib/thumb/v6-m/nofp/libc_nano.a(lib_a-exit.o)
 .ARM.attributes
                0x000000000000062c       0x2c /Applications/ARM/bin/../lib/gcc/arm-none-eabi/10.3.1/../../../../arm-none-eabi/lib/thumb/v6-m/nofp/libc_nano.a(lib_a-impure.o)
 .ARM.attributes
                0x0000000000000658       0x2c /Applications/ARM/bin/../lib/gcc/arm-none-eabi/10.3.1/../../../../arm-none-eabi/lib/thumb/v6-m/nofp/libc_nano.a(lib_a-init.o)
 .ARM.attributes
                0x0000000000000684       0x2c /Applications/ARM/bin/../lib/gcc/arm-none-eabi/10.3.1/../../../../arm-none-eabi/lib/thumb/v6-m/nofp/libc_nano.a(lib_a-malloc.o)
 .ARM.attributes
                0x00000000000006b0       0x2c /Applications/ARM/bin/../lib/gcc/arm-none-eabi/10.3.1/../../../../arm-none-eabi/lib/thumb/v6-m/nofp/libc_nano.a(lib_a-memset.o)
 .ARM.attributes
                0x00000000000006dc       0x2c /Applications/ARM/bin/../lib/gcc/arm-none-eabi/10.3.1/../../../../arm-none-eabi/lib/thumb/v6-m/nofp/libc_nano.a(lib_a-nano-freer.o)
 .ARM.attributes
                0x0000000000000708       0x2c /Applications/ARM/bin/../lib/gcc/arm-none-eabi/10.3.1/../../../../arm-none-eabi/lib/thumb/v6-m/nofp/libc_nano.a(lib_a-nano-mallocr.o)
 .ARM.attributes
                0x0000000000000734       0x2c /Applications/ARM/bin/../lib/gcc/arm-none-eabi/10.3.1/../../../../arm-none-eabi/lib/thumb/v6-m/nofp/libc_nano.a(lib_a-rand.o)
 .ARM.attributes
                0x0000000000000760       0x2c /Applications/ARM/bin/../lib/gcc/arm-none-eabi/10.3.1/../../../../arm-none-eabi/lib/thumb/v6-m/nofp/libc_nano.a(lib_a-sbrkr.o)
 .ARM.attributes
                0x000000000000078c       0x1c /Applications/ARM/bin/../lib/gcc/arm-none-eabi/10.3.1/../../../../arm-none-eabi/lib/thumb/v6-m/nofp/libc_nano.a(lib_a-strlen.o)
 .ARM.attributes
                0x00000000000007a8       0x2c /Applications/ARM/bin/../lib/gcc/arm-none-eabi/10.3.1/../../../../arm-none-eabi/lib/thumb/v6-m/nofp/libc_nano.a(lib_a-time.o)
 .ARM.attributes
                0x00000000000007d4       0x2c /Applications/ARM/bin/../lib/gcc/arm-none-eabi/10.3.1/../../../../arm-none-eabi/lib/thumb/v6-m/nofp/libc_nano.a(lib_a-assert.o)
 .ARM.attributes
                0x0000000000000800       0x2c /Applications/ARM/bin/../lib/gcc/arm-none-eabi/10.3.1/../../../../arm-none-eabi/lib/thumb/v6-m/nofp/libc_nano.a(lib_a-fprintf.o)
 .ARM.attributes
                0x000000000000082c       0x2c /Applications/ARM/bin/../lib/gcc/arm-none-eabi/10.3.1/../../../../arm-none-eabi/lib/thumb/v6-m/nofp/libc_nano.a(lib_a-gettimeofdayr.o)
 .ARM.attributes
                0x0000000000000858       0x2c /Applications/ARM/bin/../lib/gcc/arm-none-eabi/10.3.1/../../../../arm-none-eabi/lib/thumb/v6-m/nofp/libc_nano.a(lib_a-mlock.o)
 .ARM.attributes
                0x0000000000000884       0x2c /Applications/ARM/bin/../lib/gcc/arm-none-eabi/10.3.1/../../../../arm-none-eabi/lib/thumb/v6-m/nofp/libc_nano.a(lib_a-nano-vfprintf.o)
 .ARM.attributes
                0x00000000000008b0       0x2c /Applications/ARM/bin/../lib/gcc/arm-none-eabi/10.3.1/../../../../arm-none-eabi/lib/thumb/v6-m/nofp/libc_nano.a(lib_a-nano-vfprintf_i.o)
 .ARM.attributes
                0x00000000000008dc       0x2c /Applications/ARM/bin/../lib/gcc/arm-none-eabi/10.3.1/../../../../arm-none-eabi/lib/thumb/v6-m/nofp/libc_nano.a(lib_a-reent.o)
 .ARM.attributes
                0x0000000000000908       0x2c /Applications/ARM/bin/../lib/gcc/arm-none-eabi/10.3.1/../../../../arm-none-eabi/lib/thumb/v6-m/nofp/libc_nano.a(lib_a-wbuf.o)
 .ARM.attributes
                0x0000000000000934       0x2c /Applications/ARM/bin/../lib/gcc/arm-none-eabi/10.3.1/../../../../arm-none-eabi/lib/thumb/v6-m/nofp/libc_nano.a(lib_a-wsetup.o)
 .ARM.attributes
                0x0000000000000960       0x2c /Applications/ARM/bin/../lib/gcc/arm-none-eabi/10.3.1/../../../../arm-none-eabi/lib/thumb/v6-m/nofp/libc_nano.a(lib_a-abort.o)
 .ARM.attributes
                0x000000000000098c       0x2c /Applications/ARM/bin/../lib/gcc/arm-none-eabi/10.3.1/../../../../arm-none-eabi/lib/thumb/v6-m/nofp/libc_nano.a(lib_a-fflush.o)
 .ARM.attributes
                0x00000000000009b8       0x2c /Applications/ARM/bin/../lib/gcc/arm-none-eabi/10.3.1/../../../../arm-none-eabi/lib/thumb/v6-m/nofp/libc_nano.a(lib_a-findfp.o)
 .ARM.attributes
                0x00000000000009e4       0x2c /Applications/ARM/bin/../lib/gcc/arm-none-eabi/10.3.1/../../../../arm-none-eabi/lib/thumb/v6-m/nofp/libc_nano.a(lib_a-fwalk.o)
 .ARM.attributes
                0x0000000000000a10       0x2c /Applications/ARM/bin/../lib/gcc/arm-none-eabi/10.3.1/../../../../arm-none-eabi/lib/thumb/v6-m/nofp/libc_nano.a(lib_a-lock.o)
 .ARM.attributes
                0x0000000000000a3c       0x2c /Applications/ARM/bin/../lib/gcc/arm-none-eabi/10.3.1/../../../../arm-none-eabi/lib/thumb/v6-m/nofp/libc_nano.a(lib_a-makebuf.o)
 .ARM.attributes
                0x0000000000000a68       0x2c /Applications/ARM/bin/../lib/gcc/arm-none-eabi/10.3.1/../../../../arm-none-eabi/lib/thumb/v6-m/nofp/libc_nano.a(lib_a-memchr-stub.o)
 .ARM.attributes
                0x0000000000000a94       0x2c /Applications/ARM/bin/../lib/gcc/arm-none-eabi/10.3.1/../../../../arm-none-eabi/lib/thumb/v6-m/nofp/libc_nano.a(lib_a-signal.o)
 .ARM.attributes
                0x0000000000000ac0       0x2c /Applications/ARM/bin/../lib/gcc/arm-none-eabi/10.3.1/../../../../arm-none-eabi/lib/thumb/v6-m/nofp/libc_nano.a(lib_a-signalr.o)
 .ARM.attributes
                0x0000000000000aec       0x2c /Applications/ARM/bin/../lib/gcc/arm-none-eabi/10.3.1/../../../../arm-none-eabi/lib/thumb/v6-m/nofp/libc_nano.a(lib_a-stdio.o)
 .ARM.attributes
                0x0000000000000b18       0x2c /Applications/ARM/bin/../lib/gcc/arm-none-eabi/10.3.1/../../../../arm-none-eabi/lib/thumb/v6-m/nofp/libc_nano.a(lib_a-writer.o)
 .ARM.attributes
                0x0000000000000b44       0x2c /Applications/ARM/bin/../lib/gcc/arm-none-eabi/10.3.1/../../../../arm-none-eabi/lib/thumb/v6-m/nofp/libc_nano.a(lib_a-closer.o)
 .ARM.attributes
                0x0000000000000b70       0x2c /Applications/ARM/bin/../lib/gcc/arm-none-eabi/10.3.1/../../../../arm-none-eabi/lib/thumb/v6-m/nofp/libc_nano.a(lib_a-fstatr.o)
 .ARM.attributes
                0x0000000000000b9c       0x2c /Applications/ARM/bin/../lib/gcc/arm-none-eabi/10.3.1/../../../../arm-none-eabi/lib/thumb/v6-m/nofp/libc_nano.a(lib_a-isattyr.o)
 .ARM.attributes
                0x0000000000000bc8       0x2c /Applications/ARM/bin/../lib/gcc/arm-none-eabi/10.3.1/../../../../arm-none-eabi/lib/thumb/v6-m/nofp/libc_nano.a(lib_a-lseekr.o)
 .ARM.attributes
                0x0000000000000bf4       0x2c /Applications/ARM/bin/../lib/gcc/arm-none-eabi/10.3.1/../../../../arm-none-eabi/lib/thumb/v6-m/nofp/libc_nano.a(lib_a-readr.o)
 .ARM.attributes
                0x0000000000000c20       0x1e /Applications/ARM/bin/../lib/gcc/arm-none-eabi/10.3.1/thumb/v6-m/nofp/libgcc.a(_thumb1_case_shi.o)
 .ARM.attributes
                0x0000000000000c3e       0x1e /Applications/ARM/bin/../lib/gcc/arm-none-eabi/10.3.1/thumb/v6-m/nofp/libgcc.a(_thumb1_case_uhi.o)
 .ARM.attributes
                0x0000000000000c5c       0x1e /Applications/ARM/bin/../lib/gcc/arm-none-eabi/10.3.1/thumb/v6-m/nofp/libgcc.a(_udivsi3.o)
 .ARM.attributes
                0x0000000000000c7a       0x1e /Applications/ARM/bin/../lib/gcc/arm-none-eabi/10.3.1/thumb/v6-m/nofp/libgcc.a(_divsi3.o)
 .ARM.attributes
                0x0000000000000c98       0x1e /Applications/ARM/bin/../lib/gcc/arm-none-eabi/10.3.1/thumb/v6-m/nofp/libgcc.a(_dvmd_tls.o)
 .ARM.attributes
                0x0000000000000cb6       0x2c /Applications/ARM/bin/../lib/gcc/arm-none-eabi/10.3.1/thumb/v6-m/nofp/libgcc.a(_muldi3.o)
 .ARM.attributes
                0x0000000000000ce2       0x2c /Applications/ARM/bin/../lib/gcc/arm-none-eabi/10.3.1/../../../../arm-none-eabi/lib/thumb/v6-m/nofp/libnosys.a(close.o)
 .ARM.attributes
                0x0000000000000d0e       0x2c /Applications/ARM/bin/../lib/gcc/arm-none-eabi/10.3.1/../../../../arm-none-eabi/lib/thumb/v6-m/nofp/libnosys.a(fstat.o)
 .ARM.attributes
                0x0000000000000d3a       0x2c /Applications/ARM/bin/../lib/gcc/arm-none-eabi/10.3.1/../../../../arm-none-eabi/lib/thumb/v6-m/nofp/libnosys.a(getpid.o)
 .ARM.attributes
                0x0000000000000d66       0x2c /Applications/ARM/bin/../lib/gcc/arm-none-eabi/10.3.1/../../../../arm-none-eabi/lib/thumb/v6-m/nofp/libnosys.a(gettod.o)
 .ARM.attributes
                0x0000000000000d92       0x2c /Applications/ARM/bin/../lib/gcc/arm-none-eabi/10.3.1/../../../../arm-none-eabi/lib/thumb/v6-m/nofp/libnosys.a(isatty.o)
 .ARM.attributes
                0x0000000000000dbe       0x2c /Applications/ARM/bin/../lib/gcc/arm-none-eabi/10.3.1/../../../../arm-none-eabi/lib/thumb/v6-m/nofp/libnosys.a(kill.o)
 .ARM.attributes
                0x0000000000000dea       0x2c /Applications/ARM/bin/../lib/gcc/arm-none-eabi/10.3.1/../../../../arm-none-eabi/lib/thumb/v6-m/nofp/libnosys.a(lseek.o)
 .ARM.attributes
                0x0000000000000e16       0x2c /Applications/ARM/bin/../lib/gcc/arm-none-eabi/10.3.1/../../../../arm-none-eabi/lib/thumb/v6-m/nofp/libnosys.a(_exit.o)
 .ARM.attributes
                0x0000000000000e42       0x1e /Applications/ARM/bin/../lib/gcc/arm-none-eabi/10.3.1/thumb/v6-m/nofp/crtn.o
                0x0000000000000001                ASSERT ((__StackLimit >= __HeapLimit), region m_data overflowed with stack and heap)
OUTPUT(release/kw565-coursework-5.elf elf32-littlearm)
LOAD linker stubs

.comment        0x0000000000000000       0x49
 .comment       0x0000000000000000       0x49 CMakeFiles/kw565-coursework-5.dir/Users/kuiwang/Documents/kw565_cw5_FromGit/kw565-coursework-5/platform/utilities/src/fsl_misc_utilities.c.obj
                                         0x4a (size before relaxing)
 .comment       0x0000000000000049       0x4a CMakeFiles/kw565-coursework-5.dir/Users/kuiwang/Documents/kw565_cw5_FromGit/kw565-coursework-5/source/main.c.obj
 .comment       0x0000000000000049       0x4a CMakeFiles/kw565-coursework-5.dir/Users/kuiwang/Documents/kw565_cw5_FromGit/kw565-coursework-5/source/fsl_i2c_irq.c.obj
 .comment       0x0000000000000049       0x4a CMakeFiles/kw565-coursework-5.dir/Users/kuiwang/Documents/kw565_cw5_FromGit/kw565-coursework-5/source/accel.c.obj
 .comment       0x0000000000000049       0x4a CMakeFiles/kw565-coursework-5.dir/Users/kuiwang/Documents/kw565_cw5_FromGit/kw565-coursework-5/source/fxos_api.c.obj
 .comment       0x0000000000000049       0x4a CMakeFiles/kw565-coursework-5.dir/Users/kuiwang/Documents/kw565_cw5_FromGit/kw565-coursework-5/source/mma8451_api.c.obj
 .comment       0x0000000000000049       0x4a CMakeFiles/kw565-coursework-5.dir/Users/kuiwang/Documents/kw565_cw5_FromGit/kw565-coursework-5/source/fsl_spi_irq.c.obj
 .comment       0x0000000000000049       0x4a CMakeFiles/kw565-coursework-5.dir/Users/kuiwang/Documents/kw565_cw5_FromGit/kw565-coursework-5/source/hardware_init.c.obj
 .comment       0x0000000000000049       0x4a CMakeFiles/kw565-coursework-5.dir/Users/kuiwang/Documents/kw565_cw5_FromGit/kw565-coursework-5/source/pin_mux.c.obj
 .comment       0x0000000000000049       0x4a CMakeFiles/kw565-coursework-5.dir/Users/kuiwang/Documents/kw565_cw5_FromGit/kw565-coursework-5/platform/utilities/src/fsl_debug_console.c.obj
 .comment       0x0000000000000049       0x4a CMakeFiles/kw565-coursework-5.dir/Users/kuiwang/Documents/kw565_cw5_FromGit/kw565-coursework-5/platform/utilities/src/print_scan.c.obj
 .comment       0x0000000000000049       0x4a CMakeFiles/kw565-coursework-5.dir/Users/kuiwang/Documents/kw565_cw5_FromGit/kw565-coursework-5/platform/devices/MKL03Z4/startup/system_MKL03Z4.c.obj
 .comment       0x0000000000000049       0x4a CMakeFiles/kw565-coursework-5.dir/Users/kuiwang/Documents/kw565_cw5_FromGit/kw565-coursework-5/platform/devices/startup.c.obj
 .comment       0x0000000000000049       0x4a ../lib/release/libksdk_platform.a(fsl_os_abstraction_bm.c.obj)
 .comment       0x0000000000000049       0x4a ../lib/release/libksdk_platform.a(fsl_clock_MKL03Z4.c.obj)
 .comment       0x0000000000000049       0x4a ../lib/release/libksdk_platform.a(fsl_interrupt_manager.c.obj)
 .comment       0x0000000000000049       0x4a ../lib/release/libksdk_platform.a(fsl_gpio_driver.c.obj)
 .comment       0x0000000000000049       0x4a ../lib/release/libksdk_platform.a(fsl_i2c_shared_function.c.obj)
 .comment       0x0000000000000049       0x4a ../lib/release/libksdk_platform.a(fsl_i2c_common.c.obj)
 .comment       0x0000000000000049       0x4a ../lib/release/libksdk_platform.a(fsl_i2c_master_driver.c.obj)
 .comment       0x0000000000000049       0x4a ../lib/release/libksdk_platform.a(fsl_i2c_slave_driver.c.obj)
 .comment       0x0000000000000049       0x4a ../lib/release/libksdk_platform.a(fsl_lptmr_hal.c.obj)
 .comment       0x0000000000000049       0x4a ../lib/release/libksdk_platform.a(fsl_mcglite_hal.c.obj)
 .comment       0x0000000000000049       0x4a ../lib/release/libksdk_platform.a(fsl_spi_shared_function.c.obj)
 .comment       0x0000000000000049       0x4a ../lib/release/libksdk_platform.a(fsl_spi_master_driver.c.obj)
 .comment       0x0000000000000049       0x4a ../lib/release/libksdk_platform.a(fsl_spi_slave_driver.c.obj)
 .comment       0x0000000000000049       0x4a ../lib/release/libksdk_platform.a(fsl_spi_common.c.obj)
 .comment       0x0000000000000049       0x4a ../lib/release/libksdk_platform.a(fsl_gpio_hal.c.obj)
 .comment       0x0000000000000049       0x4a ../lib/release/libksdk_platform.a(fsl_gpio_common.c.obj)
 .comment       0x0000000000000049       0x4a ../lib/release/libksdk_platform.a(fsl_i2c_hal.c.obj)
 .comment       0x0000000000000049       0x4a ../lib/release/libksdk_platform.a(fsl_spi_hal.c.obj)

.debug_frame    0x0000000000000000      0xc44
 .debug_frame   0x0000000000000000       0x20 /Applications/ARM/bin/../lib/gcc/arm-none-eabi/10.3.1/../../../../arm-none-eabi/lib/thumb/v6-m/nofp/libc_nano.a(lib_a-errno.o)
 .debug_frame   0x0000000000000020       0x28 /Applications/ARM/bin/../lib/gcc/arm-none-eabi/10.3.1/../../../../arm-none-eabi/lib/thumb/v6-m/nofp/libc_nano.a(lib_a-exit.o)
 .debug_frame   0x0000000000000048       0x2c /Applications/ARM/bin/../lib/gcc/arm-none-eabi/10.3.1/../../../../arm-none-eabi/lib/thumb/v6-m/nofp/libc_nano.a(lib_a-init.o)
 .debug_frame   0x0000000000000074       0x40 /Applications/ARM/bin/../lib/gcc/arm-none-eabi/10.3.1/../../../../arm-none-eabi/lib/thumb/v6-m/nofp/libc_nano.a(lib_a-malloc.o)
 .debug_frame   0x00000000000000b4       0x20 /Applications/ARM/bin/../lib/gcc/arm-none-eabi/10.3.1/../../../../arm-none-eabi/lib/thumb/v6-m/nofp/libc_nano.a(lib_a-memset.o)
 .debug_frame   0x00000000000000d4       0x2c /Applications/ARM/bin/../lib/gcc/arm-none-eabi/10.3.1/../../../../arm-none-eabi/lib/thumb/v6-m/nofp/libc_nano.a(lib_a-nano-freer.o)
 .debug_frame   0x0000000000000100       0x50 /Applications/ARM/bin/../lib/gcc/arm-none-eabi/10.3.1/../../../../arm-none-eabi/lib/thumb/v6-m/nofp/libc_nano.a(lib_a-nano-mallocr.o)
 .debug_frame   0x0000000000000150       0x44 /Applications/ARM/bin/../lib/gcc/arm-none-eabi/10.3.1/../../../../arm-none-eabi/lib/thumb/v6-m/nofp/libc_nano.a(lib_a-rand.o)
 .debug_frame   0x0000000000000194       0x2c /Applications/ARM/bin/../lib/gcc/arm-none-eabi/10.3.1/../../../../arm-none-eabi/lib/thumb/v6-m/nofp/libc_nano.a(lib_a-sbrkr.o)
 .debug_frame   0x00000000000001c0       0x30 /Applications/ARM/bin/../lib/gcc/arm-none-eabi/10.3.1/../../../../arm-none-eabi/lib/thumb/v6-m/nofp/libc_nano.a(lib_a-time.o)
 .debug_frame   0x00000000000001f0       0x44 /Applications/ARM/bin/../lib/gcc/arm-none-eabi/10.3.1/../../../../arm-none-eabi/lib/thumb/v6-m/nofp/libc_nano.a(lib_a-assert.o)
 .debug_frame   0x0000000000000234       0x4c /Applications/ARM/bin/../lib/gcc/arm-none-eabi/10.3.1/../../../../arm-none-eabi/lib/thumb/v6-m/nofp/libc_nano.a(lib_a-fprintf.o)
 .debug_frame   0x0000000000000280       0x2c /Applications/ARM/bin/../lib/gcc/arm-none-eabi/10.3.1/../../../../arm-none-eabi/lib/thumb/v6-m/nofp/libc_nano.a(lib_a-gettimeofdayr.o)
 .debug_frame   0x00000000000002ac       0x40 /Applications/ARM/bin/../lib/gcc/arm-none-eabi/10.3.1/../../../../arm-none-eabi/lib/thumb/v6-m/nofp/libc_nano.a(lib_a-mlock.o)
 .debug_frame   0x00000000000002ec       0x9c /Applications/ARM/bin/../lib/gcc/arm-none-eabi/10.3.1/../../../../arm-none-eabi/lib/thumb/v6-m/nofp/libc_nano.a(lib_a-nano-vfprintf.o)
 .debug_frame   0x0000000000000388       0x54 /Applications/ARM/bin/../lib/gcc/arm-none-eabi/10.3.1/../../../../arm-none-eabi/lib/thumb/v6-m/nofp/libc_nano.a(lib_a-nano-vfprintf_i.o)
 .debug_frame   0x00000000000003dc       0x48 /Applications/ARM/bin/../lib/gcc/arm-none-eabi/10.3.1/../../../../arm-none-eabi/lib/thumb/v6-m/nofp/libc_nano.a(lib_a-reent.o)
 .debug_frame   0x0000000000000424       0x48 /Applications/ARM/bin/../lib/gcc/arm-none-eabi/10.3.1/../../../../arm-none-eabi/lib/thumb/v6-m/nofp/libc_nano.a(lib_a-wbuf.o)
 .debug_frame   0x000000000000046c       0x2c /Applications/ARM/bin/../lib/gcc/arm-none-eabi/10.3.1/../../../../arm-none-eabi/lib/thumb/v6-m/nofp/libc_nano.a(lib_a-wsetup.o)
 .debug_frame   0x0000000000000498       0x28 /Applications/ARM/bin/../lib/gcc/arm-none-eabi/10.3.1/../../../../arm-none-eabi/lib/thumb/v6-m/nofp/libc_nano.a(lib_a-abort.o)
 .debug_frame   0x00000000000004c0       0x68 /Applications/ARM/bin/../lib/gcc/arm-none-eabi/10.3.1/../../../../arm-none-eabi/lib/thumb/v6-m/nofp/libc_nano.a(lib_a-fflush.o)
 .debug_frame   0x0000000000000528      0x170 /Applications/ARM/bin/../lib/gcc/arm-none-eabi/10.3.1/../../../../arm-none-eabi/lib/thumb/v6-m/nofp/libc_nano.a(lib_a-findfp.o)
 .debug_frame   0x0000000000000698       0x58 /Applications/ARM/bin/../lib/gcc/arm-none-eabi/10.3.1/../../../../arm-none-eabi/lib/thumb/v6-m/nofp/libc_nano.a(lib_a-fwalk.o)
 .debug_frame   0x00000000000006f0       0xb0 /Applications/ARM/bin/../lib/gcc/arm-none-eabi/10.3.1/../../../../arm-none-eabi/lib/thumb/v6-m/nofp/libc_nano.a(lib_a-lock.o)
 .debug_frame   0x00000000000007a0       0x54 /Applications/ARM/bin/../lib/gcc/arm-none-eabi/10.3.1/../../../../arm-none-eabi/lib/thumb/v6-m/nofp/libc_nano.a(lib_a-makebuf.o)
 .debug_frame   0x00000000000007f4       0x20 /Applications/ARM/bin/../lib/gcc/arm-none-eabi/10.3.1/../../../../arm-none-eabi/lib/thumb/v6-m/nofp/libc_nano.a(lib_a-memchr-stub.o)
 .debug_frame   0x0000000000000814       0xe0 /Applications/ARM/bin/../lib/gcc/arm-none-eabi/10.3.1/../../../../arm-none-eabi/lib/thumb/v6-m/nofp/libc_nano.a(lib_a-signal.o)
 .debug_frame   0x00000000000008f4       0x44 /Applications/ARM/bin/../lib/gcc/arm-none-eabi/10.3.1/../../../../arm-none-eabi/lib/thumb/v6-m/nofp/libc_nano.a(lib_a-signalr.o)
 .debug_frame   0x0000000000000938       0x90 /Applications/ARM/bin/../lib/gcc/arm-none-eabi/10.3.1/../../../../arm-none-eabi/lib/thumb/v6-m/nofp/libc_nano.a(lib_a-stdio.o)
 .debug_frame   0x00000000000009c8       0x2c /Applications/ARM/bin/../lib/gcc/arm-none-eabi/10.3.1/../../../../arm-none-eabi/lib/thumb/v6-m/nofp/libc_nano.a(lib_a-writer.o)
 .debug_frame   0x00000000000009f4       0x2c /Applications/ARM/bin/../lib/gcc/arm-none-eabi/10.3.1/../../../../arm-none-eabi/lib/thumb/v6-m/nofp/libc_nano.a(lib_a-closer.o)
 .debug_frame   0x0000000000000a20       0x2c /Applications/ARM/bin/../lib/gcc/arm-none-eabi/10.3.1/../../../../arm-none-eabi/lib/thumb/v6-m/nofp/libc_nano.a(lib_a-fstatr.o)
 .debug_frame   0x0000000000000a4c       0x2c /Applications/ARM/bin/../lib/gcc/arm-none-eabi/10.3.1/../../../../arm-none-eabi/lib/thumb/v6-m/nofp/libc_nano.a(lib_a-isattyr.o)
 .debug_frame   0x0000000000000a78       0x2c /Applications/ARM/bin/../lib/gcc/arm-none-eabi/10.3.1/../../../../arm-none-eabi/lib/thumb/v6-m/nofp/libc_nano.a(lib_a-lseekr.o)
 .debug_frame   0x0000000000000aa4       0x2c /Applications/ARM/bin/../lib/gcc/arm-none-eabi/10.3.1/../../../../arm-none-eabi/lib/thumb/v6-m/nofp/libc_nano.a(lib_a-readr.o)
 .debug_frame   0x0000000000000ad0       0x20 /Applications/ARM/bin/../lib/gcc/arm-none-eabi/10.3.1/thumb/v6-m/nofp/libgcc.a(_udivsi3.o)
 .debug_frame   0x0000000000000af0       0x20 /Applications/ARM/bin/../lib/gcc/arm-none-eabi/10.3.1/thumb/v6-m/nofp/libgcc.a(_divsi3.o)
 .debug_frame   0x0000000000000b10       0x34 /Applications/ARM/bin/../lib/gcc/arm-none-eabi/10.3.1/thumb/v6-m/nofp/libgcc.a(_muldi3.o)
 .debug_frame   0x0000000000000b44       0x20 /Applications/ARM/bin/../lib/gcc/arm-none-eabi/10.3.1/../../../../arm-none-eabi/lib/thumb/v6-m/nofp/libnosys.a(close.o)
 .debug_frame   0x0000000000000b64       0x20 /Applications/ARM/bin/../lib/gcc/arm-none-eabi/10.3.1/../../../../arm-none-eabi/lib/thumb/v6-m/nofp/libnosys.a(fstat.o)
 .debug_frame   0x0000000000000b84       0x20 /Applications/ARM/bin/../lib/gcc/arm-none-eabi/10.3.1/../../../../arm-none-eabi/lib/thumb/v6-m/nofp/libnosys.a(getpid.o)
 .debug_frame   0x0000000000000ba4       0x20 /Applications/ARM/bin/../lib/gcc/arm-none-eabi/10.3.1/../../../../arm-none-eabi/lib/thumb/v6-m/nofp/libnosys.a(gettod.o)
 .debug_frame   0x0000000000000bc4       0x20 /Applications/ARM/bin/../lib/gcc/arm-none-eabi/10.3.1/../../../../arm-none-eabi/lib/thumb/v6-m/nofp/libnosys.a(isatty.o)
 .debug_frame   0x0000000000000be4       0x20 /Applications/ARM/bin/../lib/gcc/arm-none-eabi/10.3.1/../../../../arm-none-eabi/lib/thumb/v6-m/nofp/libnosys.a(kill.o)
 .debug_frame   0x0000000000000c04       0x20 /Applications/ARM/bin/../lib/gcc/arm-none-eabi/10.3.1/../../../../arm-none-eabi/lib/thumb/v6-m/nofp/libnosys.a(lseek.o)
 .debug_frame   0x0000000000000c24       0x20 /Applications/ARM/bin/../lib/gcc/arm-none-eabi/10.3.1/../../../../arm-none-eabi/lib/thumb/v6-m/nofp/libnosys.a(_exit.o)

.stab           0x0000000000000000       0xb4
 .stab          0x0000000000000000       0x24 /Applications/ARM/bin/../lib/gcc/arm-none-eabi/10.3.1/../../../../arm-none-eabi/lib/thumb/v6-m/nofp/libnosys.a(close.o)
 .stab          0x0000000000000024       0x18 /Applications/ARM/bin/../lib/gcc/arm-none-eabi/10.3.1/../../../../arm-none-eabi/lib/thumb/v6-m/nofp/libnosys.a(fstat.o)
                                         0x24 (size before relaxing)
 .stab          0x000000000000003c       0x18 /Applications/ARM/bin/../lib/gcc/arm-none-eabi/10.3.1/../../../../arm-none-eabi/lib/thumb/v6-m/nofp/libnosys.a(getpid.o)
                                         0x24 (size before relaxing)
 .stab          0x0000000000000054       0x18 /Applications/ARM/bin/../lib/gcc/arm-none-eabi/10.3.1/../../../../arm-none-eabi/lib/thumb/v6-m/nofp/libnosys.a(gettod.o)
                                         0x24 (size before relaxing)
 .stab          0x000000000000006c       0x18 /Applications/ARM/bin/../lib/gcc/arm-none-eabi/10.3.1/../../../../arm-none-eabi/lib/thumb/v6-m/nofp/libnosys.a(isatty.o)
                                         0x24 (size before relaxing)
 .stab          0x0000000000000084       0x18 /Applications/ARM/bin/../lib/gcc/arm-none-eabi/10.3.1/../../../../arm-none-eabi/lib/thumb/v6-m/nofp/libnosys.a(kill.o)
                                         0x24 (size before relaxing)
 .stab          0x000000000000009c       0x18 /Applications/ARM/bin/../lib/gcc/arm-none-eabi/10.3.1/../../../../arm-none-eabi/lib/thumb/v6-m/nofp/libnosys.a(lseek.o)
                                         0x24 (size before relaxing)

.stabstr        0x0000000000000000      0x193
 .stabstr       0x0000000000000000      0x193 /Applications/ARM/bin/../lib/gcc/arm-none-eabi/10.3.1/../../../../arm-none-eabi/lib/thumb/v6-m/nofp/libnosys.a(close.o)