Archive member included to satisfy reference by file (symbol)

../lib/release/libksdk_platform.a(fsl_os_abstraction_bm.c.obj)
                              CMakeFiles/kw565-coursework-5.dir/Users/kuiwang/Documents/Assignment5/source/main.c.obj (OSA_TimeDelay)
../lib/release/libksdk_platform.a(fsl_clock_manager.c.obj)
                              CMakeFiles/kw565-coursework-5.dir/Users/kuiwang/Documents/Assignment5/source/board.c.obj (CLOCK_SYS_SetMcgliteMode)
../lib/release/libksdk_platform.a(fsl_clock_manager_common.c.obj)
                              ../lib/release/libksdk_platform.a(fsl_clock_manager.c.obj) (g_oscBase)
../lib/release/libksdk_platform.a(fsl_clock_MKL03Z4.c.obj)
                              CMakeFiles/kw565-coursework-5.dir/Users/kuiwang/Documents/Assignment5/source/board.c.obj (CLOCK_SYS_SetSimConfigration)
../lib/release/libksdk_platform.a(fsl_interrupt_manager.c.obj)
                              ../lib/release/libksdk_platform.a(fsl_os_abstraction_bm.c.obj) (INT_SYS_InstallHandler)
../lib/release/libksdk_platform.a(fsl_gpio_driver.c.obj)
                              CMakeFiles/kw565-coursework-5.dir/Users/kuiwang/Documents/Assignment5/source/main.c.obj (GPIO_DRV_Init)
../lib/release/libksdk_platform.a(fsl_i2c_shared_function.c.obj)
                              CMakeFiles/kw565-coursework-5.dir/Users/kuiwang/Documents/Assignment5/source/fsl_i2c_irq.c.obj (I2C_DRV_IRQHandler)
../lib/release/libksdk_platform.a(fsl_i2c_common.c.obj)
                              ../lib/release/libksdk_platform.a(fsl_i2c_shared_function.c.obj) (g_i2cBase)
../lib/release/libksdk_platform.a(fsl_i2c_master_driver.c.obj)
                              CMakeFiles/kw565-coursework-5.dir/Users/kuiwang/Documents/Assignment5/source/main.c.obj (I2C_DRV_MasterInit)
../lib/release/libksdk_platform.a(fsl_i2c_slave_driver.c.obj)
                              ../lib/release/libksdk_platform.a(fsl_i2c_shared_function.c.obj) (I2C_DRV_SlaveIRQHandler)
../lib/release/libksdk_platform.a(fsl_lptmr_hal.c.obj)
                              ../lib/release/libksdk_platform.a(fsl_os_abstraction_bm.c.obj) (LPTMR_HAL_SetTimerWorkingMode)
../lib/release/libksdk_platform.a(fsl_lpuart_hal.c.obj)
                              CMakeFiles/kw565-coursework-5.dir/Users/kuiwang/Documents/Assignment5/platform/utilities/src/fsl_debug_console.c.obj (LPUART_HAL_SetBaudRate)
../lib/release/libksdk_platform.a(fsl_mcglite_hal.c.obj)
                              ../lib/release/libksdk_platform.a(fsl_clock_MKL03Z4.c.obj) (CLOCK_HAL_GetInternalRefClk)
../lib/release/libksdk_platform.a(fsl_mcglite_hal_modes.c.obj)
                              ../lib/release/libksdk_platform.a(fsl_clock_manager.c.obj) (CLOCK_HAL_SetHircMode)
../lib/release/libksdk_platform.a(fsl_osc_hal.c.obj)
                              ../lib/release/libksdk_platform.a(fsl_clock_manager.c.obj) (OSC_HAL_SetCapacitor)
../lib/release/libksdk_platform.a(fsl_sim_hal_MKL03Z4.c.obj)
                              ../lib/release/libksdk_platform.a(fsl_clock_MKL03Z4.c.obj) (CLOCK_HAL_SetOutDiv)
../lib/release/libksdk_platform.a(fsl_spi_shared_function.c.obj)
                              CMakeFiles/kw565-coursework-5.dir/Users/kuiwang/Documents/Assignment5/source/fsl_spi_irq.c.obj (SPI_DRV_IRQHandler)
../lib/release/libksdk_platform.a(fsl_spi_master_driver.c.obj)
                              CMakeFiles/kw565-coursework-5.dir/Users/kuiwang/Documents/Assignment5/source/main.c.obj (SPI_DRV_MasterInit)
../lib/release/libksdk_platform.a(fsl_spi_slave_driver.c.obj)
                              ../lib/release/libksdk_platform.a(fsl_spi_shared_function.c.obj) (SPI_DRV_SlaveIRQHandler)
../lib/release/libksdk_platform.a(fsl_spi_common.c.obj)
                              ../lib/release/libksdk_platform.a(fsl_spi_master_driver.c.obj) (g_spiIrqId)
../lib/release/libksdk_platform.a(fsl_gpio_hal.c.obj)
                              ../lib/release/libksdk_platform.a(fsl_gpio_driver.c.obj) (GPIO_HAL_SetPinDir)
../lib/release/libksdk_platform.a(fsl_gpio_common.c.obj)
                              ../lib/release/libksdk_platform.a(fsl_gpio_driver.c.obj) (g_portIrqId)
../lib/release/libksdk_platform.a(fsl_i2c_hal.c.obj)
                              ../lib/release/libksdk_platform.a(fsl_i2c_master_driver.c.obj) (I2C_HAL_Init)
../lib/release/libksdk_platform.a(fsl_spi_hal.c.obj)
                              ../lib/release/libksdk_platform.a(fsl_spi_master_driver.c.obj) (SPI_HAL_Init)
/Applications/ARM/bin/../lib/gcc/arm-none-eabi/10.3.1/../../../../arm-none-eabi/lib/thumb/v6-m/nofp/libc_nano.a(lib_a-assert.o)
                              CMakeFiles/kw565-coursework-5.dir/Users/kuiwang/Documents/Assignment5/source/pin_mux.c.obj (__assert_func)
/Applications/ARM/bin/../lib/gcc/arm-none-eabi/10.3.1/../../../../arm-none-eabi/lib/thumb/v6-m/nofp/libc_nano.a(lib_a-calloc.o)
                              ../lib/release/libksdk_platform.a(fsl_os_abstraction_bm.c.obj) (calloc)
[...]
Memory Configuration

Name             Origin             Length             Attributes
m_interrupts     0x0000000000000000 0x0000000000000100 xr
m_flash_config   0x0000000000000400 0x0000000000000010 xr
m_text           0x0000000000000410 0x0000000000007bf0 xr
m_data           0x000000001ffffe00 0x0000000000000800 rw
*default*        0x0000000000000000 0xffffffffffffffff

Linker script and memory map

LOAD /Applications/ARM/bin/../lib/gcc/arm-none-eabi/10.3.1/thumb/v6-m/nofp/crti.o
LOAD /Applications/ARM/bin/../lib/gcc/arm-none-eabi/10.3.1/thumb/v6-m/nofp/crtbegin.o
LOAD /Applications/ARM/bin/../lib/gcc/arm-none-eabi/10.3.1/../../../../arm-none-eabi/lib/thumb/v6-m/nofp/crt0.o
LOAD /Applications/ARM/bin/../lib/gcc/arm-none-eabi/10.3.1/../../../../arm-none-eabi/lib/thumb/v6-m/nofp/libm.a
                0x0000000000000300                __stack_size__ = 0x300
                0x0000000000000200                __heap_size__ = 0x200
LOAD CMakeFiles/kw565-coursework-5.dir/Users/kuiwang/Documents/Assignment5/platform/utilities/src/fsl_misc_utilities.c.obj
LOAD CMakeFiles/kw565-coursework-5.dir/Users/kuiwang/Documents/Assignment5/platform/devices/MKL03Z4/startup/gcc/startup_MKL03Z4.S.obj
LOAD CMakeFiles/kw565-coursework-5.dir/Users/kuiwang/Documents/Assignment5/source/main.c.obj
LOAD CMakeFiles/kw565-coursework-5.dir/Users/kuiwang/Documents/Assignment5/source/fsl_i2c_irq.c.obj
LOAD CMakeFiles/kw565-coursework-5.dir/Users/kuiwang/Documents/Assignment5/source/accel.c.obj
LOAD CMakeFiles/kw565-coursework-5.dir/Users/kuiwang/Documents/Assignment5/source/fxos_api.c.obj
LOAD CMakeFiles/kw565-coursework-5.dir/Users/kuiwang/Documents/Assignment5/source/mma8451_api.c.obj
LOAD CMakeFiles/kw565-coursework-5.dir/Users/kuiwang/Documents/Assignment5/source/fsl_spi_irq.c.obj
LOAD CMakeFiles/kw565-coursework-5.dir/Users/kuiwang/Documents/Assignment5/source/hardware_init.c.obj
LOAD CMakeFiles/kw565-coursework-5.dir/Users/kuiwang/Documents/Assignment5/source/gpio_pins.c.obj
LOAD CMakeFiles/kw565-coursework-5.dir/Users/kuiwang/Documents/Assignment5/source/pin_mux.c.obj
LOAD CMakeFiles/kw565-coursework-5.dir/Users/kuiwang/Documents/Assignment5/source/board.c.obj
LOAD CMakeFiles/kw565-coursework-5.dir/Users/kuiwang/Documents/Assignment5/platform/utilities/src/fsl_debug_console.c.obj
LOAD CMakeFiles/kw565-coursework-5.dir/Users/kuiwang/Documents/Assignment5/platform/utilities/src/print_scan.c.obj
LOAD CMakeFiles/kw565-coursework-5.dir/Users/kuiwang/Documents/Assignment5/platform/devices/MKL03Z4/startup/system_MKL03Z4.c.obj
LOAD CMakeFiles/kw565-coursework-5.dir/Users/kuiwang/Documents/Assignment5/platform/devices/startup.c.obj
START GROUP
LOAD ../lib/release/libksdk_platform.a
LOAD /Applications/ARM/bin/../lib/gcc/arm-none-eabi/10.3.1/../../../../arm-none-eabi/lib/thumb/v6-m/nofp/libm.a
LOAD /Applications/ARM/bin/../lib/gcc/arm-none-eabi/10.3.1/../../../../arm-none-eabi/lib/thumb/v6-m/nofp/libc_nano.a
LOAD /Applications/ARM/bin/../lib/gcc/arm-none-eabi/10.3.1/thumb/v6-m/nofp/libgcc.a
LOAD /Applications/ARM/bin/../lib/gcc/arm-none-eabi/10.3.1/../../../../arm-none-eabi/lib/thumb/v6-m/nofp/libnosys.a
END GROUP
START GROUP
LOAD /Applications/ARM/bin/../lib/gcc/arm-none-eabi/10.3.1/thumb/v6-m/nofp/libgcc.a
LOAD /Applications/ARM/bin/../lib/gcc/arm-none-eabi/10.3.1/../../../../arm-none-eabi/lib/thumb/v6-m/nofp/libc_nano.a
END GROUP
START GROUP
LOAD /Applications/ARM/bin/../lib/gcc/arm-none-eabi/10.3.1/thumb/v6-m/nofp/libgcc.a
LOAD /Applications/ARM/bin/../lib/gcc/arm-none-eabi/10.3.1/../../../../arm-none-eabi/lib/thumb/v6-m/nofp/libc_nano.a
END GROUP
LOAD /Applications/ARM/bin/../lib/gcc/arm-none-eabi/10.3.1/thumb/v6-m/nofp/crtend.o
LOAD /Applications/ARM/bin/../lib/gcc/arm-none-eabi/10.3.1/thumb/v6-m/nofp/crtn.o
                0x0000000000000200                HEAP_SIZE = DEFINED (__heap_size__)?__heap_size__:0x200
                0x0000000000000300                STACK_SIZE = DEFINED (__stack_size__)?__stack_size__:0x50
                0x0000000000000000                M_VECTOR_RAM_SIZE = DEFINED (__ram_vector_table__)?0x100:0x0

.interrupts     0x0000000000000000       0xc0
                0x0000000000000000                __VECTOR_TABLE = .
                0x0000000000000000                . = ALIGN (0x4)
 *(.isr_vector)
 .isr_vector    0x0000000000000000       0xc0 CMakeFiles/kw565-coursework-5.dir/Users/kuiwang/Documents/Assignment5/platform/devices/MKL03Z4/startup/gcc/startup_MKL03Z4.S.obj
                0x0000000000000000                __isr_vector
                0x00000000000000c0                . = ALIGN (0x4)

.flash_config   0x0000000000000400       0x10
                0x0000000000000400                . = ALIGN (0x4)
 *(.FlashConfig)
 .FlashConfig   0x0000000000000400       0x10 CMakeFiles/kw565-coursework-5.dir/Users/kuiwang/Documents/Assignment5/platform/devices/MKL03Z4/startup/gcc/startup_MKL03Z4.S.obj
                0x0000000000000410                . = ALIGN (0x4)

.text           0x0000000000000410     0x41ac
                0x0000000000000410                . = ALIGN (0x4)
 *(.text)
 .text          0x0000000000000410       0x48 /Applications/ARM/bin/../lib/gcc/arm-none-eabi/10.3.1/thumb/v6-m/nofp/crtbegin.o
 .text          0x0000000000000458       0x80 /Applications/ARM/bin/../lib/gcc/arm-none-eabi/10.3.1/../../../../arm-none-eabi/lib/thumb/v6-m/nofp/crt0.o
                0x0000000000000458                _stack_init
                0x0000000000000464                _mainCRTStartup
                0x0000000000000464                _start
 .text          0x00000000000004d8       0x18 CMakeFiles/kw565-coursework-5.dir/Users/kuiwang/Documents/Assignment5/platform/devices/MKL03Z4/startup/gcc/startup_MKL03Z4.S.obj
                0x00000000000004d8                Reset_Handler
                0x00000000000004e8                Reserved16_IRQHandler
                0x00000000000004e8                HardFault_Handler
                0x00000000000004e8                SysTick_Handler
                0x00000000000004e8                PendSV_Handler
                0x00000000000004e8                NMI_Handler
                0x00000000000004e8                Reserved19_IRQHandler
                0x00000000000004e8                Reserved29_IRQHandler
                0x00000000000004e8                TPM0_IRQHandler
                0x00000000000004e8                LLWU_IRQHandler
                0x00000000000004e8                Reserved42_IRQHandler
                0x00000000000004e8                ADC0_IRQHandler
                0x00000000000004e8                Reserved39_IRQHandler
                0x00000000000004e8                DefaultISR
                0x00000000000004e8                Reserved25_IRQHandler
                0x00000000000004e8                Reserved43_IRQHandler
                0x00000000000004e8                RTC_IRQHandler
                0x00000000000004e8                Reserved27_IRQHandler
                0x00000000000004e8                RTC_Seconds_IRQHandler
                0x00000000000004e8                Reserved35_IRQHandler
                0x00000000000004e8                Reserved20_IRQHandler
                0x00000000000004e8                Reserved17_IRQHandler
                0x00000000000004e8                Reserved41_IRQHandler
                0x00000000000004e8                SVC_Handler
                0x00000000000004e8                LPUART0_IRQHandler
                0x00000000000004e8                Reserved45_IRQHandler
                0x00000000000004e8                Reserved30_IRQHandler
                0x00000000000004e8                PMC_IRQHandler
                0x00000000000004e8                TPM1_IRQHandler
                0x00000000000004e8                PORTA_IRQHandler
                0x00000000000004e8                FTFA_IRQHandler
                0x00000000000004e8                Reserved40_IRQHandler
                0x00000000000004e8                Reserved38_IRQHandler
                0x00000000000004e8                LPTMR0_IRQHandler
                0x00000000000004e8                Reserved18_IRQHandler
                0x00000000000004e8                CMP0_IRQHandler
 .text          0x00000000000004f0        0xe /Applications/ARM/bin/../lib/gcc/arm-none-eabi/10.3.1/../../../../arm-none-eabi/lib/thumb/v6-m/nofp/libc_nano.a(lib_a-strlen.o)
                0x00000000000004f0                strlen
 *fill*         0x00000000000004fe        0x2 
 .text          0x0000000000000500       0x14 /Applications/ARM/bin/../lib/gcc/arm-none-eabi/10.3.1/thumb/v6-m/nofp/libgcc.a(_thumb1_case_shi.o)
                0x0000000000000500                __gnu_thumb1_case_shi
 .text          0x0000000000000514      0x114 /Applications/ARM/bin/../lib/gcc/arm-none-eabi/10.3.1/thumb/v6-m/nofp/libgcc.a(_udivsi3.o)
                0x0000000000000514                __udivsi3
                0x0000000000000514                __aeabi_uidiv
                0x0000000000000620                __aeabi_uidivmod
 .text          0x0000000000000628      0x1d4 /Applications/ARM/bin/../lib/gcc/arm-none-eabi/10.3.1/thumb/v6-m/nofp/libgcc.a(_divsi3.o)
                0x0000000000000628                __aeabi_idiv
                0x0000000000000628                __divsi3
                0x00000000000007f4                __aeabi_idivmod
 .text          0x00000000000007fc        0x4 /Applications/ARM/bin/../lib/gcc/arm-none-eabi/10.3.1/thumb/v6-m/nofp/libgcc.a(_dvmd_tls.o)
                0x00000000000007fc                __aeabi_ldiv0
                0x00000000000007fc                __aeabi_idiv0
 .text          0x0000000000000800       0x5c /Applications/ARM/bin/../lib/gcc/arm-none-eabi/10.3.1/thumb/v6-m/nofp/libgcc.a(_muldi3.o)
                0x0000000000000800                __aeabi_lmul
                0x0000000000000800                __muldi3
 *(.text*)
 .text._sbrk    0x000000000000085c       0x38 CMakeFiles/kw565-coursework-5.dir/Users/kuiwang/Documents/Assignment5/platform/utilities/src/fsl_misc_utilities.c.obj
                0x000000000000085c                _sbrk
 .text.writeCommand
                0x0000000000000894       0x3c CMakeFiles/kw565-coursework-5.dir/Users/kuiwang/Documents/Assignment5/source/main.c.obj
                0x0000000000000894                writeCommand
 .text.printHeart
                0x00000000000008d0       0x9c CMakeFiles/kw565-coursework-5.dir/Users/kuiwang/Documents/Assignment5/source/main.c.obj
                0x00000000000008d0                printHeart
 .text.heartFall
                0x000000000000096c       0xb4 CMakeFiles/kw565-coursework-5.dir/Users/kuiwang/Documents/Assignment5/source/main.c.obj
                0x000000000000096c                heartFall
 .text.printArrow
                0x0000000000000a20       0xa8 CMakeFiles/kw565-coursework-5.dir/Users/kuiwang/Documents/Assignment5/source/main.c.obj
                0x0000000000000a20                printArrow
 .text.clearArrow
                0x0000000000000ac8       0x5c CMakeFiles/kw565-coursework-5.dir/Users/kuiwang/Documents/Assignment5/source/main.c.obj
                0x0000000000000ac8                clearArrow
 .text.devSSD1331init
                0x0000000000000b24      0x116 CMakeFiles/kw565-coursework-5.dir/Users/kuiwang/Documents/Assignment5/source/main.c.obj
                0x0000000000000b24                devSSD1331init
 *fill*         0x0000000000000c3a        0x2 
 .text.startup.main
                0x0000000000000c3c      0x1e4 CMakeFiles/kw565-coursework-5.dir/Users/kuiwang/Documents/Assignment5/source/main.c.obj
                0x0000000000000c3c                main
 .text.PORTB_IRQHandler
                0x0000000000000e20       0x20 CMakeFiles/kw565-coursework-5.dir/Users/kuiwang/Documents/Assignment5/source/main.c.obj
                0x0000000000000e20                PORTB_IRQHandler
 .text.I2C0_IRQHandler
                0x0000000000000e40        0xa CMakeFiles/kw565-coursework-5.dir/Users/kuiwang/Documents/Assignment5/source/fsl_i2c_irq.c.obj
                0x0000000000000e40                I2C0_IRQHandler
 .text.accel_read_reg
                0x0000000000000e4a       0x36 CMakeFiles/kw565-coursework-5.dir/Users/kuiwang/Documents/Assignment5/source/accel.c.obj
                0x0000000000000e4a                accel_read_reg
 .text.accel_write_reg
                0x0000000000000e80       0x34 CMakeFiles/kw565-coursework-5.dir/Users/kuiwang/Documents/Assignment5/source/accel.c.obj
                0x0000000000000e80                accel_write_reg
 .text.accel_init
                0x0000000000000eb4       0x88 CMakeFiles/kw565-coursework-5.dir/Users/kuiwang/Documents/Assignment5/source/accel.c.obj
                0x0000000000000eb4                accel_init
 .text.fxos_init
                0x0000000000000f3c       0xb4 CMakeFiles/kw565-coursework-5.dir/Users/kuiwang/Documents/Assignment5/source/fxos_api.c.obj
                0x0000000000000f3c                fxos_init
 .text.fxos_read_register_array_fast
                0x0000000000000ff0       0x2e CMakeFiles/kw565-coursework-5.dir/Users/kuiwang/Documents/Assignment5/source/fxos_api.c.obj
                0x0000000000000ff0                fxos_read_register_array_fast
 .text.fxos_read_sensor_data
                0x000000000000101e        0xe CMakeFiles/kw565-coursework-5.dir/Users/kuiwang/Documents/Assignment5/source/fxos_api.c.obj
                0x000000000000101e                fxos_read_sensor_data
 .text.mma8451_init
                0x000000000000102c       0xdc CMakeFiles/kw565-coursework-5.dir/Users/kuiwang/Documents/Assignment5/source/mma8451_api.c.obj
                0x000000000000102c                mma8451_init
 .text.mma8451_read_sensor_data
                0x0000000000001108       0xae CMakeFiles/kw565-coursework-5.dir/Users/kuiwang/Documents/Assignment5/source/mma8451_api.c.obj
                0x0000000000001108                mma8451_read_sensor_data
 .text.SPI0_IRQHandler
                0x00000000000011b6       0x10 CMakeFiles/kw565-coursework-5.dir/Users/kuiwang/Documents/Assignment5/source/fsl_spi_irq.c.obj
                0x00000000000011b6                SPI0_IRQHandler
 .text.hardware_init
                0x00000000000011c6       0x22 CMakeFiles/kw565-coursework-5.dir/Users/kuiwang/Documents/Assignment5/source/hardware_init.c.obj
                0x00000000000011c6                hardware_init
 .text.PORT_HAL_SetMuxMode
                0x00000000000011e8       0x50 CMakeFiles/kw565-coursework-5.dir/Users/kuiwang/Documents/Assignment5/source/pin_mux.c.obj
 .text.configure_i2c_pins
                0x0000000000001238       0x38 CMakeFiles/kw565-coursework-5.dir/Users/kuiwang/Documents/Assignment5/source/pin_mux.c.obj
                0x0000000000001238                configure_i2c_pins
 .text.configure_spi_pins
                0x0000000000001270       0x54 CMakeFiles/kw565-coursework-5.dir/Users/kuiwang/Documents/Assignment5/source/pin_mux.c.obj
                0x0000000000001270                configure_spi_pins
 .text._write   0x00000000000012c4       0x58 CMakeFiles/kw565-coursework-5.dir/Users/kuiwang/Documents/Assignment5/platform/utilities/src/fsl_debug_console.c.obj
                0x00000000000012c4                _write
 .text._read    0x000000000000131c       0x44 CMakeFiles/kw565-coursework-5.dir/Users/kuiwang/Documents/Assignment5/platform/utilities/src/fsl_debug_console.c.obj
                0x000000000000131c                _read
 .text.debug_printf
                0x0000000000001360       0x4c CMakeFiles/kw565-coursework-5.dir/Users/kuiwang/Documents/Assignment5/platform/utilities/src/fsl_debug_console.c.obj
                0x0000000000001360                debug_printf
 .text.debug_putc
                0x00000000000013ac       0x44 CMakeFiles/kw565-coursework-5.dir/Users/kuiwang/Documents/Assignment5/platform/utilities/src/fsl_debug_console.c.obj
 .text._doprint
                0x00000000000013f0      0x6f0 CMakeFiles/kw565-coursework-5.dir/Users/kuiwang/Documents/Assignment5/platform/utilities/src/print_scan.c.obj
                0x00000000000013f0                _doprint
 .text.mknumstr
                0x0000000000001ae0      0x10e CMakeFiles/kw565-coursework-5.dir/Users/kuiwang/Documents/Assignment5/platform/utilities/src/print_scan.c.obj
 .text.fput_pad
                0x0000000000001bee       0x44 CMakeFiles/kw565-coursework-5.dir/Users/kuiwang/Documents/Assignment5/platform/utilities/src/print_scan.c.obj
 *fill*         0x0000000000001c32        0x2 
 .text.SystemInit
                0x0000000000001c34       0x3c CMakeFiles/kw565-coursework-5.dir/Users/kuiwang/Documents/Assignment5/platform/devices/MKL03Z4/startup/system_MKL03Z4.c.obj
                0x0000000000001c34                SystemInit
 .text.init_data_bss
                0x0000000000001c70       0xcc CMakeFiles/kw565-coursework-5.dir/Users/kuiwang/Documents/Assignment5/platform/devices/startup.c.obj
                0x0000000000001c70                init_data_bss
 .text.OSA_TimeInit
                0x0000000000001d3c       0x44 ../lib/release/libksdk_platform.a(fsl_os_abstraction_bm.c.obj)
                0x0000000000001d3c                OSA_TimeInit
 .text.OSA_TimeDiff
                0x0000000000001d80       0x10 ../lib/release/libksdk_platform.a(fsl_os_abstraction_bm.c.obj)
                0x0000000000001d80                OSA_TimeDiff
 .text.OSA_SemaCreate
                0x0000000000001d90        0xe ../lib/release/libksdk_platform.a(fsl_os_abstraction_bm.c.obj)
                0x0000000000001d90                OSA_SemaCreate
 .text.OSA_SemaPost
                0x0000000000001d9e       0x20 ../lib/release/libksdk_platform.a(fsl_os_abstraction_bm.c.obj)
                0x0000000000001d9e                OSA_SemaPost
 .text.OSA_EventSet
                0x0000000000001dbe       0x18 ../lib/release/libksdk_platform.a(fsl_os_abstraction_bm.c.obj)
                0x0000000000001dbe                OSA_EventSet
 *fill*         0x0000000000001dd6        0x2 
 .text.task_init
                0x0000000000001dd8       0x38 ../lib/release/libksdk_platform.a(fsl_os_abstraction_bm.c.obj)
                0x0000000000001dd8                task_init
 .text.OSA_TimeGetMsec
                0x0000000000001e10       0x10 ../lib/release/libksdk_platform.a(fsl_os_abstraction_bm.c.obj)
                0x0000000000001e10                OSA_TimeGetMsec
 .text.OSA_SemaWait
                0x0000000000001e20       0x70 ../lib/release/libksdk_platform.a(fsl_os_abstraction_bm.c.obj)
                0x0000000000001e20                OSA_SemaWait
 .text.OSA_TimeDelay
                0x0000000000001e90       0x1c ../lib/release/libksdk_platform.a(fsl_os_abstraction_bm.c.obj)
                0x0000000000001e90                OSA_TimeDelay
 .text.OSA_Init
                0x0000000000001eac        0xe ../lib/release/libksdk_platform.a(fsl_os_abstraction_bm.c.obj)
                0x0000000000001eac                OSA_Init
 *fill*         0x0000000000001eba        0x2 
 .text.SIM_HAL_EnableClock.constprop.0
                0x0000000000001ebc       0x28 ../lib/release/libksdk_platform.a(fsl_clock_MKL03Z4.c.obj)
 .text.CLOCK_SYS_GetCoreClockFreq
                0x0000000000001ee4       0x20 ../lib/release/libksdk_platform.a(fsl_clock_MKL03Z4.c.obj)
                0x0000000000001ee4                CLOCK_SYS_GetCoreClockFreq
 .text.CLOCK_SYS_GetBusClockFreq
                0x0000000000001f04       0x18 ../lib/release/libksdk_platform.a(fsl_clock_MKL03Z4.c.obj)
                0x0000000000001f04                CLOCK_SYS_GetBusClockFreq
 .text.CLOCK_SYS_EnablePortClock
                0x0000000000001f1c       0x10 ../lib/release/libksdk_platform.a(fsl_clock_MKL03Z4.c.obj)
                0x0000000000001f1c                CLOCK_SYS_EnablePortClock
 .text.CLOCK_SYS_EnableSpiClock
                0x0000000000001f2c       0x10 ../lib/release/libksdk_platform.a(fsl_clock_MKL03Z4.c.obj)
                0x0000000000001f2c                CLOCK_SYS_EnableSpiClock
 .text.CLOCK_SYS_EnableI2cClock
                0x0000000000001f3c        0xa ../lib/release/libksdk_platform.a(fsl_clock_MKL03Z4.c.obj)
                0x0000000000001f3c                CLOCK_SYS_EnableI2cClock
 *fill*         0x0000000000001f46        0x2 
 .text.INT_SYS_EnableIRQGlobal
                0x0000000000001f48       0x18 ../lib/release/libksdk_platform.a(fsl_interrupt_manager.c.obj)
                0x0000000000001f48                INT_SYS_EnableIRQGlobal
 .text.INT_SYS_DisableIRQGlobal
                0x0000000000001f60       0x10 ../lib/release/libksdk_platform.a(fsl_interrupt_manager.c.obj)
                0x0000000000001f60                INT_SYS_DisableIRQGlobal
 .text.GPIO_DRV_InputPinInit
                0x0000000000001f70       0x98 ../lib/release/libksdk_platform.a(fsl_gpio_driver.c.obj)
                0x0000000000001f70                GPIO_DRV_InputPinInit
 .text.GPIO_DRV_OutputPinInit
                0x0000000000002008       0x64 ../lib/release/libksdk_platform.a(fsl_gpio_driver.c.obj)
                0x0000000000002008                GPIO_DRV_OutputPinInit
 .text.GPIO_DRV_Init
                0x000000000000206c       0x34 ../lib/release/libksdk_platform.a(fsl_gpio_driver.c.obj)
                0x000000000000206c                GPIO_DRV_Init
 .text.GPIO_DRV_SetPinOutput
                0x00000000000020a0       0x1c ../lib/release/libksdk_platform.a(fsl_gpio_driver.c.obj)
                0x00000000000020a0                GPIO_DRV_SetPinOutput
 .text.GPIO_DRV_ClearPinOutput
                0x00000000000020bc       0x1c ../lib/release/libksdk_platform.a(fsl_gpio_driver.c.obj)
                0x00000000000020bc                GPIO_DRV_ClearPinOutput
 .text.GPIO_DRV_ClearPinIntFlag
                0x00000000000020d8       0x24 ../lib/release/libksdk_platform.a(fsl_gpio_driver.c.obj)
                0x00000000000020d8                GPIO_DRV_ClearPinIntFlag
 .text.I2C_DRV_IRQHandler
                0x00000000000020fc       0x2c ../lib/release/libksdk_platform.a(fsl_i2c_shared_function.c.obj)
                0x00000000000020fc                I2C_DRV_IRQHandler
 .text.I2C_HAL_WriteByte
                0x0000000000002128       0x14 ../lib/release/libksdk_platform.a(fsl_i2c_master_driver.c.obj)
 .text.I2C_DRV_MasterWait
                0x000000000000213c       0x2c ../lib/release/libksdk_platform.a(fsl_i2c_master_driver.c.obj)
 .text.I2C_DRV_CompleteTransfer
                0x0000000000002168       0x4c ../lib/release/libksdk_platform.a(fsl_i2c_master_driver.c.obj)
 .text.I2C_DRV_SendAddress.isra.0
                0x00000000000021b4       0xe8 ../lib/release/libksdk_platform.a(fsl_i2c_master_driver.c.obj)
 .text.I2C_DRV_MasterInit
                0x000000000000229c       0x78 ../lib/release/libksdk_platform.a(fsl_i2c_master_driver.c.obj)
                0x000000000000229c                I2C_DRV_MasterInit
 .text.I2C_DRV_MasterSetBaudRate
                0x0000000000002314       0x34 ../lib/release/libksdk_platform.a(fsl_i2c_master_driver.c.obj)
                0x0000000000002314                I2C_DRV_MasterSetBaudRate
 .text.I2C_DRV_MasterSend
                0x0000000000002348       0xe4 ../lib/release/libksdk_platform.a(fsl_i2c_master_driver.c.obj)
 .text.I2C_DRV_MasterReceive
                0x000000000000242c       0xec ../lib/release/libksdk_platform.a(fsl_i2c_master_driver.c.obj)
 .text.I2C_DRV_MasterSendDataBlocking
                0x0000000000002518       0x1a ../lib/release/libksdk_platform.a(fsl_i2c_master_driver.c.obj)
                0x0000000000002518                I2C_DRV_MasterSendDataBlocking
 .text.I2C_DRV_MasterReceiveDataBlocking
                0x0000000000002532       0x1a ../lib/release/libksdk_platform.a(fsl_i2c_master_driver.c.obj)
                0x0000000000002532                I2C_DRV_MasterReceiveDataBlocking
 .text.I2C_DRV_MasterIRQHandler
                0x000000000000254c       0xc8 ../lib/release/libksdk_platform.a(fsl_i2c_master_driver.c.obj)
                0x000000000000254c                I2C_DRV_MasterIRQHandler
 .text.I2C_DRV_SlaveIRQHandler
                0x0000000000002614      0x204 ../lib/release/libksdk_platform.a(fsl_i2c_slave_driver.c.obj)
                0x0000000000002614                I2C_DRV_SlaveIRQHandler
 .text.LPTMR_HAL_SetTimerWorkingMode
                0x0000000000002818       0x36 ../lib/release/libksdk_platform.a(fsl_lptmr_hal.c.obj)
                0x0000000000002818                LPTMR_HAL_SetTimerWorkingMode
 .text.LPTMR_HAL_SetPrescalerMode
                0x000000000000284e       0x1a ../lib/release/libksdk_platform.a(fsl_lptmr_hal.c.obj)
                0x000000000000284e                LPTMR_HAL_SetPrescalerMode
 .text.LPTMR_HAL_GetCounterValue
                0x0000000000002868       0x14 ../lib/release/libksdk_platform.a(fsl_lptmr_hal.c.obj)
                0x0000000000002868                LPTMR_HAL_GetCounterValue
 .text.CLOCK_HAL_GetLircClk
                0x000000000000287c       0x44 ../lib/release/libksdk_platform.a(fsl_mcglite_hal.c.obj)
                0x000000000000287c                CLOCK_HAL_GetLircClk
 .text.CLOCK_HAL_GetOutClk
                0x00000000000028c0       0x48 ../lib/release/libksdk_platform.a(fsl_mcglite_hal.c.obj)
                0x00000000000028c0                CLOCK_HAL_GetOutClk
 .text.SPI_DRV_IRQHandler
                0x0000000000002908       0x20 ../lib/release/libksdk_platform.a(fsl_spi_shared_function.c.obj)
                0x0000000000002908                SPI_DRV_IRQHandler
 .text.SPI_DRV_MasterCompleteTransfer
                0x0000000000002928       0x3c ../lib/release/libksdk_platform.a(fsl_spi_master_driver.c.obj)
 .text.SPI_DRV_MasterInit
                0x0000000000002964       0x94 ../lib/release/libksdk_platform.a(fsl_spi_master_driver.c.obj)
                0x0000000000002964                SPI_DRV_MasterInit
 .text.SPI_DRV_MasterConfigureBus
                0x00000000000029f8       0x34 ../lib/release/libksdk_platform.a(fsl_spi_master_driver.c.obj)
                0x00000000000029f8                SPI_DRV_MasterConfigureBus
 .text.SPI_DRV_MasterStartTransfer
                0x0000000000002a2c       0x80 ../lib/release/libksdk_platform.a(fsl_spi_master_driver.c.obj)
 .text.SPI_DRV_MasterTransferBlocking
                0x0000000000002aac       0x58 ../lib/release/libksdk_platform.a(fsl_spi_master_driver.c.obj)
                0x0000000000002aac                SPI_DRV_MasterTransferBlocking
 .text.SPI_DRV_MasterIRQHandler
                0x0000000000002b04       0x78 ../lib/release/libksdk_platform.a(fsl_spi_master_driver.c.obj)
                0x0000000000002b04                SPI_DRV_MasterIRQHandler
 .text.SPI_DRV_SlaveCompleteTransfer
                0x0000000000002b7c       0x50 ../lib/release/libksdk_platform.a(fsl_spi_slave_driver.c.obj)
 .text.SPI_DRV_SlaveIRQHandler
                0x0000000000002bcc       0x98 ../lib/release/libksdk_platform.a(fsl_spi_slave_driver.c.obj)
                0x0000000000002bcc                SPI_DRV_SlaveIRQHandler
 .text.GPIO_HAL_SetPinDir
                0x0000000000002c64       0x1e ../lib/release/libksdk_platform.a(fsl_gpio_hal.c.obj)
                0x0000000000002c64                GPIO_HAL_SetPinDir
 .text.GPIO_HAL_WritePinOutput
                0x0000000000002c82       0x10 ../lib/release/libksdk_platform.a(fsl_gpio_hal.c.obj)
                0x0000000000002c82                GPIO_HAL_WritePinOutput
 .text.I2C_HAL_Init
                0x0000000000002c92       0x1c ../lib/release/libksdk_platform.a(fsl_i2c_hal.c.obj)
                0x0000000000002c92                I2C_HAL_Init
 *fill*         0x0000000000002cae        0x2 
 .text.I2C_HAL_SetBaudRate
                0x0000000000002cb0       0x8c ../lib/release/libksdk_platform.a(fsl_i2c_hal.c.obj)
                0x0000000000002cb0                I2C_HAL_SetBaudRate
 .text.I2C_HAL_SendStart
                0x0000000000002d3c       0x24 ../lib/release/libksdk_platform.a(fsl_i2c_hal.c.obj)
                0x0000000000002d3c                I2C_HAL_SendStart
 .text.I2C_HAL_SendStop
                0x0000000000002d60       0x32 ../lib/release/libksdk_platform.a(fsl_i2c_hal.c.obj)
                0x0000000000002d60                I2C_HAL_SendStop
 .text.SPI_HAL_Init
                0x0000000000002d92        0xe ../lib/release/libksdk_platform.a(fsl_spi_hal.c.obj)
                0x0000000000002d92                SPI_HAL_Init
 .text.SPI_HAL_SetBaud
                0x0000000000002da0       0x6e ../lib/release/libksdk_platform.a(fsl_spi_hal.c.obj)
                0x0000000000002da0                SPI_HAL_SetBaud
 .text.SPI_HAL_SetSlaveSelectOutputMode
                0x0000000000002e0e       0x24 ../lib/release/libksdk_platform.a(fsl_spi_hal.c.obj)
                0x0000000000002e0e                SPI_HAL_SetSlaveSelectOutputMode
 .text.SPI_HAL_SetDataFormat
                0x0000000000002e32       0x26 ../lib/release/libksdk_platform.a(fsl_spi_hal.c.obj)
                0x0000000000002e32                SPI_HAL_SetDataFormat
 .text.SPI_HAL_SetPinMode
                0x0000000000002e58       0x1e ../lib/release/libksdk_platform.a(fsl_spi_hal.c.obj)
                0x0000000000002e58                SPI_HAL_SetPinMode
 .text.SPI_HAL_SetIntMode
                0x0000000000002e76       0x2a ../lib/release/libksdk_platform.a(fsl_spi_hal.c.obj)
                0x0000000000002e76                SPI_HAL_SetIntMode
 .text.__assert_func
                0x0000000000002ea0       0x3c /Applications/ARM/bin/../lib/gcc/arm-none-eabi/10.3.1/../../../../arm-none-eabi/lib/thumb/v6-m/nofp/libc_nano.a(lib_a-assert.o)
                0x0000000000002ea0                __assert_func
 .text.__errno  0x0000000000002edc        0xc /Applications/ARM/bin/../lib/gcc/arm-none-eabi/10.3.1/../../../../arm-none-eabi/lib/thumb/v6-m/nofp/libc_nano.a(lib_a-errno.o)
                0x0000000000002edc                __errno
 .text.exit     0x0000000000002ee8       0x2c /Applications/ARM/bin/../lib/gcc/arm-none-eabi/10.3.1/../../../../arm-none-eabi/lib/thumb/v6-m/nofp/libc_nano.a(lib_a-exit.o)
                0x0000000000002ee8                exit
 .text.fprintf  0x0000000000002f14       0x20 /Applications/ARM/bin/../lib/gcc/arm-none-eabi/10.3.1/../../../../arm-none-eabi/lib/thumb/v6-m/nofp/libc_nano.a(lib_a-fprintf.o)
                0x0000000000002f14                fprintf
                0x0000000000002f14                fiprintf
 .text.__libc_init_array
                0x0000000000002f34       0x48 /Applications/ARM/bin/../lib/gcc/arm-none-eabi/10.3.1/../../../../arm-none-eabi/lib/thumb/v6-m/nofp/libc_nano.a(lib_a-init.o)
                0x0000000000002f34                __libc_init_array
 .text.malloc   0x0000000000002f7c       0x14 /Applications/ARM/bin/../lib/gcc/arm-none-eabi/10.3.1/../../../../arm-none-eabi/lib/thumb/v6-m/nofp/libc_nano.a(lib_a-malloc.o)
                0x0000000000002f7c                malloc
 .text.memset   0x0000000000002f90       0x10 /Applications/ARM/bin/../lib/gcc/arm-none-eabi/10.3.1/../../../../arm-none-eabi/lib/thumb/v6-m/nofp/libc_nano.a(lib_a-memset.o)
                0x0000000000002f90                memset
 .text._free_r  0x0000000000002fa0       0x94 /Applications/ARM/bin/../lib/gcc/arm-none-eabi/10.3.1/../../../../arm-none-eabi/lib/thumb/v6-m/nofp/libc_nano.a(lib_a-nano-freer.o)
                0x0000000000002fa0                _free_r
 .text.sbrk_aligned
                0x0000000000003034       0x44 /Applications/ARM/bin/../lib/gcc/arm-none-eabi/10.3.1/../../../../arm-none-eabi/lib/thumb/v6-m/nofp/libc_nano.a(lib_a-nano-mallocr.o)
 .text._malloc_r
                0x0000000000003078       0xec /Applications/ARM/bin/../lib/gcc/arm-none-eabi/10.3.1/../../../../arm-none-eabi/lib/thumb/v6-m/nofp/libc_nano.a(lib_a-nano-mallocr.o)
                0x0000000000003078                _malloc_r
 .text.__sfputc_r
                0x0000000000003164       0x2a /Applications/ARM/bin/../lib/gcc/arm-none-eabi/10.3.1/../../../../arm-none-eabi/lib/thumb/v6-m/nofp/libc_nano.a(lib_a-nano-vfprintf.o)
 .text.__sfputs_r
                0x000000000000318e       0x24 /Applications/ARM/bin/../lib/gcc/arm-none-eabi/10.3.1/../../../../arm-none-eabi/lib/thumb/v6-m/nofp/libc_nano.a(lib_a-nano-vfprintf.o)
                0x000000000000318e                __sfputs_r
 *fill*         0x00000000000031b2        0x2 
 .text._vfprintf_r
                0x00000000000031b4      0x274 /Applications/ARM/bin/../lib/gcc/arm-none-eabi/10.3.1/../../../../arm-none-eabi/lib/thumb/v6-m/nofp/libc_nano.a(lib_a-nano-vfprintf.o)
                0x00000000000031b4                _vfiprintf_r
                0x00000000000031b4                _vfprintf_r
 .text._printf_common
                0x0000000000003428       0xde /Applications/ARM/bin/../lib/gcc/arm-none-eabi/10.3.1/../../../../arm-none-eabi/lib/thumb/v6-m/nofp/libc_nano.a(lib_a-nano-vfprintf_i.o)
                0x0000000000003428                _printf_common
 *fill*         0x0000000000003506        0x2 
 .text._printf_i
                0x0000000000003508      0x224 /Applications/ARM/bin/../lib/gcc/arm-none-eabi/10.3.1/../../../../arm-none-eabi/lib/thumb/v6-m/nofp/libc_nano.a(lib_a-nano-vfprintf_i.o)
                0x0000000000003508                _printf_i
 .text.srand    0x000000000000372c       0x60 /Applications/ARM/bin/../lib/gcc/arm-none-eabi/10.3.1/../../../../arm-none-eabi/lib/thumb/v6-m/nofp/libc_nano.a(lib_a-rand.o)
                0x000000000000372c                srand
 .text.rand     0x000000000000378c       0x7c /Applications/ARM/bin/../lib/gcc/arm-none-eabi/10.3.1/../../../../arm-none-eabi/lib/thumb/v6-m/nofp/libc_nano.a(lib_a-rand.o)
                0x000000000000378c                rand
 .text._sbrk_r  0x0000000000003808       0x24 /Applications/ARM/bin/../lib/gcc/arm-none-eabi/10.3.1/../../../../arm-none-eabi/lib/thumb/v6-m/nofp/libc_nano.a(lib_a-sbrkr.o)
                0x0000000000003808                _sbrk_r
 .text.time     0x000000000000382c       0x34 /Applications/ARM/bin/../lib/gcc/arm-none-eabi/10.3.1/../../../../arm-none-eabi/lib/thumb/v6-m/nofp/libc_nano.a(lib_a-time.o)
                0x000000000000382c                time
 .text.__swbuf_r
                0x0000000000003860       0xac /Applications/ARM/bin/../lib/gcc/arm-none-eabi/10.3.1/../../../../arm-none-eabi/lib/thumb/v6-m/nofp/libc_nano.a(lib_a-wbuf.o)
                0x0000000000003860                __swbuf_r
 .text.__swsetup_r
                0x000000000000390c       0xf0 /Applications/ARM/bin/../lib/gcc/arm-none-eabi/10.3.1/../../../../arm-none-eabi/lib/thumb/v6-m/nofp/libc_nano.a(lib_a-wsetup.o)
                0x000000000000390c                __swsetup_r
 .text.abort    0x00000000000039fc        0xe /Applications/ARM/bin/../lib/gcc/arm-none-eabi/10.3.1/../../../../arm-none-eabi/lib/thumb/v6-m/nofp/libc_nano.a(lib_a-abort.o)
                0x00000000000039fc                abort
 *fill*         0x0000000000003a0a        0x2 
 .text.__sflush_r
                0x0000000000003a0c      0x118 /Applications/ARM/bin/../lib/gcc/arm-none-eabi/10.3.1/../../../../arm-none-eabi/lib/thumb/v6-m/nofp/libc_nano.a(lib_a-fflush.o)
                0x0000000000003a0c                __sflush_r
 .text._fflush_r
                0x0000000000003b24       0x80 /Applications/ARM/bin/../lib/gcc/arm-none-eabi/10.3.1/../../../../arm-none-eabi/lib/thumb/v6-m/nofp/libc_nano.a(lib_a-fflush.o)
                0x0000000000003b24                _fflush_r
 .text.std      0x0000000000003ba4       0x48 /Applications/ARM/bin/../lib/gcc/arm-none-eabi/10.3.1/../../../../arm-none-eabi/lib/thumb/v6-m/nofp/libc_nano.a(lib_a-findfp.o)
 .text._cleanup_r
                0x0000000000003bec       0x10 /Applications/ARM/bin/../lib/gcc/arm-none-eabi/10.3.1/../../../../arm-none-eabi/lib/thumb/v6-m/nofp/libc_nano.a(lib_a-findfp.o)
                0x0000000000003bec                _cleanup_r
 .text.__sfmoreglue
                0x0000000000003bfc       0x2c /Applications/ARM/bin/../lib/gcc/arm-none-eabi/10.3.1/../../../../arm-none-eabi/lib/thumb/v6-m/nofp/libc_nano.a(lib_a-findfp.o)
                0x0000000000003bfc                __sfmoreglue
 .text.__sfp_lock_acquire
                0x0000000000003c28       0x10 /Applications/ARM/bin/../lib/gcc/arm-none-eabi/10.3.1/../../../../arm-none-eabi/lib/thumb/v6-m/nofp/libc_nano.a(lib_a-findfp.o)
                0x0000000000003c28                __sfp_lock_acquire
 .text.__sfp_lock_release
                0x0000000000003c38       0x10 /Applications/ARM/bin/../lib/gcc/arm-none-eabi/10.3.1/../../../../arm-none-eabi/lib/thumb/v6-m/nofp/libc_nano.a(lib_a-findfp.o)
                0x0000000000003c38                __sfp_lock_release
 .text.__sinit_lock_acquire
                0x0000000000003c48       0x10 /Applications/ARM/bin/../lib/gcc/arm-none-eabi/10.3.1/../../../../arm-none-eabi/lib/thumb/v6-m/nofp/libc_nano.a(lib_a-findfp.o)
                0x0000000000003c48                __sinit_lock_acquire
 .text.__sinit_lock_release
                0x0000000000003c58       0x10 /Applications/ARM/bin/../lib/gcc/arm-none-eabi/10.3.1/../../../../arm-none-eabi/lib/thumb/v6-m/nofp/libc_nano.a(lib_a-findfp.o)
                0x0000000000003c58                __sinit_lock_release
 .text.__sinit  0x0000000000003c68       0x70 /Applications/ARM/bin/../lib/gcc/arm-none-eabi/10.3.1/../../../../arm-none-eabi/lib/thumb/v6-m/nofp/libc_nano.a(lib_a-findfp.o)
                0x0000000000003c68                __sinit
 .text.__sfp    0x0000000000003cd8       0x90 /Applications/ARM/bin/../lib/gcc/arm-none-eabi/10.3.1/../../../../arm-none-eabi/lib/thumb/v6-m/nofp/libc_nano.a(lib_a-findfp.o)
                0x0000000000003cd8                __sfp
 .text._fwalk_reent
                0x0000000000003d68       0x40 /Applications/ARM/bin/../lib/gcc/arm-none-eabi/10.3.1/../../../../arm-none-eabi/lib/thumb/v6-m/nofp/libc_nano.a(lib_a-fwalk.o)
                0x0000000000003d68                _fwalk_reent
 .text._gettimeofday_r
                0x0000000000003da8       0x24 /Applications/ARM/bin/../lib/gcc/arm-none-eabi/10.3.1/../../../../arm-none-eabi/lib/thumb/v6-m/nofp/libc_nano.a(lib_a-gettimeofdayr.o)
                0x0000000000003da8                _gettimeofday_r
 .text.__retarget_lock_init_recursive
                0x0000000000003dcc        0x2 /Applications/ARM/bin/../lib/gcc/arm-none-eabi/10.3.1/../../../../arm-none-eabi/lib/thumb/v6-m/nofp/libc_nano.a(lib_a-lock.o)
                0x0000000000003dcc                __retarget_lock_init_recursive
 .text.__retarget_lock_acquire_recursive
                0x0000000000003dce        0x2 /Applications/ARM/bin/../lib/gcc/arm-none-eabi/10.3.1/../../../../arm-none-eabi/lib/thumb/v6-m/nofp/libc_nano.a(lib_a-lock.o)
                0x0000000000003dce                __retarget_lock_acquire_recursive
 .text.__retarget_lock_release_recursive
                0x0000000000003dd0        0x2 /Applications/ARM/bin/../lib/gcc/arm-none-eabi/10.3.1/../../../../arm-none-eabi/lib/thumb/v6-m/nofp/libc_nano.a(lib_a-lock.o)
                0x0000000000003dd0                __retarget_lock_release_recursive
 *fill*         0x0000000000003dd2        0x2 
 .text.__swhatbuf_r
                0x0000000000003dd4       0x50 /Applications/ARM/bin/../lib/gcc/arm-none-eabi/10.3.1/../../../../arm-none-eabi/lib/thumb/v6-m/nofp/libc_nano.a(lib_a-makebuf.o)
                0x0000000000003dd4                __swhatbuf_r
 .text.__smakebuf_r
                0x0000000000003e24       0x88 /Applications/ARM/bin/../lib/gcc/arm-none-eabi/10.3.1/../../../../arm-none-eabi/lib/thumb/v6-m/nofp/libc_nano.a(lib_a-makebuf.o)
                0x0000000000003e24                __smakebuf_r
 .text.memchr   0x0000000000003eac       0x16 /Applications/ARM/bin/../lib/gcc/arm-none-eabi/10.3.1/../../../../arm-none-eabi/lib/thumb/v6-m/nofp/libc_nano.a(lib_a-memchr-stub.o)
                0x0000000000003eac                memchr
 *fill*         0x0000000000003ec2        0x2 
 .text.__malloc_lock
                0x0000000000003ec4       0x10 /Applications/ARM/bin/../lib/gcc/arm-none-eabi/10.3.1/../../../../arm-none-eabi/lib/thumb/v6-m/nofp/libc_nano.a(lib_a-mlock.o)
                0x0000000000003ec4                __malloc_lock
 .text.__malloc_unlock
                0x0000000000003ed4       0x10 /Applications/ARM/bin/../lib/gcc/arm-none-eabi/10.3.1/../../../../arm-none-eabi/lib/thumb/v6-m/nofp/libc_nano.a(lib_a-mlock.o)
                0x0000000000003ed4                __malloc_unlock
 .text._raise_r
                0x0000000000003ee4       0x54 /Applications/ARM/bin/../lib/gcc/arm-none-eabi/10.3.1/../../../../arm-none-eabi/lib/thumb/v6-m/nofp/libc_nano.a(lib_a-signal.o)
                0x0000000000003ee4                _raise_r
 .text.raise    0x0000000000003f38       0x14 /Applications/ARM/bin/../lib/gcc/arm-none-eabi/10.3.1/../../../../arm-none-eabi/lib/thumb/v6-m/nofp/libc_nano.a(lib_a-signal.o)
                0x0000000000003f38                raise
 .text._kill_r  0x0000000000003f4c       0x24 /Applications/ARM/bin/../lib/gcc/arm-none-eabi/10.3.1/../../../../arm-none-eabi/lib/thumb/v6-m/nofp/libc_nano.a(lib_a-signalr.o)
                0x0000000000003f4c                _kill_r
 .text._getpid_r
                0x0000000000003f70        0x8 /Applications/ARM/bin/../lib/gcc/arm-none-eabi/10.3.1/../../../../arm-none-eabi/lib/thumb/v6-m/nofp/libc_nano.a(lib_a-signalr.o)
                0x0000000000003f70                _getpid_r
 .text.__sread  0x0000000000003f78       0x28 /Applications/ARM/bin/../lib/gcc/arm-none-eabi/10.3.1/../../../../arm-none-eabi/lib/thumb/v6-m/nofp/libc_nano.a(lib_a-stdio.o)
                0x0000000000003f78                __sread
 .text.__swrite
                0x0000000000003fa0       0x38 /Applications/ARM/bin/../lib/gcc/arm-none-eabi/10.3.1/../../../../arm-none-eabi/lib/thumb/v6-m/nofp/libc_nano.a(lib_a-stdio.o)
                0x0000000000003fa0                __swrite
 .text.__sseek  0x0000000000003fd8       0x2c /Applications/ARM/bin/../lib/gcc/arm-none-eabi/10.3.1/../../../../arm-none-eabi/lib/thumb/v6-m/nofp/libc_nano.a(lib_a-stdio.o)
                0x0000000000003fd8                __sseek
 .text.__sclose
                0x0000000000004004        0xc /Applications/ARM/bin/../lib/gcc/arm-none-eabi/10.3.1/../../../../arm-none-eabi/lib/thumb/v6-m/nofp/libc_nano.a(lib_a-stdio.o)
                0x0000000000004004                __sclose
 .text._write_r
                0x0000000000004010       0x28 /Applications/ARM/bin/../lib/gcc/arm-none-eabi/10.3.1/../../../../arm-none-eabi/lib/thumb/v6-m/nofp/libc_nano.a(lib_a-writer.o)
                0x0000000000004010                _write_r
 .text._close_r
                0x0000000000004038       0x24 /Applications/ARM/bin/../lib/gcc/arm-none-eabi/10.3.1/../../../../arm-none-eabi/lib/thumb/v6-m/nofp/libc_nano.a(lib_a-closer.o)
                0x0000000000004038                _close_r
 .text._fstat_r
                0x000000000000405c       0x24 /Applications/ARM/bin/../lib/gcc/arm-none-eabi/10.3.1/../../../../arm-none-eabi/lib/thumb/v6-m/nofp/libc_nano.a(lib_a-fstatr.o)
                0x000000000000405c                _fstat_r
 .text._isatty_r
                0x0000000000004080       0x24 /Applications/ARM/bin/../lib/gcc/arm-none-eabi/10.3.1/../../../../arm-none-eabi/lib/thumb/v6-m/nofp/libc_nano.a(lib_a-isattyr.o)
                0x0000000000004080                _isatty_r
 .text._lseek_r
                0x00000000000040a4       0x28 /Applications/ARM/bin/../lib/gcc/arm-none-eabi/10.3.1/../../../../arm-none-eabi/lib/thumb/v6-m/nofp/libc_nano.a(lib_a-lseekr.o)
                0x00000000000040a4                _lseek_r
 .text._read_r  0x00000000000040cc       0x28 /Applications/ARM/bin/../lib/gcc/arm-none-eabi/10.3.1/../../../../arm-none-eabi/lib/thumb/v6-m/nofp/libc_nano.a(lib_a-readr.o)
                0x00000000000040cc                _read_r
 .text._close   0x00000000000040f4       0x10 /Applications/ARM/bin/../lib/gcc/arm-none-eabi/10.3.1/../../../../arm-none-eabi/lib/thumb/v6-m/nofp/libnosys.a(close.o)
                0x00000000000040f4                _close
 .text._fstat   0x0000000000004104       0x10 /Applications/ARM/bin/../lib/gcc/arm-none-eabi/10.3.1/../../../../arm-none-eabi/lib/thumb/v6-m/nofp/libnosys.a(fstat.o)
                0x0000000000004104                _fstat
 .text._getpid  0x0000000000004114       0x10 /Applications/ARM/bin/../lib/gcc/arm-none-eabi/10.3.1/../../../../arm-none-eabi/lib/thumb/v6-m/nofp/libnosys.a(getpid.o)
                0x0000000000004114                _getpid
 .text._gettimeofday
                0x0000000000004124       0x10 /Applications/ARM/bin/../lib/gcc/arm-none-eabi/10.3.1/../../../../arm-none-eabi/lib/thumb/v6-m/nofp/libnosys.a(gettod.o)
                0x0000000000004124                _gettimeofday
 .text._isatty  0x0000000000004134       0x10 /Applications/ARM/bin/../lib/gcc/arm-none-eabi/10.3.1/../../../../arm-none-eabi/lib/thumb/v6-m/nofp/libnosys.a(isatty.o)
                0x0000000000004134                _isatty
 .text._kill    0x0000000000004144       0x10 /Applications/ARM/bin/../lib/gcc/arm-none-eabi/10.3.1/../../../../arm-none-eabi/lib/thumb/v6-m/nofp/libnosys.a(kill.o)
                0x0000000000004144                _kill
 .text._lseek   0x0000000000004154       0x10 /Applications/ARM/bin/../lib/gcc/arm-none-eabi/10.3.1/../../../../arm-none-eabi/lib/thumb/v6-m/nofp/libnosys.a(lseek.o)
                0x0000000000004154                _lseek
 .text._exit    0x0000000000004164        0x4 /Applications/ARM/bin/../lib/gcc/arm-none-eabi/10.3.1/../../../../arm-none-eabi/lib/thumb/v6-m/nofp/libnosys.a(_exit.o)
                0x0000000000004164                _exit
 *(.rodata)
 .rodata        0x0000000000004168       0x5b CMakeFiles/kw565-coursework-5.dir/Users/kuiwang/Documents/Assignment5/source/pin_mux.c.obj
 *(.rodata*)
 .rodata.accel_init.str1.1
                0x00000000000041c3       0x63 CMakeFiles/kw565-coursework-5.dir/Users/kuiwang/Documents/Assignment5/source/accel.c.obj
 .rodata.fxos_init.str1.1
                0x0000000000004226       0x6e CMakeFiles/kw565-coursework-5.dir/Users/kuiwang/Documents/Assignment5/source/fxos_api.c.obj
 .rodata.__func__.0
                0x0000000000004294       0x14 CMakeFiles/kw565-coursework-5.dir/Users/kuiwang/Documents/Assignment5/source/pin_mux.c.obj
 .rodata._doprint
                0x00000000000042a8       0xc8 CMakeFiles/kw565-coursework-5.dir/Users/kuiwang/Documents/Assignment5/platform/utilities/src/print_scan.c.obj
 .rodata.portGateTable
                0x0000000000004370        0x2 ../lib/release/libksdk_platform.a(fsl_clock_MKL03Z4.c.obj)
 *fill*         0x0000000000004372        0x2 
 .rodata.g_i2cBase
                0x0000000000004374        0x4 ../lib/release/libksdk_platform.a(fsl_i2c_common.c.obj)
                0x0000000000004374                g_i2cBase
 .rodata.g_i2cIrqId
                0x0000000000004378        0x1 ../lib/release/libksdk_platform.a(fsl_i2c_common.c.obj)
                0x0000000000004378                g_i2cIrqId
 *fill*         0x0000000000004379        0x3 
 .rodata.g_spiBase
                0x000000000000437c        0x4 ../lib/release/libksdk_platform.a(fsl_spi_common.c.obj)
                0x000000000000437c                g_spiBase
 .rodata.g_spiIrqId
                0x0000000000004380        0x1 ../lib/release/libksdk_platform.a(fsl_spi_common.c.obj)
                0x0000000000004380                g_spiIrqId
 *fill*         0x0000000000004381        0x3 
 .rodata.g_gpioBase
                0x0000000000004384        0x8 ../lib/release/libksdk_platform.a(fsl_gpio_common.c.obj)
                0x0000000000004384                g_gpioBase
 .rodata.g_portBase
                0x000000000000438c        0x8 ../lib/release/libksdk_platform.a(fsl_gpio_common.c.obj)
                0x000000000000438c                g_portBase
 .rodata.g_portIrqId
                0x0000000000004394        0x2 ../lib/release/libksdk_platform.a(fsl_gpio_common.c.obj)
                0x0000000000004394                g_portIrqId
 .rodata.kI2CDividerTable
                0x0000000000004396       0xc8 ../lib/release/libksdk_platform.a(fsl_i2c_hal.c.obj)
                0x0000000000004396                kI2CDividerTable
 .rodata.__assert_func.str1.1
                0x000000000000445e       0x3c /Applications/ARM/bin/../lib/gcc/arm-none-eabi/10.3.1/../../../../arm-none-eabi/lib/thumb/v6-m/nofp/libc_nano.a(lib_a-assert.o)
                                         0x3d (size before relaxing)
 *fill*         0x000000000000449a        0x2 
 .rodata._global_impure_ptr
                0x000000000000449c        0x4 /Applications/ARM/bin/../lib/gcc/arm-none-eabi/10.3.1/../../../../arm-none-eabi/lib/thumb/v6-m/nofp/libc_nano.a(lib_a-impure.o)
                0x000000000000449c                _global_impure_ptr
 .rodata._vfprintf_r.str1.1
                0x00000000000044a0       0x11 /Applications/ARM/bin/../lib/gcc/arm-none-eabi/10.3.1/../../../../arm-none-eabi/lib/thumb/v6-m/nofp/libc_nano.a(lib_a-nano-vfprintf.o)
 .rodata._printf_i.str1.1
                0x00000000000044b1       0x22 /Applications/ARM/bin/../lib/gcc/arm-none-eabi/10.3.1/../../../../arm-none-eabi/lib/thumb/v6-m/nofp/libc_nano.a(lib_a-nano-vfprintf_i.o)
 .rodata.srand.str1.1
                0x00000000000044d3       0x71 /Applications/ARM/bin/../lib/gcc/arm-none-eabi/10.3.1/../../../../arm-none-eabi/lib/thumb/v6-m/nofp/libc_nano.a(lib_a-rand.o)
 .rodata.__sf_fake_stderr
                0x0000000000004544       0x20 /Applications/ARM/bin/../lib/gcc/arm-none-eabi/10.3.1/../../../../arm-none-eabi/lib/thumb/v6-m/nofp/libc_nano.a(lib_a-findfp.o)
                0x0000000000004544                __sf_fake_stderr
 .rodata.__sf_fake_stdin
                0x0000000000004564       0x20 /Applications/ARM/bin/../lib/gcc/arm-none-eabi/10.3.1/../../../../arm-none-eabi/lib/thumb/v6-m/nofp/libc_nano.a(lib_a-findfp.o)
                0x0000000000004564                __sf_fake_stdin
 .rodata.__sf_fake_stdout
                0x0000000000004584       0x20 /Applications/ARM/bin/../lib/gcc/arm-none-eabi/10.3.1/../../../../arm-none-eabi/lib/thumb/v6-m/nofp/libc_nano.a(lib_a-findfp.o)
                0x0000000000004584                __sf_fake_stdout
 *(.glue_7)
 .glue_7        0x00000000000045a4        0x0 linker stubs
 *(.glue_7t)
 .glue_7t       0x00000000000045a4        0x0 linker stubs
 *(.eh_frame)
 .eh_frame      0x00000000000045a4        0x0 /Applications/ARM/bin/../lib/gcc/arm-none-eabi/10.3.1/thumb/v6-m/nofp/crtbegin.o
 *(.init)
 .init          0x00000000000045a4        0x4 /Applications/ARM/bin/../lib/gcc/arm-none-eabi/10.3.1/thumb/v6-m/nofp/crti.o
                0x00000000000045a4                _init
 .init          0x00000000000045a8        0x8 /Applications/ARM/bin/../lib/gcc/arm-none-eabi/10.3.1/thumb/v6-m/nofp/crtn.o
 *(.fini)
 .fini          0x00000000000045b0        0x4 /Applications/ARM/bin/../lib/gcc/arm-none-eabi/10.3.1/thumb/v6-m/nofp/crti.o
                0x00000000000045b0                _fini
 .fini          0x00000000000045b4        0x8 /Applications/ARM/bin/../lib/gcc/arm-none-eabi/10.3.1/thumb/v6-m/nofp/crtn.o
                0x00000000000045bc                . = ALIGN (0x4)

.vfp11_veneer   0x00000000000045bc        0x0
 .vfp11_veneer  0x00000000000045bc        0x0 linker stubs

.v4_bx          0x00000000000045bc        0x0
 .v4_bx         0x00000000000045bc        0x0 linker stubs

.iplt           0x00000000000045bc        0x0
 .iplt          0x00000000000045bc        0x0 /Applications/ARM/bin/../lib/gcc/arm-none-eabi/10.3.1/thumb/v6-m/nofp/crtbegin.o

.ARM.extab
 *(.ARM.extab* .gnu.linkonce.armextab.*)

.ARM            0x00000000000045bc        0x8
                0x00000000000045bc                __exidx_start = .
 *(.ARM.exidx*)
 .ARM.exidx     0x00000000000045bc        0x8 /Applications/ARM/bin/../lib/gcc/arm-none-eabi/10.3.1/../../../../arm-none-eabi/lib/thumb/v6-m/nofp/crt0.o
                                         0x10 (size before relaxing)
                0x00000000000045c4                __exidx_end = .

.rel.dyn        0x00000000000045c4        0x0
 .rel.iplt      0x00000000000045c4        0x0 /Applications/ARM/bin/../lib/gcc/arm-none-eabi/10.3.1/thumb/v6-m/nofp/crtbegin.o

.ctors          0x00000000000045c4        0x0
                0x00000000000045c4                __CTOR_LIST__ = .
 *crtbegin.o(.ctors)
 *crtbegin?.o(.ctors)
 *(EXCLUDE_FILE(*crtend.o *crtend?.o) .ctors)
 *(SORT_BY_NAME(.ctors.*))
 *(.ctors)
                0x00000000000045c4                __CTOR_END__ = .

.dtors          0x00000000000045c4        0x0
                0x00000000000045c4                __DTOR_LIST__ = .
 *crtbegin.o(.dtors)
 *crtbegin?.o(.dtors)
 *(EXCLUDE_FILE(*crtend.o *crtend?.o) .dtors)
 *(SORT_BY_NAME(.dtors.*))
 *(.dtors)
                0x00000000000045c4                __DTOR_END__ = .

.preinit_array  0x00000000000045c4        0x0
                0x00000000000045c4                PROVIDE (__preinit_array_start = .)
 *(.preinit_array*)
                0x00000000000045c4                PROVIDE (__preinit_array_end = .)

.init_array     0x00000000000045c4        0x4
                0x00000000000045c4                PROVIDE (__init_array_start = .)
 *(SORT_BY_NAME(.init_array.*))
 *(.init_array*)
 .init_array    0x00000000000045c4        0x4 /Applications/ARM/bin/../lib/gcc/arm-none-eabi/10.3.1/thumb/v6-m/nofp/crtbegin.o
                0x00000000000045c8                PROVIDE (__init_array_end = .)

.fini_array     0x00000000000045c8        0x4
                [!provide]                        PROVIDE (__fini_array_start = .)
 *(SORT_BY_NAME(.fini_array.*))
 *(.fini_array*)
 .fini_array    0x00000000000045c8        0x4 /Applications/ARM/bin/../lib/gcc/arm-none-eabi/10.3.1/thumb/v6-m/nofp/crtbegin.o
                [!provide]                        PROVIDE (__fini_array_end = .)
                0x00000000000045cc                __etext = .
                0x00000000000045cc                __DATA_ROM = .

.mtb            0x000000001ffffe00        0x0
                0x000000001ffffe00                . = ALIGN (0x8)
                0x000000001ffffe00                _mtb_start = .
 *(.mtb_buf)
                0x000000001ffffe00                . = ALIGN (0x8)
                0x000000001ffffe00                _mtb_end = .

.interrupts_ram
                0x000000001ffffe00        0x0
                0x000000001ffffe00                . = ALIGN (0x4)
                0x000000001ffffe00                __VECTOR_RAM__ = .
                0x000000001ffffe00                __interrupts_ram_start__ = .
 *(.m_interrupts_ram)
                0x000000001ffffe00                . = (. + M_VECTOR_RAM_SIZE)
                0x000000001ffffe00                . = ALIGN (0x4)
                0x000000001ffffe00                __interrupts_ram_end__ = .
                0x0000000000000000                __VECTOR_RAM = DEFINED (__ram_vector_table__)?__VECTOR_RAM__:ORIGIN (m_interrupts)
                0x0000000000000000                __RAM_VECTOR_TABLE_SIZE_BYTES = DEFINED (__ram_vector_table__)?(__interrupts_ram_end__ - __interrupts_ram_start__):0x0

.data           0x000000001ffffe00       0x98 load address 0x00000000000045cc
                0x000000001ffffe00                . = ALIGN (0x4)
                0x000000001ffffe00                __DATA_RAM = .
                0x000000001ffffe00                __data_start__ = .
 *(.data)
 *(.data*)
 .data.angleTable
                0x000000001ffffe00       0x32 CMakeFiles/kw565-coursework-5.dir/Users/kuiwang/Documents/Assignment5/source/main.c.obj
                0x000000001ffffe00                angleTable
 .data.x_arrow  0x000000001ffffe32        0x1 CMakeFiles/kw565-coursework-5.dir/Users/kuiwang/Documents/Assignment5/source/main.c.obj
                0x000000001ffffe32                x_arrow
 .data.y_arrow  0x000000001ffffe33        0x1 CMakeFiles/kw565-coursework-5.dir/Users/kuiwang/Documents/Assignment5/source/main.c.obj
                0x000000001ffffe33                y_arrow
 .data._impure_ptr
                0x000000001ffffe34        0x4 /Applications/ARM/bin/../lib/gcc/arm-none-eabi/10.3.1/../../../../arm-none-eabi/lib/thumb/v6-m/nofp/libc_nano.a(lib_a-impure.o)
                0x000000001ffffe34                _impure_ptr
 .data.impure_data
                0x000000001ffffe38       0x60 /Applications/ARM/bin/../lib/gcc/arm-none-eabi/10.3.1/../../../../arm-none-eabi/lib/thumb/v6-m/nofp/libc_nano.a(lib_a-impure.o)
 *(.jcr*)
                0x000000001ffffe98                . = ALIGN (0x4)
                0x000000001ffffe98                __data_end__ = .
                0x0000000000004664                __DATA_END = (__DATA_ROM + (__data_end__ - __data_start__))
                0x0000000000008000                text_end = (ORIGIN (m_text) + LENGTH (m_text))
                0x0000000000000001                ASSERT ((__DATA_END <= text_end), region m_text overflowed with text and data)

.igot.plt       0x000000001ffffe98        0x0 load address 0x0000000000004664
 .igot.plt      0x000000001ffffe98        0x0 /Applications/ARM/bin/../lib/gcc/arm-none-eabi/10.3.1/thumb/v6-m/nofp/crtbegin.o

.bss            0x000000001ffffe98       0xf8 load address 0x0000000000004664
                0x000000001ffffe98                . = ALIGN (0x4)
                0x000000001ffffe98                __START_BSS = .
                0x000000001ffffe98                __bss_start__ = .
 *(.bss)
 .bss           0x000000001ffffe98       0x1c /Applications/ARM/bin/../lib/gcc/arm-none-eabi/10.3.1/thumb/v6-m/nofp/crtbegin.o
 *(.bss*)
 .bss.heap_end.0
                0x000000001ffffeb4        0x4 CMakeFiles/kw565-coursework-5.dir/Users/kuiwang/Documents/Assignment5/platform/utilities/src/fsl_misc_utilities.c.obj
 .bss.inBuffer  0x000000001ffffeb8       0x20 CMakeFiles/kw565-coursework-5.dir/Users/kuiwang/Documents/Assignment5/source/main.c.obj
                0x000000001ffffeb8                inBuffer
 .bss.isButtonPress
                0x000000001ffffed8        0x1 CMakeFiles/kw565-coursework-5.dir/Users/kuiwang/Documents/Assignment5/source/main.c.obj
                0x000000001ffffed8                isButtonPress
 .bss.payloadBytes
                0x000000001ffffed9       0x20 CMakeFiles/kw565-coursework-5.dir/Users/kuiwang/Documents/Assignment5/source/main.c.obj
                0x000000001ffffed9                payloadBytes
 .bss.shot      0x000000001ffffef9        0x1 CMakeFiles/kw565-coursework-5.dir/Users/kuiwang/Documents/Assignment5/source/main.c.obj
                0x000000001ffffef9                shot
 *fill*         0x000000001ffffefa        0x2 
 .bss.s_debugConsole
                0x000000001ffffefc       0x10 CMakeFiles/kw565-coursework-5.dir/Users/kuiwang/Documents/Assignment5/platform/utilities/src/fsl_debug_console.c.obj
 .bss.g_freeTaskControlBlock
                0x000000001fffff0c        0x4 ../lib/release/libksdk_platform.a(fsl_os_abstraction_bm.c.obj)
 .bss.g_taskControlBlockPool
                0x000000001fffff10       0x50 ../lib/release/libksdk_platform.a(fsl_os_abstraction_bm.c.obj)
 .bss.g_taskListHead
                0x000000001fffff60       0x10 ../lib/release/libksdk_platform.a(fsl_os_abstraction_bm.c.obj)
 .bss.g_interruptDisableCount
                0x000000001fffff70        0x4 ../lib/release/libksdk_platform.a(fsl_interrupt_manager.c.obj)
                0x000000001fffff70                g_interruptDisableCount
 .bss.g_i2cStatePtr
                0x000000001fffff74        0x4 ../lib/release/libksdk_platform.a(fsl_i2c_common.c.obj)
                0x000000001fffff74                g_i2cStatePtr
 .bss.g_xtal0ClkFreq
                0x000000001fffff78        0x4 ../lib/release/libksdk_platform.a(fsl_mcglite_hal.c.obj)
                0x000000001fffff78                g_xtal0ClkFreq
 .bss.g_spiStatePtr
                0x000000001fffff7c        0x4 ../lib/release/libksdk_platform.a(fsl_spi_common.c.obj)
                0x000000001fffff7c                g_spiStatePtr
 .bss.__malloc_free_list
                0x000000001fffff80        0x4 /Applications/ARM/bin/../lib/gcc/arm-none-eabi/10.3.1/../../../../arm-none-eabi/lib/thumb/v6-m/nofp/libc_nano.a(lib_a-nano-mallocr.o)
                0x000000001fffff80                __malloc_free_list
 .bss.__malloc_sbrk_start
                0x000000001fffff84        0x4 /Applications/ARM/bin/../lib/gcc/arm-none-eabi/10.3.1/../../../../arm-none-eabi/lib/thumb/v6-m/nofp/libc_nano.a(lib_a-nano-mallocr.o)
                0x000000001fffff84                __malloc_sbrk_start
 .bss.__lock___malloc_recursive_mutex
                0x000000001fffff88        0x1 /Applications/ARM/bin/../lib/gcc/arm-none-eabi/10.3.1/../../../../arm-none-eabi/lib/thumb/v6-m/nofp/libc_nano.a(lib_a-lock.o)
                0x000000001fffff88                __lock___malloc_recursive_mutex
 .bss.__lock___sfp_recursive_mutex
                0x000000001fffff89        0x1 /Applications/ARM/bin/../lib/gcc/arm-none-eabi/10.3.1/../../../../arm-none-eabi/lib/thumb/v6-m/nofp/libc_nano.a(lib_a-lock.o)
                0x000000001fffff89                __lock___sfp_recursive_mutex
 .bss.__lock___sinit_recursive_mutex
                0x000000001fffff8a        0x1 /Applications/ARM/bin/../lib/gcc/arm-none-eabi/10.3.1/../../../../arm-none-eabi/lib/thumb/v6-m/nofp/libc_nano.a(lib_a-lock.o)
                0x000000001fffff8a                __lock___sinit_recursive_mutex
 *fill*         0x000000001fffff8b        0x1 
 .bss.errno     0x000000001fffff8c        0x4 /Applications/ARM/bin/../lib/gcc/arm-none-eabi/10.3.1/../../../../arm-none-eabi/lib/thumb/v6-m/nofp/libc_nano.a(lib_a-reent.o)
                0x000000001fffff8c                errno
 *(COMMON)
                0x000000001fffff90                . = ALIGN (0x4)
                0x000000001fffff90                __bss_end__ = .
                0x000000001fffff90                __END_BSS = .

.heap           0x000000001fffff90      0x200 load address 0x000000000000475c
                0x000000001fffff90                . = ALIGN (0x8)
                0x000000001fffff90                __end__ = .
                0x000000001fffff90                PROVIDE (end = .)
                0x000000001fffff90                __HeapBase = .
                0x0000000020000190                . = (. + HEAP_SIZE)
 *fill*         0x000000001fffff90      0x200 
                0x0000000020000190                __HeapLimit = .

.stack          0x0000000020000190      0x300 load address 0x000000000000495c
                0x0000000020000190                . = ALIGN (0x8)
                0x0000000020000490                . = (. + STACK_SIZE)
 *fill*         0x0000000020000190      0x300 
                0x0000000020000600                __StackTop = (ORIGIN (m_data) + LENGTH (m_data))
                0x0000000020000300                __StackLimit = (__StackTop - STACK_SIZE)
                0x0000000020000600                PROVIDE (__stack = __StackTop)

.ARM.attributes
                0x0000000000000000       0x28
 *(.ARM.attributes)
 .ARM.attributes
                0x0000000000000000       0x1e /Applications/ARM/bin/../lib/gcc/arm-none-eabi/10.3.1/thumb/v6-m/nofp/crti.o
 .ARM.attributes
                0x000000000000001e       0x2c /Applications/ARM/bin/../lib/gcc/arm-none-eabi/10.3.1/thumb/v6-m/nofp/crtbegin.o
 .ARM.attributes
                0x000000000000004a       0x1b /Applications/ARM/bin/../lib/gcc/arm-none-eabi/10.3.1/../../../../arm-none-eabi/lib/thumb/v6-m/nofp/crt0.o
 .ARM.attributes
                0x0000000000000065       0x2c CMakeFiles/kw565-coursework-5.dir/Users/kuiwang/Documents/Assignment5/platform/utilities/src/fsl_misc_utilities.c.obj
 .ARM.attributes
                0x0000000000000091       0x1b CMakeFiles/kw565-coursework-5.dir/Users/kuiwang/Documents/Assignment5/platform/devices/MKL03Z4/startup/gcc/startup_MKL03Z4.S.obj
 .ARM.attributes
                0x00000000000000ac       0x2c CMakeFiles/kw565-coursework-5.dir/Users/kuiwang/Documents/Assignment5/source/main.c.obj
 .ARM.attributes
                0x00000000000000d8       0x2c CMakeFiles/kw565-coursework-5.dir/Users/kuiwang/Documents/Assignment5/source/fsl_i2c_irq.c.obj
 .ARM.attributes
                0x0000000000000104       0x2c CMakeFiles/kw565-coursework-5.dir/Users/kuiwang/Documents/Assignment5/source/accel.c.obj
 .ARM.attributes
                0x0000000000000130       0x2c CMakeFiles/kw565-coursework-5.dir/Users/kuiwang/Documents/Assignment5/source/fxos_api.c.obj
 .ARM.attributes
                0x000000000000015c       0x2c CMakeFiles/kw565-coursework-5.dir/Users/kuiwang/Documents/Assignment5/source/mma8451_api.c.obj
 .ARM.attributes
                0x0000000000000188       0x2c CMakeFiles/kw565-coursework-5.dir/Users/kuiwang/Documents/Assignment5/source/fsl_spi_irq.c.obj
 .ARM.attributes
                0x00000000000001b4       0x2c CMakeFiles/kw565-coursework-5.dir/Users/kuiwang/Documents/Assignment5/source/hardware_init.c.obj
 .ARM.attributes
                0x00000000000001e0       0x2c CMakeFiles/kw565-coursework-5.dir/Users/kuiwang/Documents/Assignment5/source/pin_mux.c.obj
 .ARM.attributes
                0x000000000000020c       0x2c CMakeFiles/kw565-coursework-5.dir/Users/kuiwang/Documents/Assignment5/platform/utilities/src/fsl_debug_console.c.obj
 .ARM.attributes
                0x0000000000000238       0x2c CMakeFiles/kw565-coursework-5.dir/Users/kuiwang/Documents/Assignment5/platform/utilities/src/print_scan.c.obj
 .ARM.attributes
                0x0000000000000264       0x2c CMakeFiles/kw565-coursework-5.dir/Users/kuiwang/Documents/Assignment5/platform/devices/MKL03Z4/startup/system_MKL03Z4.c.obj
 .ARM.attributes
                0x0000000000000290       0x2c CMakeFiles/kw565-coursework-5.dir/Users/kuiwang/Documents/Assignment5/platform/devices/startup.c.obj
 .ARM.attributes
                0x00000000000002bc       0x2c ../lib/release/libksdk_platform.a(fsl_os_abstraction_bm.c.obj)
 .ARM.attributes
                0x00000000000002e8       0x2c ../lib/release/libksdk_platform.a(fsl_clock_MKL03Z4.c.obj)
 .ARM.attributes
                0x0000000000000314       0x2c ../lib/release/libksdk_platform.a(fsl_interrupt_manager.c.obj)
 .ARM.attributes
                0x0000000000000340       0x2c ../lib/release/libksdk_platform.a(fsl_gpio_driver.c.obj)
 .ARM.attributes
                0x000000000000036c       0x2c ../lib/release/libksdk_platform.a(fsl_i2c_shared_function.c.obj)
 .ARM.attributes
                0x0000000000000398       0x2c ../lib/release/libksdk_platform.a(fsl_i2c_common.c.obj)
 .ARM.attributes
                0x00000000000003c4       0x2c ../lib/release/libksdk_platform.a(fsl_i2c_master_driver.c.obj)
 .ARM.attributes
                0x00000000000003f0       0x2c ../lib/release/libksdk_platform.a(fsl_i2c_slave_driver.c.obj)
 .ARM.attributes
                0x000000000000041c       0x2c ../lib/release/libksdk_platform.a(fsl_lptmr_hal.c.obj)
 .ARM.attributes
                0x0000000000000448       0x2c ../lib/release/libksdk_platform.a(fsl_mcglite_hal.c.obj)
 .ARM.attributes
                0x0000000000000474       0x2c ../lib/release/libksdk_platform.a(fsl_spi_shared_function.c.obj)
 .ARM.attributes
                0x00000000000004a0       0x2c ../lib/release/libksdk_platform.a(fsl_spi_master_driver.c.obj)
 .ARM.attributes
                0x00000000000004cc       0x2c ../lib/release/libksdk_platform.a(fsl_spi_slave_driver.c.obj)
 .ARM.attributes
                0x00000000000004f8       0x2c ../lib/release/libksdk_platform.a(fsl_spi_common.c.obj)
 .ARM.attributes
                0x0000000000000524       0x2c ../lib/release/libksdk_platform.a(fsl_gpio_hal.c.obj)
 .ARM.attributes
                0x0000000000000550       0x2c ../lib/release/libksdk_platform.a(fsl_gpio_common.c.obj)
 .ARM.attributes
                0x000000000000057c       0x2c ../lib/release/libksdk_platform.a(fsl_i2c_hal.c.obj)
 .ARM.attributes
                0x00000000000005a8       0x2c ../lib/release/libksdk_platform.a(fsl_spi_hal.c.obj)
 .ARM.attributes
                0x00000000000005d4       0x2c /Applications/ARM/bin/../lib/gcc/arm-none-eabi/10.3.1/../../../../arm-none-eabi/lib/thumb/v6-m/nofp/libc_nano.a(lib_a-assert.o)
 .ARM.attributes
                0x0000000000000600       0x2c /Applications/ARM/bin/../lib/gcc/arm-none-eabi/10.3.1/../../../../arm-none-eabi/lib/thumb/v6-m/nofp/libc_nano.a(lib_a-errno.o)
 .ARM.attributes
                0x000000000000062c       0x2c /Applications/ARM/bin/../lib/gcc/arm-none-eabi/10.3.1/../../../../arm-none-eabi/lib/thumb/v6-m/nofp/libc_nano.a(lib_a-exit.o)
 .ARM.attributes
                0x0000000000000658       0x2c /Applications/ARM/bin/../lib/gcc/arm-none-eabi/10.3.1/../../../../arm-none-eabi/lib/thumb/v6-m/nofp/libc_nano.a(lib_a-fprintf.o)
 .ARM.attributes
                0x0000000000000684       0x2c /Applications/ARM/bin/../lib/gcc/arm-none-eabi/10.3.1/../../../../arm-none-eabi/lib/thumb/v6-m/nofp/libc_nano.a(lib_a-impure.o)
 .ARM.attributes
                0x00000000000006b0       0x2c /Applications/ARM/bin/../lib/gcc/arm-none-eabi/10.3.1/../../../../arm-none-eabi/lib/thumb/v6-m/nofp/libc_nano.a(lib_a-init.o)
 .ARM.attributes
                0x00000000000006dc       0x2c /Applications/ARM/bin/../lib/gcc/arm-none-eabi/10.3.1/../../../../arm-none-eabi/lib/thumb/v6-m/nofp/libc_nano.a(lib_a-malloc.o)
 .ARM.attributes
                0x0000000000000708       0x2c /Applications/ARM/bin/../lib/gcc/arm-none-eabi/10.3.1/../../../../arm-none-eabi/lib/thumb/v6-m/nofp/libc_nano.a(lib_a-memset.o)
 .ARM.attributes
                0x0000000000000734       0x2c /Applications/ARM/bin/../lib/gcc/arm-none-eabi/10.3.1/../../../../arm-none-eabi/lib/thumb/v6-m/nofp/libc_nano.a(lib_a-nano-freer.o)
 .ARM.attributes
                0x0000000000000760       0x2c /Applications/ARM/bin/../lib/gcc/arm-none-eabi/10.3.1/../../../../arm-none-eabi/lib/thumb/v6-m/nofp/libc_nano.a(lib_a-nano-mallocr.o)
 .ARM.attributes
                0x000000000000078c       0x2c /Applications/ARM/bin/../lib/gcc/arm-none-eabi/10.3.1/../../../../arm-none-eabi/lib/thumb/v6-m/nofp/libc_nano.a(lib_a-nano-vfprintf.o)
 .ARM.attributes
                0x00000000000007b8       0x2c /Applications/ARM/bin/../lib/gcc/arm-none-eabi/10.3.1/../../../../arm-none-eabi/lib/thumb/v6-m/nofp/libc_nano.a(lib_a-nano-vfprintf_i.o)
 .ARM.attributes
                0x00000000000007e4       0x2c /Applications/ARM/bin/../lib/gcc/arm-none-eabi/10.3.1/../../../../arm-none-eabi/lib/thumb/v6-m/nofp/libc_nano.a(lib_a-rand.o)
 .ARM.attributes
                0x0000000000000810       0x2c /Applications/ARM/bin/../lib/gcc/arm-none-eabi/10.3.1/../../../../arm-none-eabi/lib/thumb/v6-m/nofp/libc_nano.a(lib_a-sbrkr.o)
 .ARM.attributes
                0x000000000000083c       0x1c /Applications/ARM/bin/../lib/gcc/arm-none-eabi/10.3.1/../../../../arm-none-eabi/lib/thumb/v6-m/nofp/libc_nano.a(lib_a-strlen.o)
 .ARM.attributes
                0x0000000000000858       0x2c /Applications/ARM/bin/../lib/gcc/arm-none-eabi/10.3.1/../../../../arm-none-eabi/lib/thumb/v6-m/nofp/libc_nano.a(lib_a-time.o)
 .ARM.attributes
                0x0000000000000884       0x2c /Applications/ARM/bin/../lib/gcc/arm-none-eabi/10.3.1/../../../../arm-none-eabi/lib/thumb/v6-m/nofp/libc_nano.a(lib_a-wbuf.o)
 .ARM.attributes
                0x00000000000008b0       0x2c /Applications/ARM/bin/../lib/gcc/arm-none-eabi/10.3.1/../../../../arm-none-eabi/lib/thumb/v6-m/nofp/libc_nano.a(lib_a-wsetup.o)
 .ARM.attributes
                0x00000000000008dc       0x2c /Applications/ARM/bin/../lib/gcc/arm-none-eabi/10.3.1/../../../../arm-none-eabi/lib/thumb/v6-m/nofp/libc_nano.a(lib_a-abort.o)
 .ARM.attributes
                0x0000000000000908       0x2c /Applications/ARM/bin/../lib/gcc/arm-none-eabi/10.3.1/../../../../arm-none-eabi/lib/thumb/v6-m/nofp/libc_nano.a(lib_a-fflush.o)
 .ARM.attributes
                0x0000000000000934       0x2c /Applications/ARM/bin/../lib/gcc/arm-none-eabi/10.3.1/../../../../arm-none-eabi/lib/thumb/v6-m/nofp/libc_nano.a(lib_a-findfp.o)
 .ARM.attributes
                0x0000000000000960       0x2c /Applications/ARM/bin/../lib/gcc/arm-none-eabi/10.3.1/../../../../arm-none-eabi/lib/thumb/v6-m/nofp/libc_nano.a(lib_a-fwalk.o)
 .ARM.attributes
                0x000000000000098c       0x2c /Applications/ARM/bin/../lib/gcc/arm-none-eabi/10.3.1/../../../../arm-none-eabi/lib/thumb/v6-m/nofp/libc_nano.a(lib_a-gettimeofdayr.o)
 .ARM.attributes
                0x00000000000009b8       0x2c /Applications/ARM/bin/../lib/gcc/arm-none-eabi/10.3.1/../../../../arm-none-eabi/lib/thumb/v6-m/nofp/libc_nano.a(lib_a-lock.o)
 .ARM.attributes
                0x00000000000009e4       0x2c /Applications/ARM/bin/../lib/gcc/arm-none-eabi/10.3.1/../../../../arm-none-eabi/lib/thumb/v6-m/nofp/libc_nano.a(lib_a-makebuf.o)
 .ARM.attributes
                0x0000000000000a10       0x2c /Applications/ARM/bin/../lib/gcc/arm-none-eabi/10.3.1/../../../../arm-none-eabi/lib/thumb/v6-m/nofp/libc_nano.a(lib_a-memchr-stub.o)
 .ARM.attributes
                0x0000000000000a3c       0x2c /Applications/ARM/bin/../lib/gcc/arm-none-eabi/10.3.1/../../../../arm-none-eabi/lib/thumb/v6-m/nofp/libc_nano.a(lib_a-mlock.o)
 .ARM.attributes
                0x0000000000000a68       0x2c /Applications/ARM/bin/../lib/gcc/arm-none-eabi/10.3.1/../../../../arm-none-eabi/lib/thumb/v6-m/nofp/libc_nano.a(lib_a-reent.o)
 .ARM.attributes
                0x0000000000000a94       0x2c /Applications/ARM/bin/../lib/gcc/arm-none-eabi/10.3.1/../../../../arm-none-eabi/lib/thumb/v6-m/nofp/libc_nano.a(lib_a-signal.o)
 .ARM.attributes
                0x0000000000000ac0       0x2c /Applications/ARM/bin/../lib/gcc/arm-none-eabi/10.3.1/../../../../arm-none-eabi/lib/thumb/v6-m/nofp/libc_nano.a(lib_a-signalr.o)
 .ARM.attributes
                0x0000000000000aec       0x2c /Applications/ARM/bin/../lib/gcc/arm-none-eabi/10.3.1/../../../../arm-none-eabi/lib/thumb/v6-m/nofp/libc_nano.a(lib_a-stdio.o)
 .ARM.attributes
                0x0000000000000b18       0x2c /Applications/ARM/bin/../lib/gcc/arm-none-eabi/10.3.1/../../../../arm-none-eabi/lib/thumb/v6-m/nofp/libc_nano.a(lib_a-writer.o)
 .ARM.attributes
                0x0000000000000b44       0x2c /Applications/ARM/bin/../lib/gcc/arm-none-eabi/10.3.1/../../../../arm-none-eabi/lib/thumb/v6-m/nofp/libc_nano.a(lib_a-closer.o)
 .ARM.attributes
                0x0000000000000b70       0x2c /Applications/ARM/bin/../lib/gcc/arm-none-eabi/10.3.1/../../../../arm-none-eabi/lib/thumb/v6-m/nofp/libc_nano.a(lib_a-fstatr.o)
 .ARM.attributes
                0x0000000000000b9c       0x2c /Applications/ARM/bin/../lib/gcc/arm-none-eabi/10.3.1/../../../../arm-none-eabi/lib/thumb/v6-m/nofp/libc_nano.a(lib_a-isattyr.o)
 .ARM.attributes
                0x0000000000000bc8       0x2c /Applications/ARM/bin/../lib/gcc/arm-none-eabi/10.3.1/../../../../arm-none-eabi/lib/thumb/v6-m/nofp/libc_nano.a(lib_a-lseekr.o)
 .ARM.attributes
                0x0000000000000bf4       0x2c /Applications/ARM/bin/../lib/gcc/arm-none-eabi/10.3.1/../../../../arm-none-eabi/lib/thumb/v6-m/nofp/libc_nano.a(lib_a-readr.o)
 .ARM.attributes
                0x0000000000000c20       0x1e /Applications/ARM/bin/../lib/gcc/arm-none-eabi/10.3.1/thumb/v6-m/nofp/libgcc.a(_thumb1_case_shi.o)
 .ARM.attributes
                0x0000000000000c3e       0x1e /Applications/ARM/bin/../lib/gcc/arm-none-eabi/10.3.1/thumb/v6-m/nofp/libgcc.a(_udivsi3.o)
 .ARM.attributes
                0x0000000000000c5c       0x1e /Applications/ARM/bin/../lib/gcc/arm-none-eabi/10.3.1/thumb/v6-m/nofp/libgcc.a(_divsi3.o)
 .ARM.attributes
                0x0000000000000c7a       0x1e /Applications/ARM/bin/../lib/gcc/arm-none-eabi/10.3.1/thumb/v6-m/nofp/libgcc.a(_dvmd_tls.o)
 .ARM.attributes
                0x0000000000000c98       0x2c /Applications/ARM/bin/../lib/gcc/arm-none-eabi/10.3.1/thumb/v6-m/nofp/libgcc.a(_muldi3.o)
 .ARM.attributes
                0x0000000000000cc4       0x2c /Applications/ARM/bin/../lib/gcc/arm-none-eabi/10.3.1/../../../../arm-none-eabi/lib/thumb/v6-m/nofp/libnosys.a(close.o)
 .ARM.attributes
                0x0000000000000cf0       0x2c /Applications/ARM/bin/../lib/gcc/arm-none-eabi/10.3.1/../../../../arm-none-eabi/lib/thumb/v6-m/nofp/libnosys.a(fstat.o)
 .ARM.attributes
                0x0000000000000d1c       0x2c /Applications/ARM/bin/../lib/gcc/arm-none-eabi/10.3.1/../../../../arm-none-eabi/lib/thumb/v6-m/nofp/libnosys.a(getpid.o)
 .ARM.attributes
                0x0000000000000d48       0x2c /Applications/ARM/bin/../lib/gcc/arm-none-eabi/10.3.1/../../../../arm-none-eabi/lib/thumb/v6-m/nofp/libnosys.a(gettod.o)
 .ARM.attributes
                0x0000000000000d74       0x2c /Applications/ARM/bin/../lib/gcc/arm-none-eabi/10.3.1/../../../../arm-none-eabi/lib/thumb/v6-m/nofp/libnosys.a(isatty.o)
 .ARM.attributes
                0x0000000000000da0       0x2c /Applications/ARM/bin/../lib/gcc/arm-none-eabi/10.3.1/../../../../arm-none-eabi/lib/thumb/v6-m/nofp/libnosys.a(kill.o)
 .ARM.attributes
                0x0000000000000dcc       0x2c /Applications/ARM/bin/../lib/gcc/arm-none-eabi/10.3.1/../../../../arm-none-eabi/lib/thumb/v6-m/nofp/libnosys.a(lseek.o)
 .ARM.attributes
                0x0000000000000df8       0x2c /Applications/ARM/bin/../lib/gcc/arm-none-eabi/10.3.1/../../../../arm-none-eabi/lib/thumb/v6-m/nofp/libnosys.a(_exit.o)
 .ARM.attributes
                0x0000000000000e24       0x1e /Applications/ARM/bin/../lib/gcc/arm-none-eabi/10.3.1/thumb/v6-m/nofp/crtn.o
                0x0000000000000001                ASSERT ((__StackLimit >= __HeapLimit), region m_data overflowed with stack and heap)
OUTPUT(release/kw565-coursework-5.elf elf32-littlearm)
LOAD linker stubs

.comment        0x0000000000000000       0x49
 .comment       0x0000000000000000       0x49 CMakeFiles/kw565-coursework-5.dir/Users/kuiwang/Documents/Assignment5/platform/utilities/src/fsl_misc_utilities.c.obj
                                         0x4a (size before relaxing)
 .comment       0x0000000000000049       0x4a CMakeFiles/kw565-coursework-5.dir/Users/kuiwang/Documents/Assignment5/source/main.c.obj
 .comment       0x0000000000000049       0x4a CMakeFiles/kw565-coursework-5.dir/Users/kuiwang/Documents/Assignment5/source/fsl_i2c_irq.c.obj
 .comment       0x0000000000000049       0x4a CMakeFiles/kw565-coursework-5.dir/Users/kuiwang/Documents/Assignment5/source/accel.c.obj
 .comment       0x0000000000000049       0x4a CMakeFiles/kw565-coursework-5.dir/Users/kuiwang/Documents/Assignment5/source/fxos_api.c.obj
 .comment       0x0000000000000049       0x4a CMakeFiles/kw565-coursework-5.dir/Users/kuiwang/Documents/Assignment5/source/mma8451_api.c.obj
 .comment       0x0000000000000049       0x4a CMakeFiles/kw565-coursework-5.dir/Users/kuiwang/Documents/Assignment5/source/fsl_spi_irq.c.obj
 .comment       0x0000000000000049       0x4a CMakeFiles/kw565-coursework-5.dir/Users/kuiwang/Documents/Assignment5/source/hardware_init.c.obj
 .comment       0x0000000000000049       0x4a CMakeFiles/kw565-coursework-5.dir/Users/kuiwang/Documents/Assignment5/source/pin_mux.c.obj
 .comment       0x0000000000000049       0x4a CMakeFiles/kw565-coursework-5.dir/Users/kuiwang/Documents/Assignment5/platform/utilities/src/fsl_debug_console.c.obj
 .comment       0x0000000000000049       0x4a CMakeFiles/kw565-coursework-5.dir/Users/kuiwang/Documents/Assignment5/platform/utilities/src/print_scan.c.obj
 .comment       0x0000000000000049       0x4a CMakeFiles/kw565-coursework-5.dir/Users/kuiwang/Documents/Assignment5/platform/devices/MKL03Z4/startup/system_MKL03Z4.c.obj
 .comment       0x0000000000000049       0x4a CMakeFiles/kw565-coursework-5.dir/Users/kuiwang/Documents/Assignment5/platform/devices/startup.c.obj
 .comment       0x0000000000000049       0x4a ../lib/release/libksdk_platform.a(fsl_os_abstraction_bm.c.obj)
 .comment       0x0000000000000049       0x4a ../lib/release/libksdk_platform.a(fsl_clock_MKL03Z4.c.obj)
 .comment       0x0000000000000049       0x4a ../lib/release/libksdk_platform.a(fsl_interrupt_manager.c.obj)
 .comment       0x0000000000000049       0x4a ../lib/release/libksdk_platform.a(fsl_gpio_driver.c.obj)
 .comment       0x0000000000000049       0x4a ../lib/release/libksdk_platform.a(fsl_i2c_shared_function.c.obj)
 .comment       0x0000000000000049       0x4a ../lib/release/libksdk_platform.a(fsl_i2c_common.c.obj)
 .comment       0x0000000000000049       0x4a ../lib/release/libksdk_platform.a(fsl_i2c_master_driver.c.obj)
 .comment       0x0000000000000049       0x4a ../lib/release/libksdk_platform.a(fsl_i2c_slave_driver.c.obj)
 .comment       0x0000000000000049       0x4a ../lib/release/libksdk_platform.a(fsl_lptmr_hal.c.obj)
 .comment       0x0000000000000049       0x4a ../lib/release/libksdk_platform.a(fsl_mcglite_hal.c.obj)
 .comment       0x0000000000000049       0x4a ../lib/release/libksdk_platform.a(fsl_spi_shared_function.c.obj)
 .comment       0x0000000000000049       0x4a ../lib/release/libksdk_platform.a(fsl_spi_master_driver.c.obj)
 .comment       0x0000000000000049       0x4a ../lib/release/libksdk_platform.a(fsl_spi_slave_driver.c.obj)
 .comment       0x0000000000000049       0x4a ../lib/release/libksdk_platform.a(fsl_spi_common.c.obj)
 .comment       0x0000000000000049       0x4a ../lib/release/libksdk_platform.a(fsl_gpio_hal.c.obj)
 .comment       0x0000000000000049       0x4a ../lib/release/libksdk_platform.a(fsl_gpio_common.c.obj)
 .comment       0x0000000000000049       0x4a ../lib/release/libksdk_platform.a(fsl_i2c_hal.c.obj)
 .comment       0x0000000000000049       0x4a ../lib/release/libksdk_platform.a(fsl_spi_hal.c.obj)

.debug_info     0x0000000000000000     0x1e99
 .debug_info    0x0000000000000000      0x6d4 CMakeFiles/kw565-coursework-5.dir/Users/kuiwang/Documents/Assignment5/source/mma8451_api.c.obj
 .debug_info    0x00000000000006d4       0x8c CMakeFiles/kw565-coursework-5.dir/Users/kuiwang/Documents/Assignment5/source/fsl_spi_irq.c.obj
 .debug_info    0x0000000000000760       0x8c CMakeFiles/kw565-coursework-5.dir/Users/kuiwang/Documents/Assignment5/source/hardware_init.c.obj
 .debug_info    0x00000000000007ec      0x2eb CMakeFiles/kw565-coursework-5.dir/Users/kuiwang/Documents/Assignment5/source/pin_mux.c.obj
 .debug_info    0x0000000000000ad7      0x778 CMakeFiles/kw565-coursework-5.dir/Users/kuiwang/Documents/Assignment5/platform/utilities/src/fsl_debug_console.c.obj
 .debug_info    0x000000000000124f      0x636 CMakeFiles/kw565-coursework-5.dir/Users/kuiwang/Documents/Assignment5/platform/utilities/src/print_scan.c.obj
 .debug_info    0x0000000000001885      0x3de CMakeFiles/kw565-coursework-5.dir/Users/kuiwang/Documents/Assignment5/platform/devices/MKL03Z4/startup/system_MKL03Z4.c.obj
 .debug_info    0x0000000000001c63      0x236 CMakeFiles/kw565-coursework-5.dir/Users/kuiwang/Documents/Assignment5/platform/devices/startup.c.obj

.debug_abbrev   0x0000000000000000      0x942
 .debug_abbrev  0x0000000000000000      0x142 CMakeFiles/kw565-coursework-5.dir/Users/kuiwang/Documents/Assignment5/source/mma8451_api.c.obj
 .debug_abbrev  0x0000000000000142       0x44 CMakeFiles/kw565-coursework-5.dir/Users/kuiwang/Documents/Assignment5/source/fsl_spi_irq.c.obj
 .debug_abbrev  0x0000000000000186       0x44 CMakeFiles/kw565-coursework-5.dir/Users/kuiwang/Documents/Assignment5/source/hardware_init.c.obj
 .debug_abbrev  0x00000000000001ca      0x125 CMakeFiles/kw565-coursework-5.dir/Users/kuiwang/Documents/Assignment5/source/pin_mux.c.obj
 .debug_abbrev  0x00000000000002ef      0x258 CMakeFiles/kw565-coursework-5.dir/Users/kuiwang/Documents/Assignment5/platform/utilities/src/fsl_debug_console.c.obj
 .debug_abbrev  0x0000000000000547      0x1d1 CMakeFiles/kw565-coursework-5.dir/Users/kuiwang/Documents/Assignment5/platform/utilities/src/print_scan.c.obj
 .debug_abbrev  0x0000000000000718      0x12b CMakeFiles/kw565-coursework-5.dir/Users/kuiwang/Documents/Assignment5/platform/devices/MKL03Z4/startup/system_MKL03Z4.c.obj
 .debug_abbrev  0x0000000000000843       0xff CMakeFiles/kw565-coursework-5.dir/Users/kuiwang/Documents/Assignment5/platform/devices/startup.c.obj

.debug_aranges  0x0000000000000000      0x1c8
 .debug_aranges
                0x0000000000000000       0x28 CMakeFiles/kw565-coursework-5.dir/Users/kuiwang/Documents/Assignment5/source/mma8451_api.c.obj
 .debug_aranges
                0x0000000000000028       0x20 CMakeFiles/kw565-coursework-5.dir/Users/kuiwang/Documents/Assignment5/source/fsl_spi_irq.c.obj
 .debug_aranges
                0x0000000000000048       0x20 CMakeFiles/kw565-coursework-5.dir/Users/kuiwang/Documents/Assignment5/source/hardware_init.c.obj
 .debug_aranges
                0x0000000000000068       0x58 CMakeFiles/kw565-coursework-5.dir/Users/kuiwang/Documents/Assignment5/source/pin_mux.c.obj
 .debug_aranges
                0x00000000000000c0       0x78 CMakeFiles/kw565-coursework-5.dir/Users/kuiwang/Documents/Assignment5/platform/utilities/src/fsl_debug_console.c.obj
 .debug_aranges
                0x0000000000000138       0x48 CMakeFiles/kw565-coursework-5.dir/Users/kuiwang/Documents/Assignment5/platform/utilities/src/print_scan.c.obj
 .debug_aranges
                0x0000000000000180       0x28 CMakeFiles/kw565-coursework-5.dir/Users/kuiwang/Documents/Assignment5/platform/devices/MKL03Z4/startup/system_MKL03Z4.c.obj
 .debug_aranges
                0x00000000000001a8       0x20 CMakeFiles/kw565-coursework-5.dir/Users/kuiwang/Documents/Assignment5/platform/devices/startup.c.obj

.debug_ranges   0x0000000000000000      0x148
 .debug_ranges  0x0000000000000000       0x18 CMakeFiles/kw565-coursework-5.dir/Users/kuiwang/Documents/Assignment5/source/mma8451_api.c.obj
 .debug_ranges  0x0000000000000018       0x10 CMakeFiles/kw565-coursework-5.dir/Users/kuiwang/Documents/Assignment5/source/fsl_spi_irq.c.obj
 .debug_ranges  0x0000000000000028       0x10 CMakeFiles/kw565-coursework-5.dir/Users/kuiwang/Documents/Assignment5/source/hardware_init.c.obj
 .debug_ranges  0x0000000000000038       0x48 CMakeFiles/kw565-coursework-5.dir/Users/kuiwang/Documents/Assignment5/source/pin_mux.c.obj
 .debug_ranges  0x0000000000000080       0x68 CMakeFiles/kw565-coursework-5.dir/Users/kuiwang/Documents/Assignment5/platform/utilities/src/fsl_debug_console.c.obj
 .debug_ranges  0x00000000000000e8       0x38 CMakeFiles/kw565-coursework-5.dir/Users/kuiwang/Documents/Assignment5/platform/utilities/src/print_scan.c.obj
 .debug_ranges  0x0000000000000120       0x18 CMakeFiles/kw565-coursework-5.dir/Users/kuiwang/Documents/Assignment5/platform/devices/MKL03Z4/startup/system_MKL03Z4.c.obj
 .debug_ranges  0x0000000000000138       0x10 CMakeFiles/kw565-coursework-5.dir/Users/kuiwang/Documents/Assignment5/platform/devices/startup.c.obj

.debug_line     0x0000000000000000     0x188b
 .debug_line    0x0000000000000000      0x298 CMakeFiles/kw565-coursework-5.dir/Users/kuiwang/Documents/Assignment5/source/mma8451_api.c.obj
 .debug_line    0x0000000000000298       0x72 CMakeFiles/kw565-coursework-5.dir/Users/kuiwang/Documents/Assignment5/source/fsl_spi_irq.c.obj
 .debug_line    0x000000000000030a       0x76 CMakeFiles/kw565-coursework-5.dir/Users/kuiwang/Documents/Assignment5/source/hardware_init.c.obj
 .debug_line    0x0000000000000380      0x259 CMakeFiles/kw565-coursework-5.dir/Users/kuiwang/Documents/Assignment5/source/pin_mux.c.obj
 .debug_line    0x00000000000005d9      0x4ba CMakeFiles/kw565-coursework-5.dir/Users/kuiwang/Documents/Assignment5/platform/utilities/src/fsl_debug_console.c.obj
 .debug_line    0x0000000000000a93      0xa5e CMakeFiles/kw565-coursework-5.dir/Users/kuiwang/Documents/Assignment5/platform/utilities/src/print_scan.c.obj
 .debug_line    0x00000000000014f1      0x203 CMakeFiles/kw565-coursework-5.dir/Users/kuiwang/Documents/Assignment5/platform/devices/MKL03Z4/startup/system_MKL03Z4.c.obj
 .debug_line    0x00000000000016f4      0x197 CMakeFiles/kw565-coursework-5.dir/Users/kuiwang/Documents/Assignment5/platform/devices/startup.c.obj

.debug_str      0x0000000000000000     0x13e7
 .debug_str     0x0000000000000000      0x6c0 CMakeFiles/kw565-coursework-5.dir/Users/kuiwang/Documents/Assignment5/source/mma8451_api.c.obj
                                        0x72e (size before relaxing)
 .debug_str     0x00000000000006c0       0x4a CMakeFiles/kw565-coursework-5.dir/Users/kuiwang/Documents/Assignment5/source/fsl_spi_irq.c.obj
                                        0x1d7 (size before relaxing)
 .debug_str     0x000000000000070a       0x4a CMakeFiles/kw565-coursework-5.dir/Users/kuiwang/Documents/Assignment5/source/hardware_init.c.obj
                                        0x1d7 (size before relaxing)
 .debug_str     0x0000000000000754      0x191 CMakeFiles/kw565-coursework-5.dir/Users/kuiwang/Documents/Assignment5/source/pin_mux.c.obj
                                        0x333 (size before relaxing)
 .debug_str     0x00000000000008e5      0x694 CMakeFiles/kw565-coursework-5.dir/Users/kuiwang/Documents/Assignment5/platform/utilities/src/fsl_debug_console.c.obj
                                        0x88d (size before relaxing)
 .debug_str     0x0000000000000f79      0x1ae CMakeFiles/kw565-coursework-5.dir/Users/kuiwang/Documents/Assignment5/platform/utilities/src/print_scan.c.obj
                                        0x3b8 (size before relaxing)
 .debug_str     0x0000000000001127      0x189 CMakeFiles/kw565-coursework-5.dir/Users/kuiwang/Documents/Assignment5/platform/devices/MKL03Z4/startup/system_MKL03Z4.c.obj
                                        0x335 (size before relaxing)
 .debug_str     0x00000000000012b0      0x137 CMakeFiles/kw565-coursework-5.dir/Users/kuiwang/Documents/Assignment5/platform/devices/startup.c.obj
                                        0x2cf (size before relaxing)

.debug_frame    0x0000000000000000     0x10e8
 .debug_frame   0x0000000000000000       0x58 CMakeFiles/kw565-coursework-5.dir/Users/kuiwang/Documents/Assignment5/source/mma8451_api.c.obj
 .debug_frame   0x0000000000000058       0x2c CMakeFiles/kw565-coursework-5.dir/Users/kuiwang/Documents/Assignment5/source/fsl_spi_irq.c.obj
 .debug_frame   0x0000000000000084       0x2c CMakeFiles/kw565-coursework-5.dir/Users/kuiwang/Documents/Assignment5/source/hardware_init.c.obj
 .debug_frame   0x00000000000000b0      0x110 CMakeFiles/kw565-coursework-5.dir/Users/kuiwang/Documents/Assignment5/source/pin_mux.c.obj
 .debug_frame   0x00000000000001c0      0x190 CMakeFiles/kw565-coursework-5.dir/Users/kuiwang/Documents/Assignment5/platform/utilities/src/fsl_debug_console.c.obj
 .debug_frame   0x0000000000000350       0xd8 CMakeFiles/kw565-coursework-5.dir/Users/kuiwang/Documents/Assignment5/platform/utilities/src/print_scan.c.obj
 .debug_frame   0x0000000000000428       0x4c CMakeFiles/kw565-coursework-5.dir/Users/kuiwang/Documents/Assignment5/platform/devices/MKL03Z4/startup/system_MKL03Z4.c.obj
 .debug_frame   0x0000000000000474       0x30 CMakeFiles/kw565-coursework-5.dir/Users/kuiwang/Documents/Assignment5/platform/devices/startup.c.obj
 .debug_frame   0x00000000000004a4       0x44 /Applications/ARM/bin/../lib/gcc/arm-none-eabi/10.3.1/../../../../arm-none-eabi/lib/thumb/v6-m/nofp/libc_nano.a(lib_a-assert.o)
 .debug_frame   0x00000000000004e8       0x20 /Applications/ARM/bin/../lib/gcc/arm-none-eabi/10.3.1/../../../../arm-none-eabi/lib/thumb/v6-m/nofp/libc_nano.a(lib_a-errno.o)
 .debug_frame   0x0000000000000508       0x28 /Applications/ARM/bin/../lib/gcc/arm-none-eabi/10.3.1/../../../../arm-none-eabi/lib/thumb/v6-m/nofp/libc_nano.a(lib_a-exit.o)
 .debug_frame   0x0000000000000530       0x4c /Applications/ARM/bin/../lib/gcc/arm-none-eabi/10.3.1/../../../../arm-none-eabi/lib/thumb/v6-m/nofp/libc_nano.a(lib_a-fprintf.o)
 .debug_frame   0x000000000000057c       0x2c /Applications/ARM/bin/../lib/gcc/arm-none-eabi/10.3.1/../../../../arm-none-eabi/lib/thumb/v6-m/nofp/libc_nano.a(lib_a-init.o)
 .debug_frame   0x00000000000005a8       0x40 /Applications/ARM/bin/../lib/gcc/arm-none-eabi/10.3.1/../../../../arm-none-eabi/lib/thumb/v6-m/nofp/libc_nano.a(lib_a-malloc.o)
 .debug_frame   0x00000000000005e8       0x20 /Applications/ARM/bin/../lib/gcc/arm-none-eabi/10.3.1/../../../../arm-none-eabi/lib/thumb/v6-m/nofp/libc_nano.a(lib_a-memset.o)
 .debug_frame   0x0000000000000608       0x2c /Applications/ARM/bin/../lib/gcc/arm-none-eabi/10.3.1/../../../../arm-none-eabi/lib/thumb/v6-m/nofp/libc_nano.a(lib_a-nano-freer.o)
 .debug_frame   0x0000000000000634       0x50 /Applications/ARM/bin/../lib/gcc/arm-none-eabi/10.3.1/../../../../arm-none-eabi/lib/thumb/v6-m/nofp/libc_nano.a(lib_a-nano-mallocr.o)
 .debug_frame   0x0000000000000684       0x9c /Applications/ARM/bin/../lib/gcc/arm-none-eabi/10.3.1/../../../../arm-none-eabi/lib/thumb/v6-m/nofp/libc_nano.a(lib_a-nano-vfprintf.o)
 .debug_frame   0x0000000000000720       0x54 /Applications/ARM/bin/../lib/gcc/arm-none-eabi/10.3.1/../../../../arm-none-eabi/lib/thumb/v6-m/nofp/libc_nano.a(lib_a-nano-vfprintf_i.o)
 .debug_frame   0x0000000000000774       0x44 /Applications/ARM/bin/../lib/gcc/arm-none-eabi/10.3.1/../../../../arm-none-eabi/lib/thumb/v6-m/nofp/libc_nano.a(lib_a-rand.o)
 .debug_frame   0x00000000000007b8       0x2c /Applications/ARM/bin/../lib/gcc/arm-none-eabi/10.3.1/../../../../arm-none-eabi/lib/thumb/v6-m/nofp/libc_nano.a(lib_a-sbrkr.o)
 .debug_frame   0x00000000000007e4       0x30 /Applications/ARM/bin/../lib/gcc/arm-none-eabi/10.3.1/../../../../arm-none-eabi/lib/thumb/v6-m/nofp/libc_nano.a(lib_a-time.o)
 .debug_frame   0x0000000000000814       0x48 /Applications/ARM/bin/../lib/gcc/arm-none-eabi/10.3.1/../../../../arm-none-eabi/lib/thumb/v6-m/nofp/libc_nano.a(lib_a-wbuf.o)
 .debug_frame   0x000000000000085c       0x2c /Applications/ARM/bin/../lib/gcc/arm-none-eabi/10.3.1/../../../../arm-none-eabi/lib/thumb/v6-m/nofp/libc_nano.a(lib_a-wsetup.o)
 .debug_frame   0x0000000000000888       0x28 /Applications/ARM/bin/../lib/gcc/arm-none-eabi/10.3.1/../../../../arm-none-eabi/lib/thumb/v6-m/nofp/libc_nano.a(lib_a-abort.o)
 .debug_frame   0x00000000000008b0       0x68 /Applications/ARM/bin/../lib/gcc/arm-none-eabi/10.3.1/../../../../arm-none-eabi/lib/thumb/v6-m/nofp/libc_nano.a(lib_a-fflush.o)
 .debug_frame   0x0000000000000918      0x170 /Applications/ARM/bin/../lib/gcc/arm-none-eabi/10.3.1/../../../../arm-none-eabi/lib/thumb/v6-m/nofp/libc_nano.a(lib_a-findfp.o)
 .debug_frame   0x0000000000000a88       0x58 /Applications/ARM/bin/../lib/gcc/arm-none-eabi/10.3.1/../../../../arm-none-eabi/lib/thumb/v6-m/nofp/libc_nano.a(lib_a-fwalk.o)
 .debug_frame   0x0000000000000ae0       0x2c /Applications/ARM/bin/../lib/gcc/arm-none-eabi/10.3.1/../../../../arm-none-eabi/lib/thumb/v6-m/nofp/libc_nano.a(lib_a-gettimeofdayr.o)
 .debug_frame   0x0000000000000b0c       0xb0 /Applications/ARM/bin/../lib/gcc/arm-none-eabi/10.3.1/../../../../arm-none-eabi/lib/thumb/v6-m/nofp/libc_nano.a(lib_a-lock.o)