Archive member included to satisfy reference by file (symbol)

../lib/debug/libksdk_platform.a(fsl_os_abstraction_bm.c.obj)
                              CMakeFiles/kw565-coursework-5.dir/Users/kuiwang/Documents/Assignment5/source/main.c.obj (OSA_TimeDelay)
../lib/debug/libksdk_platform.a(fsl_clock_manager.c.obj)
                              CMakeFiles/kw565-coursework-5.dir/Users/kuiwang/Documents/Assignment5/source/board.c.obj (CLOCK_SYS_SetMcgliteMode)
../lib/debug/libksdk_platform.a(fsl_clock_manager_common.c.obj)
                              ../lib/debug/libksdk_platform.a(fsl_clock_manager.c.obj) (g_oscBase)
../lib/debug/libksdk_platform.a(fsl_clock_MKL03Z4.c.obj)
                              CMakeFiles/kw565-coursework-5.dir/Users/kuiwang/Documents/Assignment5/source/board.c.obj (CLOCK_SYS_SetSimConfigration)
../lib/debug/libksdk_platform.a(fsl_interrupt_manager.c.obj)
                              ../lib/debug/libksdk_platform.a(fsl_os_abstraction_bm.c.obj) (INT_SYS_InstallHandler)
../lib/debug/libksdk_platform.a(fsl_gpio_driver.c.obj)
                              CMakeFiles/kw565-coursework-5.dir/Users/kuiwang/Documents/Assignment5/source/main.c.obj (GPIO_DRV_Init)
../lib/debug/libksdk_platform.a(fsl_i2c_shared_function.c.obj)
                              CMakeFiles/kw565-coursework-5.dir/Users/kuiwang/Documents/Assignment5/source/fsl_i2c_irq.c.obj (I2C_DRV_IRQHandler)
../lib/debug/libksdk_platform.a(fsl_i2c_common.c.obj)
                              ../lib/debug/libksdk_platform.a(fsl_i2c_shared_function.c.obj) (g_i2cBase)
../lib/debug/libksdk_platform.a(fsl_i2c_master_driver.c.obj)
                              CMakeFiles/kw565-coursework-5.dir/Users/kuiwang/Documents/Assignment5/source/main.c.obj (I2C_DRV_MasterInit)
../lib/debug/libksdk_platform.a(fsl_i2c_slave_driver.c.obj)
                              ../lib/debug/libksdk_platform.a(fsl_i2c_shared_function.c.obj) (I2C_DRV_SlaveIRQHandler)
../lib/debug/libksdk_platform.a(fsl_lptmr_hal.c.obj)
                              ../lib/debug/libksdk_platform.a(fsl_os_abstraction_bm.c.obj) (LPTMR_HAL_SetTimerWorkingMode)
../lib/debug/libksdk_platform.a(fsl_lpuart_hal.c.obj)
                              CMakeFiles/kw565-coursework-5.dir/Users/kuiwang/Documents/Assignment5/platform/utilities/src/fsl_debug_console.c.obj (LPUART_HAL_SetBaudRate)
../lib/debug/libksdk_platform.a(fsl_mcglite_hal.c.obj)
                              ../lib/debug/libksdk_platform.a(fsl_clock_manager.c.obj) (g_xtal0ClkFreq)
../lib/debug/libksdk_platform.a(fsl_mcglite_hal_modes.c.obj)
                              ../lib/debug/libksdk_platform.a(fsl_clock_manager.c.obj) (CLOCK_HAL_SetHircMode)
../lib/debug/libksdk_platform.a(fsl_osc_hal.c.obj)
                              ../lib/debug/libksdk_platform.a(fsl_clock_manager.c.obj) (OSC_HAL_SetCapacitor)
../lib/debug/libksdk_platform.a(fsl_sim_hal_MKL03Z4.c.obj)
                              ../lib/debug/libksdk_platform.a(fsl_clock_MKL03Z4.c.obj) (CLOCK_HAL_SetOutDiv)
../lib/debug/libksdk_platform.a(fsl_spi_shared_function.c.obj)
                              CMakeFiles/kw565-coursework-5.dir/Users/kuiwang/Documents/Assignment5/source/fsl_spi_irq.c.obj (SPI_DRV_IRQHandler)
../lib/debug/libksdk_platform.a(fsl_spi_master_driver.c.obj)
                              CMakeFiles/kw565-coursework-5.dir/Users/kuiwang/Documents/Assignment5/source/main.c.obj (SPI_DRV_MasterInit)
../lib/debug/libksdk_platform.a(fsl_spi_slave_driver.c.obj)
                              ../lib/debug/libksdk_platform.a(fsl_spi_shared_function.c.obj) (SPI_DRV_SlaveIRQHandler)
../lib/debug/libksdk_platform.a(fsl_spi_common.c.obj)
                              ../lib/debug/libksdk_platform.a(fsl_spi_master_driver.c.obj) (g_spiStatePtr)
../lib/debug/libksdk_platform.a(fsl_gpio_hal.c.obj)
                              ../lib/debug/libksdk_platform.a(fsl_gpio_driver.c.obj) (GPIO_HAL_SetPinDir)
../lib/debug/libksdk_platform.a(fsl_gpio_common.c.obj)
                              ../lib/debug/libksdk_platform.a(fsl_gpio_driver.c.obj) (g_gpioBase)
../lib/debug/libksdk_platform.a(fsl_i2c_hal.c.obj)
                              ../lib/debug/libksdk_platform.a(fsl_i2c_master_driver.c.obj) (I2C_HAL_Init)
../lib/debug/libksdk_platform.a(fsl_spi_hal.c.obj)
                              ../lib/debug/libksdk_platform.a(fsl_spi_master_driver.c.obj) (SPI_HAL_Init)
/Applications/ARM/bin/../lib/gcc/arm-none-eabi/10.3.1/../../../../arm-none-eabi/lib/thumb/v6-m/nofp/libc_nano.a(lib_a-assert.o)
                              CMakeFiles/kw565-coursework-5.dir/Users/kuiwang/Documents/Assignment5/source/main.c.obj (__assert_func)
/Applications/ARM/bin/../lib/gcc/arm-none-eabi/10.3.1/../../../../arm-none-eabi/lib/thumb/v6-m/nofp/libc_nano.a(lib_a-calloc.o)
                              ../lib/debug/libksdk_platform.a(fsl_os_abstraction_bm.c.obj) (calloc)
/Applications/ARM/bin/../lib/gcc/arm-none-eabi/10.3.1/../../../../arm-none-eabi/lib/thumb/v6-m/nofp/libc_nano.a(lib_a-errno.o)
[...]
Memory Configuration

Name             Origin             Length             Attributes
m_interrupts     0x0000000000000000 0x0000000000000100 xr
m_flash_config   0x0000000000000400 0x0000000000000010 xr
m_text           0x0000000000000410 0x0000000000007bf0 xr
m_data           0x000000001ffffe00 0x0000000000000800 rw
*default*        0x0000000000000000 0xffffffffffffffff

Linker script and memory map

LOAD /Applications/ARM/bin/../lib/gcc/arm-none-eabi/10.3.1/thumb/v6-m/nofp/crti.o
LOAD /Applications/ARM/bin/../lib/gcc/arm-none-eabi/10.3.1/thumb/v6-m/nofp/crtbegin.o
LOAD /Applications/ARM/bin/../lib/gcc/arm-none-eabi/10.3.1/../../../../arm-none-eabi/lib/thumb/v6-m/nofp/crt0.o
LOAD /Applications/ARM/bin/../lib/gcc/arm-none-eabi/10.3.1/../../../../arm-none-eabi/lib/thumb/v6-m/nofp/libm.a
                0x0000000000000300                __stack_size__ = 0x300
                0x0000000000000200                __heap_size__ = 0x200
LOAD CMakeFiles/kw565-coursework-5.dir/Users/kuiwang/Documents/Assignment5/platform/utilities/src/fsl_misc_utilities.c.obj
LOAD CMakeFiles/kw565-coursework-5.dir/Users/kuiwang/Documents/Assignment5/platform/devices/MKL03Z4/startup/gcc/startup_MKL03Z4.S.obj
LOAD CMakeFiles/kw565-coursework-5.dir/Users/kuiwang/Documents/Assignment5/source/main.c.obj
LOAD CMakeFiles/kw565-coursework-5.dir/Users/kuiwang/Documents/Assignment5/source/fsl_i2c_irq.c.obj
LOAD CMakeFiles/kw565-coursework-5.dir/Users/kuiwang/Documents/Assignment5/source/accel.c.obj
LOAD CMakeFiles/kw565-coursework-5.dir/Users/kuiwang/Documents/Assignment5/source/fxos_api.c.obj
LOAD CMakeFiles/kw565-coursework-5.dir/Users/kuiwang/Documents/Assignment5/source/mma8451_api.c.obj
LOAD CMakeFiles/kw565-coursework-5.dir/Users/kuiwang/Documents/Assignment5/source/fsl_spi_irq.c.obj
LOAD CMakeFiles/kw565-coursework-5.dir/Users/kuiwang/Documents/Assignment5/source/hardware_init.c.obj
LOAD CMakeFiles/kw565-coursework-5.dir/Users/kuiwang/Documents/Assignment5/source/gpio_pins.c.obj
LOAD CMakeFiles/kw565-coursework-5.dir/Users/kuiwang/Documents/Assignment5/source/pin_mux.c.obj
LOAD CMakeFiles/kw565-coursework-5.dir/Users/kuiwang/Documents/Assignment5/source/board.c.obj
LOAD CMakeFiles/kw565-coursework-5.dir/Users/kuiwang/Documents/Assignment5/platform/utilities/src/fsl_debug_console.c.obj
LOAD CMakeFiles/kw565-coursework-5.dir/Users/kuiwang/Documents/Assignment5/platform/utilities/src/print_scan.c.obj
LOAD CMakeFiles/kw565-coursework-5.dir/Users/kuiwang/Documents/Assignment5/platform/devices/MKL03Z4/startup/system_MKL03Z4.c.obj
LOAD CMakeFiles/kw565-coursework-5.dir/Users/kuiwang/Documents/Assignment5/platform/devices/startup.c.obj
START GROUP
LOAD ../lib/debug/libksdk_platform.a
LOAD /Applications/ARM/bin/../lib/gcc/arm-none-eabi/10.3.1/../../../../arm-none-eabi/lib/thumb/v6-m/nofp/libm.a
LOAD /Applications/ARM/bin/../lib/gcc/arm-none-eabi/10.3.1/../../../../arm-none-eabi/lib/thumb/v6-m/nofp/libc_nano.a
LOAD /Applications/ARM/bin/../lib/gcc/arm-none-eabi/10.3.1/thumb/v6-m/nofp/libgcc.a
LOAD /Applications/ARM/bin/../lib/gcc/arm-none-eabi/10.3.1/../../../../arm-none-eabi/lib/thumb/v6-m/nofp/libnosys.a
END GROUP
START GROUP
LOAD /Applications/ARM/bin/../lib/gcc/arm-none-eabi/10.3.1/thumb/v6-m/nofp/libgcc.a
LOAD /Applications/ARM/bin/../lib/gcc/arm-none-eabi/10.3.1/../../../../arm-none-eabi/lib/thumb/v6-m/nofp/libg_nano.a
LOAD /Applications/ARM/bin/../lib/gcc/arm-none-eabi/10.3.1/../../../../arm-none-eabi/lib/thumb/v6-m/nofp/libc_nano.a
END GROUP
START GROUP
LOAD /Applications/ARM/bin/../lib/gcc/arm-none-eabi/10.3.1/thumb/v6-m/nofp/libgcc.a
LOAD /Applications/ARM/bin/../lib/gcc/arm-none-eabi/10.3.1/../../../../arm-none-eabi/lib/thumb/v6-m/nofp/libc_nano.a
END GROUP
LOAD /Applications/ARM/bin/../lib/gcc/arm-none-eabi/10.3.1/thumb/v6-m/nofp/crtend.o
LOAD /Applications/ARM/bin/../lib/gcc/arm-none-eabi/10.3.1/thumb/v6-m/nofp/crtn.o
                0x0000000000000200                HEAP_SIZE = DEFINED (__heap_size__)?__heap_size__:0x200
                0x0000000000000300                STACK_SIZE = DEFINED (__stack_size__)?__stack_size__:0x50
                0x0000000000000000                M_VECTOR_RAM_SIZE = DEFINED (__ram_vector_table__)?0x100:0x0

.interrupts     0x0000000000000000       0xc0
                0x0000000000000000                __VECTOR_TABLE = .
                0x0000000000000000                . = ALIGN (0x4)
 *(.isr_vector)
 .isr_vector    0x0000000000000000       0xc0 CMakeFiles/kw565-coursework-5.dir/Users/kuiwang/Documents/Assignment5/platform/devices/MKL03Z4/startup/gcc/startup_MKL03Z4.S.obj
                0x0000000000000000                __isr_vector
                0x00000000000000c0                . = ALIGN (0x4)

.flash_config   0x0000000000000400       0x10
                0x0000000000000400                . = ALIGN (0x4)
 *(.FlashConfig)
 .FlashConfig   0x0000000000000400       0x10 CMakeFiles/kw565-coursework-5.dir/Users/kuiwang/Documents/Assignment5/platform/devices/MKL03Z4/startup/gcc/startup_MKL03Z4.S.obj
                0x0000000000000410                . = ALIGN (0x4)

.text           0x0000000000000410     0x7290
                0x0000000000000410                . = ALIGN (0x4)
 *(.text)
 .text          0x0000000000000410       0x48 /Applications/ARM/bin/../lib/gcc/arm-none-eabi/10.3.1/thumb/v6-m/nofp/crtbegin.o
 .text          0x0000000000000458       0x80 /Applications/ARM/bin/../lib/gcc/arm-none-eabi/10.3.1/../../../../arm-none-eabi/lib/thumb/v6-m/nofp/crt0.o
                0x0000000000000458                _stack_init
                0x0000000000000464                _mainCRTStartup
                0x0000000000000464                _start
 .text          0x00000000000004d8       0x18 CMakeFiles/kw565-coursework-5.dir/Users/kuiwang/Documents/Assignment5/platform/devices/MKL03Z4/startup/gcc/startup_MKL03Z4.S.obj
                0x00000000000004d8                Reset_Handler
                0x00000000000004e8                Reserved16_IRQHandler
                0x00000000000004e8                HardFault_Handler
                0x00000000000004e8                SysTick_Handler
                0x00000000000004e8                PendSV_Handler
                0x00000000000004e8                NMI_Handler
                0x00000000000004e8                Reserved19_IRQHandler
                0x00000000000004e8                Reserved29_IRQHandler
                0x00000000000004e8                TPM0_IRQHandler
                0x00000000000004e8                LLWU_IRQHandler
                0x00000000000004e8                Reserved42_IRQHandler
                0x00000000000004e8                ADC0_IRQHandler
                0x00000000000004e8                Reserved39_IRQHandler
                0x00000000000004e8                DefaultISR
                0x00000000000004e8                Reserved25_IRQHandler
                0x00000000000004e8                Reserved43_IRQHandler
                0x00000000000004e8                RTC_IRQHandler
                0x00000000000004e8                Reserved27_IRQHandler
                0x00000000000004e8                RTC_Seconds_IRQHandler
                0x00000000000004e8                Reserved35_IRQHandler
                0x00000000000004e8                Reserved20_IRQHandler
                0x00000000000004e8                Reserved17_IRQHandler
                0x00000000000004e8                Reserved41_IRQHandler
                0x00000000000004e8                SVC_Handler
                0x00000000000004e8                LPUART0_IRQHandler
                0x00000000000004e8                Reserved45_IRQHandler
                0x00000000000004e8                Reserved30_IRQHandler
                0x00000000000004e8                PMC_IRQHandler
                0x00000000000004e8                TPM1_IRQHandler
                0x00000000000004e8                PORTA_IRQHandler
                0x00000000000004e8                FTFA_IRQHandler
                0x00000000000004e8                Reserved40_IRQHandler
                0x00000000000004e8                Reserved38_IRQHandler
                0x00000000000004e8                LPTMR0_IRQHandler
                0x00000000000004e8                Reserved18_IRQHandler
                0x00000000000004e8                CMP0_IRQHandler
 .text          0x00000000000004f0        0xe /Applications/ARM/bin/../lib/gcc/arm-none-eabi/10.3.1/../../../../arm-none-eabi/lib/thumb/v6-m/nofp/libc_nano.a(lib_a-strlen.o)
                0x00000000000004f0                strlen
 *fill*         0x00000000000004fe        0x2 
 .text          0x0000000000000500       0x14 /Applications/ARM/bin/../lib/gcc/arm-none-eabi/10.3.1/thumb/v6-m/nofp/libgcc.a(_thumb1_case_shi.o)
                0x0000000000000500                __gnu_thumb1_case_shi
 .text          0x0000000000000514      0x114 /Applications/ARM/bin/../lib/gcc/arm-none-eabi/10.3.1/thumb/v6-m/nofp/libgcc.a(_udivsi3.o)
                0x0000000000000514                __udivsi3
                0x0000000000000514                __aeabi_uidiv
                0x0000000000000620                __aeabi_uidivmod
 .text          0x0000000000000628      0x1d4 /Applications/ARM/bin/../lib/gcc/arm-none-eabi/10.3.1/thumb/v6-m/nofp/libgcc.a(_divsi3.o)
                0x0000000000000628                __aeabi_idiv
                0x0000000000000628                __divsi3
                0x00000000000007f4                __aeabi_idivmod
 .text          0x00000000000007fc        0x4 /Applications/ARM/bin/../lib/gcc/arm-none-eabi/10.3.1/thumb/v6-m/nofp/libgcc.a(_dvmd_tls.o)
                0x00000000000007fc                __aeabi_ldiv0
                0x00000000000007fc                __aeabi_idiv0
 .text          0x0000000000000800       0x5c /Applications/ARM/bin/../lib/gcc/arm-none-eabi/10.3.1/thumb/v6-m/nofp/libgcc.a(_muldi3.o)
                0x0000000000000800                __aeabi_lmul
                0x0000000000000800                __muldi3
 *(.text*)
 .text._sbrk    0x000000000000085c       0x5c CMakeFiles/kw565-coursework-5.dir/Users/kuiwang/Documents/Assignment5/platform/utilities/src/fsl_misc_utilities.c.obj
                0x000000000000085c                _sbrk
 .text.PORT_HAL_SetMuxMode
                0x00000000000008b8       0x50 CMakeFiles/kw565-coursework-5.dir/Users/kuiwang/Documents/Assignment5/source/main.c.obj
 .text.writeCommand
                0x0000000000000908       0x58 CMakeFiles/kw565-coursework-5.dir/Users/kuiwang/Documents/Assignment5/source/main.c.obj
                0x0000000000000908                writeCommand
 .text.printHeart
                0x0000000000000960      0x17c CMakeFiles/kw565-coursework-5.dir/Users/kuiwang/Documents/Assignment5/source/main.c.obj
                0x0000000000000960                printHeart
 .text.heartFall
                0x0000000000000adc      0x184 CMakeFiles/kw565-coursework-5.dir/Users/kuiwang/Documents/Assignment5/source/main.c.obj
                0x0000000000000adc                heartFall
 .text.printArrow
                0x0000000000000c60      0x180 CMakeFiles/kw565-coursework-5.dir/Users/kuiwang/Documents/Assignment5/source/main.c.obj
                0x0000000000000c60                printArrow
 .text.clearArrow
                0x0000000000000de0       0xe4 CMakeFiles/kw565-coursework-5.dir/Users/kuiwang/Documents/Assignment5/source/main.c.obj
                0x0000000000000de0                clearArrow
 .text.devSSD1331init
                0x0000000000000ec4      0x120 CMakeFiles/kw565-coursework-5.dir/Users/kuiwang/Documents/Assignment5/source/main.c.obj
                0x0000000000000ec4                devSSD1331init
 .text.main     0x0000000000000fe4      0x38c CMakeFiles/kw565-coursework-5.dir/Users/kuiwang/Documents/Assignment5/source/main.c.obj
                0x0000000000000fe4                main
 .text.PORTB_IRQHandler
                0x0000000000001370       0x28 CMakeFiles/kw565-coursework-5.dir/Users/kuiwang/Documents/Assignment5/source/main.c.obj
                0x0000000000001370                PORTB_IRQHandler
 .text.I2C0_IRQHandler
                0x0000000000001398       0x10 CMakeFiles/kw565-coursework-5.dir/Users/kuiwang/Documents/Assignment5/source/fsl_i2c_irq.c.obj
                0x0000000000001398                I2C0_IRQHandler
 .text.accel_read_reg
                0x00000000000013a8       0x4e CMakeFiles/kw565-coursework-5.dir/Users/kuiwang/Documents/Assignment5/source/accel.c.obj
                0x00000000000013a8                accel_read_reg
 .text.accel_write_reg
                0x00000000000013f6       0x50 CMakeFiles/kw565-coursework-5.dir/Users/kuiwang/Documents/Assignment5/source/accel.c.obj
                0x00000000000013f6                accel_write_reg
 *fill*         0x0000000000001446        0x2 
 .text.accel_init
                0x0000000000001448      0x114 CMakeFiles/kw565-coursework-5.dir/Users/kuiwang/Documents/Assignment5/source/accel.c.obj
                0x0000000000001448                accel_init
 .text.fxos_init
                0x000000000000155c      0x120 CMakeFiles/kw565-coursework-5.dir/Users/kuiwang/Documents/Assignment5/source/fxos_api.c.obj
                0x000000000000155c                fxos_init
 .text.fxos_read_sensor_data
                0x000000000000167c       0x20 CMakeFiles/kw565-coursework-5.dir/Users/kuiwang/Documents/Assignment5/source/fxos_api.c.obj
                0x000000000000167c                fxos_read_sensor_data
 .text.fxos_read_register_array_fast
                0x000000000000169c       0x58 CMakeFiles/kw565-coursework-5.dir/Users/kuiwang/Documents/Assignment5/source/fxos_api.c.obj
                0x000000000000169c                fxos_read_register_array_fast
 .text.mma8451_init
                0x00000000000016f4       0xdc CMakeFiles/kw565-coursework-5.dir/Users/kuiwang/Documents/Assignment5/source/mma8451_api.c.obj
                0x00000000000016f4                mma8451_init
 .text.mma8451_read_sensor_data
                0x00000000000017d0       0xae CMakeFiles/kw565-coursework-5.dir/Users/kuiwang/Documents/Assignment5/source/mma8451_api.c.obj
                0x00000000000017d0                mma8451_read_sensor_data
 .text.SPI0_IRQHandler
                0x000000000000187e       0x10 CMakeFiles/kw565-coursework-5.dir/Users/kuiwang/Documents/Assignment5/source/fsl_spi_irq.c.obj
                0x000000000000187e                SPI0_IRQHandler
 .text.hardware_init
                0x000000000000188e       0x22 CMakeFiles/kw565-coursework-5.dir/Users/kuiwang/Documents/Assignment5/source/hardware_init.c.obj
                0x000000000000188e                hardware_init
 .text.PORT_HAL_SetMuxMode
                0x00000000000018b0       0x50 CMakeFiles/kw565-coursework-5.dir/Users/kuiwang/Documents/Assignment5/source/pin_mux.c.obj
 .text.configure_i2c_pins
                0x0000000000001900       0x38 CMakeFiles/kw565-coursework-5.dir/Users/kuiwang/Documents/Assignment5/source/pin_mux.c.obj
                0x0000000000001900                configure_i2c_pins
 .text.configure_spi_pins
                0x0000000000001938       0x54 CMakeFiles/kw565-coursework-5.dir/Users/kuiwang/Documents/Assignment5/source/pin_mux.c.obj
                0x0000000000001938                configure_spi_pins
 .text._write   0x000000000000198c       0x58 CMakeFiles/kw565-coursework-5.dir/Users/kuiwang/Documents/Assignment5/platform/utilities/src/fsl_debug_console.c.obj
                0x000000000000198c                _write
 .text._read    0x00000000000019e4       0x44 CMakeFiles/kw565-coursework-5.dir/Users/kuiwang/Documents/Assignment5/platform/utilities/src/fsl_debug_console.c.obj
                0x00000000000019e4                _read
 .text.debug_printf
                0x0000000000001a28       0x4c CMakeFiles/kw565-coursework-5.dir/Users/kuiwang/Documents/Assignment5/platform/utilities/src/fsl_debug_console.c.obj
                0x0000000000001a28                debug_printf
 .text.debug_putc
                0x0000000000001a74       0x44 CMakeFiles/kw565-coursework-5.dir/Users/kuiwang/Documents/Assignment5/platform/utilities/src/fsl_debug_console.c.obj
 .text._doprint
                0x0000000000001ab8      0x6f0 CMakeFiles/kw565-coursework-5.dir/Users/kuiwang/Documents/Assignment5/platform/utilities/src/print_scan.c.obj
                0x0000000000001ab8                _doprint
 .text.mknumstr
                0x00000000000021a8      0x10e CMakeFiles/kw565-coursework-5.dir/Users/kuiwang/Documents/Assignment5/platform/utilities/src/print_scan.c.obj
 .text.fput_pad
                0x00000000000022b6       0x44 CMakeFiles/kw565-coursework-5.dir/Users/kuiwang/Documents/Assignment5/platform/utilities/src/print_scan.c.obj
 *fill*         0x00000000000022fa        0x2 
 .text.SystemInit
                0x00000000000022fc       0x3c CMakeFiles/kw565-coursework-5.dir/Users/kuiwang/Documents/Assignment5/platform/devices/MKL03Z4/startup/system_MKL03Z4.c.obj
                0x00000000000022fc                SystemInit
 .text.init_data_bss
                0x0000000000002338       0xcc CMakeFiles/kw565-coursework-5.dir/Users/kuiwang/Documents/Assignment5/platform/devices/startup.c.obj
                0x0000000000002338                init_data_bss
 .text.SIM_HAL_EnableClock
                0x0000000000002404       0x5c ../lib/debug/libksdk_platform.a(fsl_os_abstraction_bm.c.obj)
 .text.CLOCK_SYS_EnableLptmrClock
                0x0000000000002460       0x20 ../lib/debug/libksdk_platform.a(fsl_os_abstraction_bm.c.obj)
 .text.LPTMR_HAL_Enable
                0x0000000000002480       0x1e ../lib/debug/libksdk_platform.a(fsl_os_abstraction_bm.c.obj)
 .text.LPTMR_HAL_Disable
                0x000000000000249e       0x1e ../lib/debug/libksdk_platform.a(fsl_os_abstraction_bm.c.obj)
 .text.LPTMR_HAL_SetIntCmd
                0x00000000000024bc       0x28 ../lib/debug/libksdk_platform.a(fsl_os_abstraction_bm.c.obj)
 .text.OSA_TimeInit
                0x00000000000024e4       0x64 ../lib/debug/libksdk_platform.a(fsl_os_abstraction_bm.c.obj)
                0x00000000000024e4                OSA_TimeInit
 .text.OSA_TimeDiff
                0x0000000000002548       0x30 ../lib/debug/libksdk_platform.a(fsl_os_abstraction_bm.c.obj)
                0x0000000000002548                OSA_TimeDiff
 .text.OSA_SemaCreate
                0x0000000000002578       0x50 ../lib/debug/libksdk_platform.a(fsl_os_abstraction_bm.c.obj)
                0x0000000000002578                OSA_SemaCreate
 .text.OSA_SemaWait
                0x00000000000025c8       0xc8 ../lib/debug/libksdk_platform.a(fsl_os_abstraction_bm.c.obj)
                0x00000000000025c8                OSA_SemaWait
 .text.OSA_SemaPost
                0x0000000000002690       0x54 ../lib/debug/libksdk_platform.a(fsl_os_abstraction_bm.c.obj)
                0x0000000000002690                OSA_SemaPost
 .text.OSA_EventSet
                0x00000000000026e4       0x48 ../lib/debug/libksdk_platform.a(fsl_os_abstraction_bm.c.obj)
                0x00000000000026e4                OSA_EventSet
 .text.task_init
                0x000000000000272c       0x60 ../lib/debug/libksdk_platform.a(fsl_os_abstraction_bm.c.obj)
                0x000000000000272c                task_init
 .text.OSA_TimeDelay
                0x000000000000278c       0x36 ../lib/debug/libksdk_platform.a(fsl_os_abstraction_bm.c.obj)
                0x000000000000278c                OSA_TimeDelay
 *fill*         0x00000000000027c2        0x2 
 .text.OSA_TimeGetMsec
                0x00000000000027c4       0x18 ../lib/debug/libksdk_platform.a(fsl_os_abstraction_bm.c.obj)
                0x00000000000027c4                OSA_TimeGetMsec
 .text.OSA_Init
                0x00000000000027dc       0x14 ../lib/debug/libksdk_platform.a(fsl_os_abstraction_bm.c.obj)
                0x00000000000027dc                OSA_Init
 .text.SIM_HAL_EnableClock
                0x00000000000027f0       0x5c ../lib/debug/libksdk_platform.a(fsl_clock_MKL03Z4.c.obj)
 .text.CLOCK_HAL_GetOutDiv1
                0x000000000000284c       0x2c ../lib/debug/libksdk_platform.a(fsl_clock_MKL03Z4.c.obj)
 .text.CLOCK_HAL_GetOutDiv4
                0x0000000000002878       0x2c ../lib/debug/libksdk_platform.a(fsl_clock_MKL03Z4.c.obj)
 .text.CLOCK_SYS_GetSystemClockFreq
                0x00000000000028a4       0x34 ../lib/debug/libksdk_platform.a(fsl_clock_MKL03Z4.c.obj)
                0x00000000000028a4                CLOCK_SYS_GetSystemClockFreq
 .text.CLOCK_SYS_GetBusClockFreq
                0x00000000000028d8       0x2c ../lib/debug/libksdk_platform.a(fsl_clock_MKL03Z4.c.obj)
                0x00000000000028d8                CLOCK_SYS_GetBusClockFreq
 .text.CLOCK_SYS_EnablePortClock
                0x0000000000002904       0x4c ../lib/debug/libksdk_platform.a(fsl_clock_MKL03Z4.c.obj)
                0x0000000000002904                CLOCK_SYS_EnablePortClock
 .text.CLOCK_SYS_EnableSpiClock
                0x0000000000002950       0x40 ../lib/debug/libksdk_platform.a(fsl_clock_MKL03Z4.c.obj)
                0x0000000000002950                CLOCK_SYS_EnableSpiClock
 .text.CLOCK_SYS_EnableI2cClock
                0x0000000000002990       0x4c ../lib/debug/libksdk_platform.a(fsl_clock_MKL03Z4.c.obj)
                0x0000000000002990                CLOCK_SYS_EnableI2cClock
 .text.INT_SYS_EnableIRQGlobal
                0x00000000000029dc       0x2c ../lib/debug/libksdk_platform.a(fsl_interrupt_manager.c.obj)
                0x00000000000029dc                INT_SYS_EnableIRQGlobal
 .text.INT_SYS_DisableIRQGlobal
                0x0000000000002a08       0x1c ../lib/debug/libksdk_platform.a(fsl_interrupt_manager.c.obj)
                0x0000000000002a08                INT_SYS_DisableIRQGlobal
 .text.NVIC_EnableIRQ
                0x0000000000002a24       0x2c ../lib/debug/libksdk_platform.a(fsl_gpio_driver.c.obj)
 .text.PORT_HAL_SetPullMode
                0x0000000000002a50       0x4c ../lib/debug/libksdk_platform.a(fsl_gpio_driver.c.obj)
 .text.PORT_HAL_SetPullCmd
                0x0000000000002a9c       0x4c ../lib/debug/libksdk_platform.a(fsl_gpio_driver.c.obj)
 .text.PORT_HAL_SetSlewRateMode
                0x0000000000002ae8       0x4c ../lib/debug/libksdk_platform.a(fsl_gpio_driver.c.obj)
 .text.PORT_HAL_SetPassiveFilterCmd
                0x0000000000002b34       0x4c ../lib/debug/libksdk_platform.a(fsl_gpio_driver.c.obj)
 .text.PORT_HAL_SetDriveStrengthMode
                0x0000000000002b80       0x4c ../lib/debug/libksdk_platform.a(fsl_gpio_driver.c.obj)
 .text.PORT_HAL_SetMuxMode
                0x0000000000002bcc       0x50 ../lib/debug/libksdk_platform.a(fsl_gpio_driver.c.obj)
 .text.PORT_HAL_SetPinIntMode
                0x0000000000002c1c       0x50 ../lib/debug/libksdk_platform.a(fsl_gpio_driver.c.obj)
 .text.PORT_HAL_ClearPinIntFlag
                0x0000000000002c6c       0x48 ../lib/debug/libksdk_platform.a(fsl_gpio_driver.c.obj)
 .text.GPIO_HAL_SetPinOutput
                0x0000000000002cb4       0x3c ../lib/debug/libksdk_platform.a(fsl_gpio_driver.c.obj)
 .text.GPIO_HAL_ClearPinOutput
                0x0000000000002cf0       0x3c ../lib/debug/libksdk_platform.a(fsl_gpio_driver.c.obj)
 .text.INT_SYS_EnableIRQ
                0x0000000000002d2c       0x5c ../lib/debug/libksdk_platform.a(fsl_gpio_driver.c.obj)
 .text.GPIO_DRV_Init
                0x0000000000002d88       0x4e ../lib/debug/libksdk_platform.a(fsl_gpio_driver.c.obj)
                0x0000000000002d88                GPIO_DRV_Init
 *fill*         0x0000000000002dd6        0x2 
 .text.GPIO_DRV_InputPinInit
                0x0000000000002dd8       0xc4 ../lib/debug/libksdk_platform.a(fsl_gpio_driver.c.obj)
                0x0000000000002dd8                GPIO_DRV_InputPinInit
 .text.GPIO_DRV_OutputPinInit
                0x0000000000002e9c       0x8c ../lib/debug/libksdk_platform.a(fsl_gpio_driver.c.obj)
                0x0000000000002e9c                GPIO_DRV_OutputPinInit
 .text.GPIO_DRV_SetPinOutput
                0x0000000000002f28       0x38 ../lib/debug/libksdk_platform.a(fsl_gpio_driver.c.obj)
                0x0000000000002f28                GPIO_DRV_SetPinOutput
 .text.GPIO_DRV_ClearPinOutput
                0x0000000000002f60       0x38 ../lib/debug/libksdk_platform.a(fsl_gpio_driver.c.obj)
                0x0000000000002f60                GPIO_DRV_ClearPinOutput
 .text.GPIO_DRV_ClearPinIntFlag
                0x0000000000002f98       0x38 ../lib/debug/libksdk_platform.a(fsl_gpio_driver.c.obj)
                0x0000000000002f98                GPIO_DRV_ClearPinIntFlag
 .text.I2C_HAL_GetStatusFlag
                0x0000000000002fd0       0x32 ../lib/debug/libksdk_platform.a(fsl_i2c_shared_function.c.obj)
 .text.I2C_HAL_IsMaster
                0x0000000000003002       0x26 ../lib/debug/libksdk_platform.a(fsl_i2c_shared_function.c.obj)
 .text.I2C_DRV_IRQHandler
                0x0000000000003028       0x74 ../lib/debug/libksdk_platform.a(fsl_i2c_shared_function.c.obj)
                0x0000000000003028                I2C_DRV_IRQHandler
 .text.NVIC_EnableIRQ
                0x000000000000309c       0x2c ../lib/debug/libksdk_platform.a(fsl_i2c_master_driver.c.obj)
 .text.I2C_HAL_Enable
                0x00000000000030c8       0x20 ../lib/debug/libksdk_platform.a(fsl_i2c_master_driver.c.obj)
 .text.I2C_HAL_SendAck
                0x00000000000030e8       0x20 ../lib/debug/libksdk_platform.a(fsl_i2c_master_driver.c.obj)
 .text.I2C_HAL_SendNak
                0x0000000000003108       0x20 ../lib/debug/libksdk_platform.a(fsl_i2c_master_driver.c.obj)
 .text.I2C_HAL_SetDirMode
                0x0000000000003128       0x2e ../lib/debug/libksdk_platform.a(fsl_i2c_master_driver.c.obj)
 .text.I2C_HAL_GetDirMode
                0x0000000000003156       0x20 ../lib/debug/libksdk_platform.a(fsl_i2c_master_driver.c.obj)
 .text.I2C_HAL_ReadByte
                0x0000000000003176       0x16 ../lib/debug/libksdk_platform.a(fsl_i2c_master_driver.c.obj)
 .text.I2C_HAL_WriteByte
                0x000000000000318c       0x34 ../lib/debug/libksdk_platform.a(fsl_i2c_master_driver.c.obj)
 .text.I2C_HAL_GetStatusFlag
                0x00000000000031c0       0x32 ../lib/debug/libksdk_platform.a(fsl_i2c_master_driver.c.obj)
 .text.I2C_HAL_IsMaster
                0x00000000000031f2       0x26 ../lib/debug/libksdk_platform.a(fsl_i2c_master_driver.c.obj)
 .text.I2C_HAL_ClearArbitrationLost
                0x0000000000003218       0x16 ../lib/debug/libksdk_platform.a(fsl_i2c_master_driver.c.obj)
 .text.I2C_HAL_SetIntCmd
                0x000000000000322e       0x2c ../lib/debug/libksdk_platform.a(fsl_i2c_master_driver.c.obj)
 .text.I2C_HAL_ClearInt
                0x000000000000325a       0x16 ../lib/debug/libksdk_platform.a(fsl_i2c_master_driver.c.obj)
 .text.CLOCK_SYS_GetI2cFreq
                0x0000000000003270       0x16 ../lib/debug/libksdk_platform.a(fsl_i2c_master_driver.c.obj)
 *fill*         0x0000000000003286        0x2 
 .text.INT_SYS_EnableIRQ
                0x0000000000003288       0x5c ../lib/debug/libksdk_platform.a(fsl_i2c_master_driver.c.obj)
 .text.I2C_DRV_MasterInit
                0x00000000000032e4       0xc0 ../lib/debug/libksdk_platform.a(fsl_i2c_master_driver.c.obj)
                0x00000000000032e4                I2C_DRV_MasterInit
 .text.I2C_DRV_MasterSetBaudRate
                0x00000000000033a4       0x90 ../lib/debug/libksdk_platform.a(fsl_i2c_master_driver.c.obj)
                0x00000000000033a4                I2C_DRV_MasterSetBaudRate
 .text.I2C_DRV_MasterSendDataBlocking
                0x0000000000003434       0x36 ../lib/debug/libksdk_platform.a(fsl_i2c_master_driver.c.obj)
                0x0000000000003434                I2C_DRV_MasterSendDataBlocking
 .text.I2C_DRV_MasterReceiveDataBlocking
                0x000000000000346a       0x36 ../lib/debug/libksdk_platform.a(fsl_i2c_master_driver.c.obj)
                0x000000000000346a                I2C_DRV_MasterReceiveDataBlocking
 .text.I2C_DRV_MasterIRQHandler
                0x00000000000034a0      0x184 ../lib/debug/libksdk_platform.a(fsl_i2c_master_driver.c.obj)
                0x00000000000034a0                I2C_DRV_MasterIRQHandler
 .text.I2C_DRV_MasterWait
                0x0000000000003624       0x74 ../lib/debug/libksdk_platform.a(fsl_i2c_master_driver.c.obj)
 .text.I2C_DRV_CompleteTransfer
                0x0000000000003698       0x98 ../lib/debug/libksdk_platform.a(fsl_i2c_master_driver.c.obj)
 .text.I2C_DRV_SendAddress
                0x0000000000003730      0x220 ../lib/debug/libksdk_platform.a(fsl_i2c_master_driver.c.obj)
 .text.I2C_DRV_MasterSend
                0x0000000000003950      0x1a8 ../lib/debug/libksdk_platform.a(fsl_i2c_master_driver.c.obj)
 .text.I2C_DRV_MasterReceive
                0x0000000000003af8      0x1b8 ../lib/debug/libksdk_platform.a(fsl_i2c_master_driver.c.obj)
 .text.I2C_HAL_SetDirMode
                0x0000000000003cb0       0x2e ../lib/debug/libksdk_platform.a(fsl_i2c_slave_driver.c.obj)
 .text.I2C_HAL_GetDirMode
                0x0000000000003cde       0x20 ../lib/debug/libksdk_platform.a(fsl_i2c_slave_driver.c.obj)
 .text.I2C_HAL_ReadByte
                0x0000000000003cfe       0x16 ../lib/debug/libksdk_platform.a(fsl_i2c_slave_driver.c.obj)
 .text.I2C_HAL_WriteByte
                0x0000000000003d14       0x34 ../lib/debug/libksdk_platform.a(fsl_i2c_slave_driver.c.obj)
 .text.I2C_HAL_GetStatusFlag
                0x0000000000003d48       0x32 ../lib/debug/libksdk_platform.a(fsl_i2c_slave_driver.c.obj)
 .text.I2C_HAL_SetIntCmd
                0x0000000000003d7a       0x2c ../lib/debug/libksdk_platform.a(fsl_i2c_slave_driver.c.obj)
 .text.I2C_HAL_ClearInt
                0x0000000000003da6       0x16 ../lib/debug/libksdk_platform.a(fsl_i2c_slave_driver.c.obj)
 .text.I2C_HAL_GetStopFlag
                0x0000000000003dbc       0x26 ../lib/debug/libksdk_platform.a(fsl_i2c_slave_driver.c.obj)
 .text.I2C_HAL_ClearStopFlag
                0x0000000000003de2       0x20 ../lib/debug/libksdk_platform.a(fsl_i2c_slave_driver.c.obj)
 .text.I2C_HAL_GetStartStopIntCmd
                0x0000000000003e02       0x26 ../lib/debug/libksdk_platform.a(fsl_i2c_slave_driver.c.obj)
 .text.I2C_HAL_GetStartFlag
                0x0000000000003e28       0x26 ../lib/debug/libksdk_platform.a(fsl_i2c_slave_driver.c.obj)
 .text.I2C_HAL_ClearStartFlag
                0x0000000000003e4e       0x20 ../lib/debug/libksdk_platform.a(fsl_i2c_slave_driver.c.obj)
 *fill*         0x0000000000003e6e        0x2 
 .text.I2C_DRV_SlaveIRQHandler
                0x0000000000003e70      0x3bc ../lib/debug/libksdk_platform.a(fsl_i2c_slave_driver.c.obj)
                0x0000000000003e70                I2C_DRV_SlaveIRQHandler
 .text.LPTMR_HAL_SetTimerWorkingMode
                0x000000000000422c       0x5c ../lib/debug/libksdk_platform.a(fsl_lptmr_hal.c.obj)
                0x000000000000422c                LPTMR_HAL_SetTimerWorkingMode
 .text.LPTMR_HAL_SetPrescalerMode
                0x0000000000004288       0x3e ../lib/debug/libksdk_platform.a(fsl_lptmr_hal.c.obj)
                0x0000000000004288                LPTMR_HAL_SetPrescalerMode
 *fill*         0x00000000000042c6        0x2 
 .text.LPTMR_HAL_GetCounterValue
                0x00000000000042c8       0x30 ../lib/debug/libksdk_platform.a(fsl_lptmr_hal.c.obj)
                0x00000000000042c8                LPTMR_HAL_GetCounterValue
 .text.CLOCK_HAL_GetClkSrcStat
                0x00000000000042f8       0x24 ../lib/debug/libksdk_platform.a(fsl_mcglite_hal.c.obj)
 .text.CLOCK_HAL_GetLircClk
                0x000000000000431c       0x58 ../lib/debug/libksdk_platform.a(fsl_mcglite_hal.c.obj)
                0x000000000000431c                CLOCK_HAL_GetLircClk
 .text.CLOCK_HAL_GetOutClk
                0x0000000000004374       0x74 ../lib/debug/libksdk_platform.a(fsl_mcglite_hal.c.obj)
                0x0000000000004374                CLOCK_HAL_GetOutClk
 .text.SPI_HAL_IsMaster
                0x00000000000043e8       0x22 ../lib/debug/libksdk_platform.a(fsl_spi_shared_function.c.obj)
 *fill*         0x000000000000440a        0x2 
 .text.SPI_DRV_IRQHandler
                0x000000000000440c       0x5c ../lib/debug/libksdk_platform.a(fsl_spi_shared_function.c.obj)
                0x000000000000440c                SPI_DRV_IRQHandler
 .text.NVIC_EnableIRQ
                0x0000000000004468       0x2c ../lib/debug/libksdk_platform.a(fsl_spi_master_driver.c.obj)
 .text.SPI_HAL_Enable
                0x0000000000004494       0x20 ../lib/debug/libksdk_platform.a(fsl_spi_master_driver.c.obj)
 .text.SPI_HAL_Disable
                0x00000000000044b4       0x20 ../lib/debug/libksdk_platform.a(fsl_spi_master_driver.c.obj)
 .text.SPI_HAL_SetMasterSlave
                0x00000000000044d4       0x2e ../lib/debug/libksdk_platform.a(fsl_spi_master_driver.c.obj)
 .text.SPI_HAL_IsReadBuffFullPending
                0x0000000000004502       0x22 ../lib/debug/libksdk_platform.a(fsl_spi_master_driver.c.obj)
 .text.SPI_HAL_IsTxBuffEmptyPending
                0x0000000000004524       0x22 ../lib/debug/libksdk_platform.a(fsl_spi_master_driver.c.obj)
 .text.SPI_HAL_ReadData
                0x0000000000004546       0x16 ../lib/debug/libksdk_platform.a(fsl_spi_master_driver.c.obj)
 .text.SPI_HAL_WriteData
                0x000000000000455c       0x1e ../lib/debug/libksdk_platform.a(fsl_spi_master_driver.c.obj)
 .text.CLOCK_SYS_GetSpiFreq
                0x000000000000457a       0x16 ../lib/debug/libksdk_platform.a(fsl_spi_master_driver.c.obj)
 .text.INT_SYS_EnableIRQ
                0x0000000000004590       0x5c ../lib/debug/libksdk_platform.a(fsl_spi_master_driver.c.obj)
 .text.SPI_DRV_MasterInit
                0x00000000000045ec       0xa8 ../lib/debug/libksdk_platform.a(fsl_spi_master_driver.c.obj)
                0x00000000000045ec                SPI_DRV_MasterInit
 .text.SPI_DRV_MasterConfigureBus
                0x0000000000004694       0x78 ../lib/debug/libksdk_platform.a(fsl_spi_master_driver.c.obj)
                0x0000000000004694                SPI_DRV_MasterConfigureBus
 .text.SPI_DRV_MasterTransferBlocking
                0x000000000000470c       0xcc ../lib/debug/libksdk_platform.a(fsl_spi_master_driver.c.obj)
                0x000000000000470c                SPI_DRV_MasterTransferBlocking
 .text.SPI_DRV_MasterStartTransfer
                0x00000000000047d8       0xf0 ../lib/debug/libksdk_platform.a(fsl_spi_master_driver.c.obj)
 .text.SPI_DRV_MasterCompleteTransfer
                0x00000000000048c8       0x60 ../lib/debug/libksdk_platform.a(fsl_spi_master_driver.c.obj)
 .text.SPI_DRV_MasterIRQHandler
                0x0000000000004928       0xfc ../lib/debug/libksdk_platform.a(fsl_spi_master_driver.c.obj)
                0x0000000000004928                SPI_DRV_MasterIRQHandler
 .text.SPI_HAL_IsReadBuffFullPending
                0x0000000000004a24       0x22 ../lib/debug/libksdk_platform.a(fsl_spi_slave_driver.c.obj)
 .text.SPI_HAL_IsTxBuffEmptyPending
                0x0000000000004a46       0x22 ../lib/debug/libksdk_platform.a(fsl_spi_slave_driver.c.obj)
 .text.SPI_HAL_ReadData
                0x0000000000004a68       0x16 ../lib/debug/libksdk_platform.a(fsl_spi_slave_driver.c.obj)
 .text.SPI_HAL_WriteData
                0x0000000000004a7e       0x1e ../lib/debug/libksdk_platform.a(fsl_spi_slave_driver.c.obj)
 .text.SPI_DRV_SlaveIRQHandler
                0x0000000000004a9c      0x12c ../lib/debug/libksdk_platform.a(fsl_spi_slave_driver.c.obj)
                0x0000000000004a9c                SPI_DRV_SlaveIRQHandler
 .text.SPI_DRV_SlaveCompleteTransfer
                0x0000000000004bc8       0x88 ../lib/debug/libksdk_platform.a(fsl_spi_slave_driver.c.obj)
 .text.GPIO_HAL_SetPinDir
                0x0000000000004c50       0x6c ../lib/debug/libksdk_platform.a(fsl_gpio_hal.c.obj)
                0x0000000000004c50                GPIO_HAL_SetPinDir
 .text.GPIO_HAL_WritePinOutput
                0x0000000000004cbc       0x50 ../lib/debug/libksdk_platform.a(fsl_gpio_hal.c.obj)
                0x0000000000004cbc                GPIO_HAL_WritePinOutput
 .text.I2C_HAL_GetStatusFlag
                0x0000000000004d0c       0x32 ../lib/debug/libksdk_platform.a(fsl_i2c_hal.c.obj)
 .text.I2C_HAL_Init
                0x0000000000004d3e       0x52 ../lib/debug/libksdk_platform.a(fsl_i2c_hal.c.obj)
                0x0000000000004d3e                I2C_HAL_Init
 .text.I2C_HAL_SetBaudRate
                0x0000000000004d90       0xec ../lib/debug/libksdk_platform.a(fsl_i2c_hal.c.obj)
                0x0000000000004d90                I2C_HAL_SetBaudRate
 .text.I2C_HAL_SendStart
                0x0000000000004e7c       0x46 ../lib/debug/libksdk_platform.a(fsl_i2c_hal.c.obj)
                0x0000000000004e7c                I2C_HAL_SendStart
 *fill*         0x0000000000004ec2        0x2 
 .text.I2C_HAL_SendStop
                0x0000000000004ec4       0x78 ../lib/debug/libksdk_platform.a(fsl_i2c_hal.c.obj)
                0x0000000000004ec4                I2C_HAL_SendStop
 .text.SPI_HAL_Init
                0x0000000000004f3c       0x28 ../lib/debug/libksdk_platform.a(fsl_spi_hal.c.obj)
                0x0000000000004f3c                SPI_HAL_Init
 .text.SPI_HAL_SetBaud
                0x0000000000004f64       0xd4 ../lib/debug/libksdk_platform.a(fsl_spi_hal.c.obj)
                0x0000000000004f64                SPI_HAL_SetBaud
 .text.SPI_HAL_SetSlaveSelectOutputMode
                0x0000000000005038       0x56 ../lib/debug/libksdk_platform.a(fsl_spi_hal.c.obj)
                0x0000000000005038                SPI_HAL_SetSlaveSelectOutputMode
 .text.SPI_HAL_SetDataFormat
                0x000000000000508e       0x6c ../lib/debug/libksdk_platform.a(fsl_spi_hal.c.obj)
                0x000000000000508e                SPI_HAL_SetDataFormat
 .text.SPI_HAL_SetPinMode
                0x00000000000050fa       0x52 ../lib/debug/libksdk_platform.a(fsl_spi_hal.c.obj)
                0x00000000000050fa                SPI_HAL_SetPinMode
 .text.SPI_HAL_SetIntMode
                0x000000000000514c       0x88 ../lib/debug/libksdk_platform.a(fsl_spi_hal.c.obj)
                0x000000000000514c                SPI_HAL_SetIntMode
 .text.__assert_func
                0x00000000000051d4       0x3c /Applications/ARM/bin/../lib/gcc/arm-none-eabi/10.3.1/../../../../arm-none-eabi/lib/thumb/v6-m/nofp/libc_nano.a(lib_a-assert.o)
                0x00000000000051d4                __assert_func
 .text.__errno  0x0000000000005210        0xc /Applications/ARM/bin/../lib/gcc/arm-none-eabi/10.3.1/../../../../arm-none-eabi/lib/thumb/v6-m/nofp/libc_nano.a(lib_a-errno.o)
                0x0000000000005210                __errno
 .text.exit     0x000000000000521c       0x2c /Applications/ARM/bin/../lib/gcc/arm-none-eabi/10.3.1/../../../../arm-none-eabi/lib/thumb/v6-m/nofp/libc_nano.a(lib_a-exit.o)
                0x000000000000521c                exit
 .text.fprintf  0x0000000000005248       0x20 /Applications/ARM/bin/../lib/gcc/arm-none-eabi/10.3.1/../../../../arm-none-eabi/lib/thumb/v6-m/nofp/libc_nano.a(lib_a-fprintf.o)
                0x0000000000005248                fprintf
                0x0000000000005248                fiprintf
 .text.__libc_init_array
                0x0000000000005268       0x48 /Applications/ARM/bin/../lib/gcc/arm-none-eabi/10.3.1/../../../../arm-none-eabi/lib/thumb/v6-m/nofp/libc_nano.a(lib_a-init.o)
                0x0000000000005268                __libc_init_array
 .text.malloc   0x00000000000052b0       0x14 /Applications/ARM/bin/../lib/gcc/arm-none-eabi/10.3.1/../../../../arm-none-eabi/lib/thumb/v6-m/nofp/libc_nano.a(lib_a-malloc.o)
                0x00000000000052b0                malloc
 .text.memset   0x00000000000052c4       0x10 /Applications/ARM/bin/../lib/gcc/arm-none-eabi/10.3.1/../../../../arm-none-eabi/lib/thumb/v6-m/nofp/libc_nano.a(lib_a-memset.o)
                0x00000000000052c4                memset
 .text._free_r  0x00000000000052d4       0x94 /Applications/ARM/bin/../lib/gcc/arm-none-eabi/10.3.1/../../../../arm-none-eabi/lib/thumb/v6-m/nofp/libc_nano.a(lib_a-nano-freer.o)
                0x00000000000052d4                _free_r
 .text.sbrk_aligned
                0x0000000000005368       0x44 /Applications/ARM/bin/../lib/gcc/arm-none-eabi/10.3.1/../../../../arm-none-eabi/lib/thumb/v6-m/nofp/libc_nano.a(lib_a-nano-mallocr.o)
 .text._malloc_r
                0x00000000000053ac       0xec /Applications/ARM/bin/../lib/gcc/arm-none-eabi/10.3.1/../../../../arm-none-eabi/lib/thumb/v6-m/nofp/libc_nano.a(lib_a-nano-mallocr.o)
                0x00000000000053ac                _malloc_r
 .text.__sfputc_r
                0x0000000000005498       0x2a /Applications/ARM/bin/../lib/gcc/arm-none-eabi/10.3.1/../../../../arm-none-eabi/lib/thumb/v6-m/nofp/libc_nano.a(lib_a-nano-vfprintf.o)
 .text.__sfputs_r
                0x00000000000054c2       0x24 /Applications/ARM/bin/../lib/gcc/arm-none-eabi/10.3.1/../../../../arm-none-eabi/lib/thumb/v6-m/nofp/libc_nano.a(lib_a-nano-vfprintf.o)
                0x00000000000054c2                __sfputs_r
 *fill*         0x00000000000054e6        0x2 
 .text._vfprintf_r
                0x00000000000054e8      0x274 /Applications/ARM/bin/../lib/gcc/arm-none-eabi/10.3.1/../../../../arm-none-eabi/lib/thumb/v6-m/nofp/libc_nano.a(lib_a-nano-vfprintf.o)
                0x00000000000054e8                _vfiprintf_r
                0x00000000000054e8                _vfprintf_r
 .text._printf_common
                0x000000000000575c       0xde /Applications/ARM/bin/../lib/gcc/arm-none-eabi/10.3.1/../../../../arm-none-eabi/lib/thumb/v6-m/nofp/libc_nano.a(lib_a-nano-vfprintf_i.o)
                0x000000000000575c                _printf_common
 *fill*         0x000000000000583a        0x2 
 .text._printf_i
                0x000000000000583c      0x224 /Applications/ARM/bin/../lib/gcc/arm-none-eabi/10.3.1/../../../../arm-none-eabi/lib/thumb/v6-m/nofp/libc_nano.a(lib_a-nano-vfprintf_i.o)
                0x000000000000583c                _printf_i
 .text.srand    0x0000000000005a60       0x60 /Applications/ARM/bin/../lib/gcc/arm-none-eabi/10.3.1/../../../../arm-none-eabi/lib/thumb/v6-m/nofp/libc_nano.a(lib_a-rand.o)
                0x0000000000005a60                srand
 .text.rand     0x0000000000005ac0       0x7c /Applications/ARM/bin/../lib/gcc/arm-none-eabi/10.3.1/../../../../arm-none-eabi/lib/thumb/v6-m/nofp/libc_nano.a(lib_a-rand.o)
                0x0000000000005ac0                rand
 .text._sbrk_r  0x0000000000005b3c       0x24 /Applications/ARM/bin/../lib/gcc/arm-none-eabi/10.3.1/../../../../arm-none-eabi/lib/thumb/v6-m/nofp/libc_nano.a(lib_a-sbrkr.o)
                0x0000000000005b3c                _sbrk_r
 .text.time     0x0000000000005b60       0x34 /Applications/ARM/bin/../lib/gcc/arm-none-eabi/10.3.1/../../../../arm-none-eabi/lib/thumb/v6-m/nofp/libc_nano.a(lib_a-time.o)
                0x0000000000005b60                time
 .text.__swbuf_r
                0x0000000000005b94       0xac /Applications/ARM/bin/../lib/gcc/arm-none-eabi/10.3.1/../../../../arm-none-eabi/lib/thumb/v6-m/nofp/libc_nano.a(lib_a-wbuf.o)
                0x0000000000005b94                __swbuf_r
 .text.__swsetup_r
                0x0000000000005c40       0xf0 /Applications/ARM/bin/../lib/gcc/arm-none-eabi/10.3.1/../../../../arm-none-eabi/lib/thumb/v6-m/nofp/libc_nano.a(lib_a-wsetup.o)
                0x0000000000005c40                __swsetup_r
 .text.abort    0x0000000000005d30        0xe /Applications/ARM/bin/../lib/gcc/arm-none-eabi/10.3.1/../../../../arm-none-eabi/lib/thumb/v6-m/nofp/libc_nano.a(lib_a-abort.o)
                0x0000000000005d30                abort
 *fill*         0x0000000000005d3e        0x2 
 .text.__sflush_r
                0x0000000000005d40      0x118 /Applications/ARM/bin/../lib/gcc/arm-none-eabi/10.3.1/../../../../arm-none-eabi/lib/thumb/v6-m/nofp/libc_nano.a(lib_a-fflush.o)
                0x0000000000005d40                __sflush_r
 .text._fflush_r
                0x0000000000005e58       0x80 /Applications/ARM/bin/../lib/gcc/arm-none-eabi/10.3.1/../../../../arm-none-eabi/lib/thumb/v6-m/nofp/libc_nano.a(lib_a-fflush.o)
                0x0000000000005e58                _fflush_r
 .text.std      0x0000000000005ed8       0x48 /Applications/ARM/bin/../lib/gcc/arm-none-eabi/10.3.1/../../../../arm-none-eabi/lib/thumb/v6-m/nofp/libc_nano.a(lib_a-findfp.o)
 .text._cleanup_r
                0x0000000000005f20       0x10 /Applications/ARM/bin/../lib/gcc/arm-none-eabi/10.3.1/../../../../arm-none-eabi/lib/thumb/v6-m/nofp/libc_nano.a(lib_a-findfp.o)
                0x0000000000005f20                _cleanup_r
 .text.__sfmoreglue
                0x0000000000005f30       0x2c /Applications/ARM/bin/../lib/gcc/arm-none-eabi/10.3.1/../../../../arm-none-eabi/lib/thumb/v6-m/nofp/libc_nano.a(lib_a-findfp.o)
                0x0000000000005f30                __sfmoreglue
 .text.__sfp_lock_acquire
                0x0000000000005f5c       0x10 /Applications/ARM/bin/../lib/gcc/arm-none-eabi/10.3.1/../../../../arm-none-eabi/lib/thumb/v6-m/nofp/libc_nano.a(lib_a-findfp.o)
                0x0000000000005f5c                __sfp_lock_acquire
 .text.__sfp_lock_release
                0x0000000000005f6c       0x10 /Applications/ARM/bin/../lib/gcc/arm-none-eabi/10.3.1/../../../../arm-none-eabi/lib/thumb/v6-m/nofp/libc_nano.a(lib_a-findfp.o)
                0x0000000000005f6c                __sfp_lock_release
 .text.__sinit_lock_acquire
                0x0000000000005f7c       0x10 /Applications/ARM/bin/../lib/gcc/arm-none-eabi/10.3.1/../../../../arm-none-eabi/lib/thumb/v6-m/nofp/libc_nano.a(lib_a-findfp.o)
                0x0000000000005f7c                __sinit_lock_acquire
 .text.__sinit_lock_release
                0x0000000000005f8c       0x10 /Applications/ARM/bin/../lib/gcc/arm-none-eabi/10.3.1/../../../../arm-none-eabi/lib/thumb/v6-m/nofp/libc_nano.a(lib_a-findfp.o)
                0x0000000000005f8c                __sinit_lock_release
 .text.__sinit  0x0000000000005f9c       0x70 /Applications/ARM/bin/../lib/gcc/arm-none-eabi/10.3.1/../../../../arm-none-eabi/lib/thumb/v6-m/nofp/libc_nano.a(lib_a-findfp.o)
                0x0000000000005f9c                __sinit
 .text.__sfp    0x000000000000600c       0x90 /Applications/ARM/bin/../lib/gcc/arm-none-eabi/10.3.1/../../../../arm-none-eabi/lib/thumb/v6-m/nofp/libc_nano.a(lib_a-findfp.o)
                0x000000000000600c                __sfp
 .text._fwalk_reent
                0x000000000000609c       0x40 /Applications/ARM/bin/../lib/gcc/arm-none-eabi/10.3.1/../../../../arm-none-eabi/lib/thumb/v6-m/nofp/libc_nano.a(lib_a-fwalk.o)
                0x000000000000609c                _fwalk_reent
 .text._gettimeofday_r
                0x00000000000060dc       0x24 /Applications/ARM/bin/../lib/gcc/arm-none-eabi/10.3.1/../../../../arm-none-eabi/lib/thumb/v6-m/nofp/libc_nano.a(lib_a-gettimeofdayr.o)
                0x00000000000060dc                _gettimeofday_r
 .text.__retarget_lock_init_recursive
                0x0000000000006100        0x2 /Applications/ARM/bin/../lib/gcc/arm-none-eabi/10.3.1/../../../../arm-none-eabi/lib/thumb/v6-m/nofp/libc_nano.a(lib_a-lock.o)
                0x0000000000006100                __retarget_lock_init_recursive
 .text.__retarget_lock_acquire_recursive
                0x0000000000006102        0x2 /Applications/ARM/bin/../lib/gcc/arm-none-eabi/10.3.1/../../../../arm-none-eabi/lib/thumb/v6-m/nofp/libc_nano.a(lib_a-lock.o)
                0x0000000000006102                __retarget_lock_acquire_recursive
 .text.__retarget_lock_release_recursive
                0x0000000000006104        0x2 /Applications/ARM/bin/../lib/gcc/arm-none-eabi/10.3.1/../../../../arm-none-eabi/lib/thumb/v6-m/nofp/libc_nano.a(lib_a-lock.o)
                0x0000000000006104                __retarget_lock_release_recursive
 *fill*         0x0000000000006106        0x2 
 .text.__swhatbuf_r
                0x0000000000006108       0x50 /Applications/ARM/bin/../lib/gcc/arm-none-eabi/10.3.1/../../../../arm-none-eabi/lib/thumb/v6-m/nofp/libc_nano.a(lib_a-makebuf.o)
                0x0000000000006108                __swhatbuf_r
 .text.__smakebuf_r
                0x0000000000006158       0x88 /Applications/ARM/bin/../lib/gcc/arm-none-eabi/10.3.1/../../../../arm-none-eabi/lib/thumb/v6-m/nofp/libc_nano.a(lib_a-makebuf.o)
                0x0000000000006158                __smakebuf_r
 .text.memchr   0x00000000000061e0       0x16 /Applications/ARM/bin/../lib/gcc/arm-none-eabi/10.3.1/../../../../arm-none-eabi/lib/thumb/v6-m/nofp/libc_nano.a(lib_a-memchr-stub.o)
                0x00000000000061e0                memchr
 *fill*         0x00000000000061f6        0x2 
 .text.__malloc_lock
                0x00000000000061f8       0x10 /Applications/ARM/bin/../lib/gcc/arm-none-eabi/10.3.1/../../../../arm-none-eabi/lib/thumb/v6-m/nofp/libc_nano.a(lib_a-mlock.o)
                0x00000000000061f8                __malloc_lock
 .text.__malloc_unlock
                0x0000000000006208       0x10 /Applications/ARM/bin/../lib/gcc/arm-none-eabi/10.3.1/../../../../arm-none-eabi/lib/thumb/v6-m/nofp/libc_nano.a(lib_a-mlock.o)
                0x0000000000006208                __malloc_unlock
 .text._raise_r
                0x0000000000006218       0x54 /Applications/ARM/bin/../lib/gcc/arm-none-eabi/10.3.1/../../../../arm-none-eabi/lib/thumb/v6-m/nofp/libc_nano.a(lib_a-signal.o)
                0x0000000000006218                _raise_r
 .text.raise    0x000000000000626c       0x14 /Applications/ARM/bin/../lib/gcc/arm-none-eabi/10.3.1/../../../../arm-none-eabi/lib/thumb/v6-m/nofp/libc_nano.a(lib_a-signal.o)
                0x000000000000626c                raise
 .text._kill_r  0x0000000000006280       0x24 /Applications/ARM/bin/../lib/gcc/arm-none-eabi/10.3.1/../../../../arm-none-eabi/lib/thumb/v6-m/nofp/libc_nano.a(lib_a-signalr.o)
                0x0000000000006280                _kill_r
 .text._getpid_r
                0x00000000000062a4        0x8 /Applications/ARM/bin/../lib/gcc/arm-none-eabi/10.3.1/../../../../arm-none-eabi/lib/thumb/v6-m/nofp/libc_nano.a(lib_a-signalr.o)
                0x00000000000062a4                _getpid_r
 .text.__sread  0x00000000000062ac       0x28 /Applications/ARM/bin/../lib/gcc/arm-none-eabi/10.3.1/../../../../arm-none-eabi/lib/thumb/v6-m/nofp/libc_nano.a(lib_a-stdio.o)
                0x00000000000062ac                __sread
 .text.__swrite
                0x00000000000062d4       0x38 /Applications/ARM/bin/../lib/gcc/arm-none-eabi/10.3.1/../../../../arm-none-eabi/lib/thumb/v6-m/nofp/libc_nano.a(lib_a-stdio.o)
                0x00000000000062d4                __swrite
 .text.__sseek  0x000000000000630c       0x2c /Applications/ARM/bin/../lib/gcc/arm-none-eabi/10.3.1/../../../../arm-none-eabi/lib/thumb/v6-m/nofp/libc_nano.a(lib_a-stdio.o)
                0x000000000000630c                __sseek
 .text.__sclose
                0x0000000000006338        0xc /Applications/ARM/bin/../lib/gcc/arm-none-eabi/10.3.1/../../../../arm-none-eabi/lib/thumb/v6-m/nofp/libc_nano.a(lib_a-stdio.o)
                0x0000000000006338                __sclose
 .text._write_r
                0x0000000000006344       0x28 /Applications/ARM/bin/../lib/gcc/arm-none-eabi/10.3.1/../../../../arm-none-eabi/lib/thumb/v6-m/nofp/libc_nano.a(lib_a-writer.o)
                0x0000000000006344                _write_r
 .text._close_r
                0x000000000000636c       0x24 /Applications/ARM/bin/../lib/gcc/arm-none-eabi/10.3.1/../../../../arm-none-eabi/lib/thumb/v6-m/nofp/libc_nano.a(lib_a-closer.o)
                0x000000000000636c                _close_r
 .text._fstat_r
                0x0000000000006390       0x24 /Applications/ARM/bin/../lib/gcc/arm-none-eabi/10.3.1/../../../../arm-none-eabi/lib/thumb/v6-m/nofp/libc_nano.a(lib_a-fstatr.o)
                0x0000000000006390                _fstat_r
 .text._isatty_r
                0x00000000000063b4       0x24 /Applications/ARM/bin/../lib/gcc/arm-none-eabi/10.3.1/../../../../arm-none-eabi/lib/thumb/v6-m/nofp/libc_nano.a(lib_a-isattyr.o)
                0x00000000000063b4                _isatty_r
 .text._lseek_r
                0x00000000000063d8       0x28 /Applications/ARM/bin/../lib/gcc/arm-none-eabi/10.3.1/../../../../arm-none-eabi/lib/thumb/v6-m/nofp/libc_nano.a(lib_a-lseekr.o)
                0x00000000000063d8                _lseek_r
 .text._read_r  0x0000000000006400       0x28 /Applications/ARM/bin/../lib/gcc/arm-none-eabi/10.3.1/../../../../arm-none-eabi/lib/thumb/v6-m/nofp/libc_nano.a(lib_a-readr.o)
                0x0000000000006400                _read_r
 .text._close   0x0000000000006428       0x10 /Applications/ARM/bin/../lib/gcc/arm-none-eabi/10.3.1/../../../../arm-none-eabi/lib/thumb/v6-m/nofp/libnosys.a(close.o)
                0x0000000000006428                _close
 .text._fstat   0x0000000000006438       0x10 /Applications/ARM/bin/../lib/gcc/arm-none-eabi/10.3.1/../../../../arm-none-eabi/lib/thumb/v6-m/nofp/libnosys.a(fstat.o)
                0x0000000000006438                _fstat
 .text._getpid  0x0000000000006448       0x10 /Applications/ARM/bin/../lib/gcc/arm-none-eabi/10.3.1/../../../../arm-none-eabi/lib/thumb/v6-m/nofp/libnosys.a(getpid.o)
                0x0000000000006448                _getpid
 .text._gettimeofday
                0x0000000000006458       0x10 /Applications/ARM/bin/../lib/gcc/arm-none-eabi/10.3.1/../../../../arm-none-eabi/lib/thumb/v6-m/nofp/libnosys.a(gettod.o)
                0x0000000000006458                _gettimeofday
 .text._isatty  0x0000000000006468       0x10 /Applications/ARM/bin/../lib/gcc/arm-none-eabi/10.3.1/../../../../arm-none-eabi/lib/thumb/v6-m/nofp/libnosys.a(isatty.o)
                0x0000000000006468                _isatty
 .text._kill    0x0000000000006478       0x10 /Applications/ARM/bin/../lib/gcc/arm-none-eabi/10.3.1/../../../../arm-none-eabi/lib/thumb/v6-m/nofp/libnosys.a(kill.o)
                0x0000000000006478                _kill
 .text._lseek   0x0000000000006488       0x10 /Applications/ARM/bin/../lib/gcc/arm-none-eabi/10.3.1/../../../../arm-none-eabi/lib/thumb/v6-m/nofp/libnosys.a(lseek.o)
                0x0000000000006488                _lseek
 .text._exit    0x0000000000006498        0x4 /Applications/ARM/bin/../lib/gcc/arm-none-eabi/10.3.1/../../../../arm-none-eabi/lib/thumb/v6-m/nofp/libnosys.a(_exit.o)
                0x0000000000006498                _exit
 *(.rodata)
 .rodata        0x000000000000649c       0x5b CMakeFiles/kw565-coursework-5.dir/Users/kuiwang/Documents/Assignment5/source/main.c.obj
 *fill*         0x00000000000064f7        0x1 
 .rodata        0x00000000000064f8       0x66 CMakeFiles/kw565-coursework-5.dir/Users/kuiwang/Documents/Assignment5/source/accel.c.obj
 *fill*         0x000000000000655e        0x2 
 .rodata        0x0000000000006560       0x71 CMakeFiles/kw565-coursework-5.dir/Users/kuiwang/Documents/Assignment5/source/fxos_api.c.obj
 *fill*         0x00000000000065d1        0x3 
 .rodata        0x00000000000065d4       0x5b CMakeFiles/kw565-coursework-5.dir/Users/kuiwang/Documents/Assignment5/source/pin_mux.c.obj
 *fill*         0x000000000000662f        0x1 
 .rodata        0x0000000000006630       0x8a ../lib/debug/libksdk_platform.a(fsl_os_abstraction_bm.c.obj)
 *fill*         0x00000000000066ba        0x2 
 .rodata        0x00000000000066bc      0x1d0 ../lib/debug/libksdk_platform.a(fsl_clock_MKL03Z4.c.obj)
 .rodata        0x000000000000688c      0x1df ../lib/debug/libksdk_platform.a(fsl_gpio_driver.c.obj)
 *fill*         0x0000000000006a6b        0x1 
 .rodata        0x0000000000006a6c       0x81 ../lib/debug/libksdk_platform.a(fsl_i2c_shared_function.c.obj)
 *fill*         0x0000000000006aed        0x3 
 .rodata        0x0000000000006af0      0x167 ../lib/debug/libksdk_platform.a(fsl_i2c_master_driver.c.obj)
 *fill*         0x0000000000006c57        0x1 
 .rodata        0x0000000000006c58      0x15f ../lib/debug/libksdk_platform.a(fsl_i2c_slave_driver.c.obj)
 *fill*         0x0000000000006db7        0x1 
 .rodata        0x0000000000006db8       0x81 ../lib/debug/libksdk_platform.a(fsl_spi_shared_function.c.obj)
 *fill*         0x0000000000006e39        0x3 
 .rodata        0x0000000000006e3c      0x12f ../lib/debug/libksdk_platform.a(fsl_spi_master_driver.c.obj)
 *fill*         0x0000000000006f6b        0x1 
 .rodata        0x0000000000006f6c       0x5f ../lib/debug/libksdk_platform.a(fsl_gpio_hal.c.obj)
 *fill*         0x0000000000006fcb        0x1 
 .rodata        0x0000000000006fcc       0x6d ../lib/debug/libksdk_platform.a(fsl_i2c_hal.c.obj)
 *(.rodata*)
 *fill*         0x0000000000007039        0x3 
 .rodata.__func__.0
                0x000000000000703c       0x14 CMakeFiles/kw565-coursework-5.dir/Users/kuiwang/Documents/Assignment5/source/main.c.obj
 .rodata.__func__.0
                0x0000000000007050       0x14 CMakeFiles/kw565-coursework-5.dir/Users/kuiwang/Documents/Assignment5/source/pin_mux.c.obj
 .rodata._doprint
                0x0000000000007064       0xc8 CMakeFiles/kw565-coursework-5.dir/Users/kuiwang/Documents/Assignment5/platform/utilities/src/print_scan.c.obj
 .rodata.__func__.18
                0x000000000000712c        0xf ../lib/debug/libksdk_platform.a(fsl_os_abstraction_bm.c.obj)
 *fill*         0x000000000000713b        0x1 
 .rodata.__func__.17
                0x000000000000713c        0xd ../lib/debug/libksdk_platform.a(fsl_os_abstraction_bm.c.obj)
 *fill*         0x0000000000007149        0x3 
 .rodata.__func__.16
                0x000000000000714c        0xd ../lib/debug/libksdk_platform.a(fsl_os_abstraction_bm.c.obj)
 *fill*         0x0000000000007159        0x3 
 .rodata.__func__.7
                0x000000000000715c        0xd ../lib/debug/libksdk_platform.a(fsl_os_abstraction_bm.c.obj)
 *fill*         0x0000000000007169        0x3 
 .rodata.portGateTable
                0x000000000000716c        0x2 ../lib/debug/libksdk_platform.a(fsl_clock_MKL03Z4.c.obj)
 *fill*         0x000000000000716e        0x2 
 .rodata.__func__.17
                0x0000000000007170       0x1a ../lib/debug/libksdk_platform.a(fsl_clock_MKL03Z4.c.obj)
 *fill*         0x000000000000718a        0x2 
 .rodata.__func__.11
                0x000000000000718c       0x19 ../lib/debug/libksdk_platform.a(fsl_clock_MKL03Z4.c.obj)
 *fill*         0x00000000000071a5        0x3 
 .rodata.__func__.8
                0x00000000000071a8       0x19 ../lib/debug/libksdk_platform.a(fsl_clock_MKL03Z4.c.obj)
 *fill*         0x00000000000071c1        0x3 
 .rodata.__func__.14
                0x00000000000071c4       0x14 ../lib/debug/libksdk_platform.a(fsl_gpio_driver.c.obj)
 .rodata.__func__.13
                0x00000000000071d8       0x14 ../lib/debug/libksdk_platform.a(fsl_gpio_driver.c.obj)
 .rodata.__func__.12
                0x00000000000071ec       0x15 ../lib/debug/libksdk_platform.a(fsl_gpio_driver.c.obj)
 *fill*         0x0000000000007201        0x3 
 .rodata.__func__.11
                0x0000000000007204       0x1d ../lib/debug/libksdk_platform.a(fsl_gpio_driver.c.obj)
 *fill*         0x0000000000007221        0x3 
 .rodata.__func__.10
                0x0000000000007224       0x17 ../lib/debug/libksdk_platform.a(fsl_gpio_driver.c.obj)
 *fill*         0x000000000000723b        0x1 
 .rodata.__func__.9
                0x000000000000723c       0x12 ../lib/debug/libksdk_platform.a(fsl_gpio_driver.c.obj)
 *fill*         0x000000000000724e        0x2 
 .rodata.__func__.8
                0x0000000000007250       0x19 ../lib/debug/libksdk_platform.a(fsl_gpio_driver.c.obj)
 *fill*         0x0000000000007269        0x3 
 .rodata.__func__.7
                0x000000000000726c       0x1e ../lib/debug/libksdk_platform.a(fsl_gpio_driver.c.obj)
 *fill*         0x000000000000728a        0x2 
 .rodata.__func__.5
                0x000000000000728c       0x16 ../lib/debug/libksdk_platform.a(fsl_gpio_driver.c.obj)
 *fill*         0x00000000000072a2        0x2 
 .rodata.__func__.4
                0x00000000000072a4       0x18 ../lib/debug/libksdk_platform.a(fsl_gpio_driver.c.obj)
 .rodata.__func__.0
                0x00000000000072bc       0x19 ../lib/debug/libksdk_platform.a(fsl_gpio_driver.c.obj)
 *fill*         0x00000000000072d5        0x3 
 .rodata.__func__.0
                0x00000000000072d8       0x13 ../lib/debug/libksdk_platform.a(fsl_i2c_shared_function.c.obj)
 *fill*         0x00000000000072eb        0x1 
 .rodata.g_i2cBase
                0x00000000000072ec        0x4 ../lib/debug/libksdk_platform.a(fsl_i2c_common.c.obj)
                0x00000000000072ec                g_i2cBase
 .rodata.g_i2cIrqId
                0x00000000000072f0        0x1 ../lib/debug/libksdk_platform.a(fsl_i2c_common.c.obj)
                0x00000000000072f0                g_i2cIrqId
 *fill*         0x00000000000072f1        0x3 
 .rodata.__func__.10
                0x00000000000072f4       0x13 ../lib/debug/libksdk_platform.a(fsl_i2c_master_driver.c.obj)
 *fill*         0x0000000000007307        0x1 
 .rodata.__func__.9
                0x0000000000007308       0x12 ../lib/debug/libksdk_platform.a(fsl_i2c_master_driver.c.obj)
 *fill*         0x000000000000731a        0x2 
 .rodata.__func__.6
                0x000000000000731c       0x1a ../lib/debug/libksdk_platform.a(fsl_i2c_master_driver.c.obj)
 *fill*         0x0000000000007336        0x2 
 .rodata.__func__.5
                0x0000000000007338       0x19 ../lib/debug/libksdk_platform.a(fsl_i2c_master_driver.c.obj)
 *fill*         0x0000000000007351        0x3 
 .rodata.__func__.4
                0x0000000000007354       0x13 ../lib/debug/libksdk_platform.a(fsl_i2c_master_driver.c.obj)
 *fill*         0x0000000000007367        0x1 
 .rodata.__func__.3
                0x0000000000007368       0x19 ../lib/debug/libksdk_platform.a(fsl_i2c_master_driver.c.obj)
 *fill*         0x0000000000007381        0x3 
 .rodata.__func__.2
                0x0000000000007384       0x14 ../lib/debug/libksdk_platform.a(fsl_i2c_master_driver.c.obj)
 .rodata.__func__.1
                0x0000000000007398       0x13 ../lib/debug/libksdk_platform.a(fsl_i2c_master_driver.c.obj)
 *fill*         0x00000000000073ab        0x1 
 .rodata.__func__.0
                0x00000000000073ac       0x16 ../lib/debug/libksdk_platform.a(fsl_i2c_master_driver.c.obj)
 *fill*         0x00000000000073c2        0x2 
 .rodata.__func__.0
                0x00000000000073c4       0x18 ../lib/debug/libksdk_platform.a(fsl_i2c_slave_driver.c.obj)
 .rodata.__func__.0
                0x00000000000073dc       0x13 ../lib/debug/libksdk_platform.a(fsl_spi_shared_function.c.obj)
 *fill*         0x00000000000073ef        0x1 
 .rodata.__func__.2
                0x00000000000073f0       0x12 ../lib/debug/libksdk_platform.a(fsl_spi_master_driver.c.obj)
 *fill*         0x0000000000007402        0x2 
 .rodata.__func__.0
                0x0000000000007404       0x1b ../lib/debug/libksdk_platform.a(fsl_spi_master_driver.c.obj)
 *fill*         0x000000000000741f        0x1 
 .rodata.g_spiBase
                0x0000000000007420        0x4 ../lib/debug/libksdk_platform.a(fsl_spi_common.c.obj)
                0x0000000000007420                g_spiBase
 .rodata.g_spiIrqId
                0x0000000000007424        0x1 ../lib/debug/libksdk_platform.a(fsl_spi_common.c.obj)
                0x0000000000007424                g_spiIrqId
 *fill*         0x0000000000007425        0x3 
 .rodata.__func__.1
                0x0000000000007428       0x13 ../lib/debug/libksdk_platform.a(fsl_gpio_hal.c.obj)
 *fill*         0x000000000000743b        0x1 
 .rodata.__func__.0
                0x000000000000743c       0x18 ../lib/debug/libksdk_platform.a(fsl_gpio_hal.c.obj)
 .rodata.g_gpioBase
                0x0000000000007454        0x8 ../lib/debug/libksdk_platform.a(fsl_gpio_common.c.obj)
                0x0000000000007454                g_gpioBase
 .rodata.g_portBase
                0x000000000000745c        0x8 ../lib/debug/libksdk_platform.a(fsl_gpio_common.c.obj)
                0x000000000000745c                g_portBase
 .rodata.g_portIrqId
                0x0000000000007464        0x2 ../lib/debug/libksdk_platform.a(fsl_gpio_common.c.obj)
                0x0000000000007464                g_portIrqId
 *fill*         0x0000000000007466        0x2 
 .rodata.kI2CDividerTable
                0x0000000000007468       0xc8 ../lib/debug/libksdk_platform.a(fsl_i2c_hal.c.obj)
                0x0000000000007468                kI2CDividerTable
 .rodata.__func__.0
                0x0000000000007530       0x11 ../lib/debug/libksdk_platform.a(fsl_i2c_hal.c.obj)
 .rodata.__assert_func.str1.1
                0x0000000000007541       0x3c /Applications/ARM/bin/../lib/gcc/arm-none-eabi/10.3.1/../../../../arm-none-eabi/lib/thumb/v6-m/nofp/libc_nano.a(lib_a-assert.o)
                                         0x3d (size before relaxing)
 *fill*         0x000000000000757d        0x3 
 .rodata._global_impure_ptr
                0x0000000000007580        0x4 /Applications/ARM/bin/../lib/gcc/arm-none-eabi/10.3.1/../../../../arm-none-eabi/lib/thumb/v6-m/nofp/libc_nano.a(lib_a-impure.o)
                0x0000000000007580                _global_impure_ptr
 .rodata._vfprintf_r.str1.1
                0x0000000000007584       0x11 /Applications/ARM/bin/../lib/gcc/arm-none-eabi/10.3.1/../../../../arm-none-eabi/lib/thumb/v6-m/nofp/libc_nano.a(lib_a-nano-vfprintf.o)
 .rodata._printf_i.str1.1
                0x0000000000007595       0x22 /Applications/ARM/bin/../lib/gcc/arm-none-eabi/10.3.1/../../../../arm-none-eabi/lib/thumb/v6-m/nofp/libc_nano.a(lib_a-nano-vfprintf_i.o)
 .rodata.srand.str1.1
                0x00000000000075b7       0x71 /Applications/ARM/bin/../lib/gcc/arm-none-eabi/10.3.1/../../../../arm-none-eabi/lib/thumb/v6-m/nofp/libc_nano.a(lib_a-rand.o)
 .rodata.__sf_fake_stderr
                0x0000000000007628       0x20 /Applications/ARM/bin/../lib/gcc/arm-none-eabi/10.3.1/../../../../arm-none-eabi/lib/thumb/v6-m/nofp/libc_nano.a(lib_a-findfp.o)
                0x0000000000007628                __sf_fake_stderr
 .rodata.__sf_fake_stdin
                0x0000000000007648       0x20 /Applications/ARM/bin/../lib/gcc/arm-none-eabi/10.3.1/../../../../arm-none-eabi/lib/thumb/v6-m/nofp/libc_nano.a(lib_a-findfp.o)
                0x0000000000007648                __sf_fake_stdin
 .rodata.__sf_fake_stdout
                0x0000000000007668       0x20 /Applications/ARM/bin/../lib/gcc/arm-none-eabi/10.3.1/../../../../arm-none-eabi/lib/thumb/v6-m/nofp/libc_nano.a(lib_a-findfp.o)
                0x0000000000007668                __sf_fake_stdout
 *(.glue_7)
 .glue_7        0x0000000000007688        0x0 linker stubs
 *(.glue_7t)
 .glue_7t       0x0000000000007688        0x0 linker stubs
 *(.eh_frame)
 .eh_frame      0x0000000000007688        0x0 /Applications/ARM/bin/../lib/gcc/arm-none-eabi/10.3.1/thumb/v6-m/nofp/crtbegin.o
 *(.init)
 .init          0x0000000000007688        0x4 /Applications/ARM/bin/../lib/gcc/arm-none-eabi/10.3.1/thumb/v6-m/nofp/crti.o
                0x0000000000007688                _init
 .init          0x000000000000768c        0x8 /Applications/ARM/bin/../lib/gcc/arm-none-eabi/10.3.1/thumb/v6-m/nofp/crtn.o
 *(.fini)
 .fini          0x0000000000007694        0x4 /Applications/ARM/bin/../lib/gcc/arm-none-eabi/10.3.1/thumb/v6-m/nofp/crti.o
                0x0000000000007694                _fini
 .fini          0x0000000000007698        0x8 /Applications/ARM/bin/../lib/gcc/arm-none-eabi/10.3.1/thumb/v6-m/nofp/crtn.o
                0x00000000000076a0                . = ALIGN (0x4)

.vfp11_veneer   0x00000000000076a0        0x0
 .vfp11_veneer  0x00000000000076a0        0x0 linker stubs

.v4_bx          0x00000000000076a0        0x0
 .v4_bx         0x00000000000076a0        0x0 linker stubs

.iplt           0x00000000000076a0        0x0
 .iplt          0x00000000000076a0        0x0 /Applications/ARM/bin/../lib/gcc/arm-none-eabi/10.3.1/thumb/v6-m/nofp/crtbegin.o

.ARM.extab
 *(.ARM.extab* .gnu.linkonce.armextab.*)

.ARM            0x00000000000076a0        0x8
                0x00000000000076a0                __exidx_start = .
 *(.ARM.exidx*)
 .ARM.exidx     0x00000000000076a0        0x8 /Applications/ARM/bin/../lib/gcc/arm-none-eabi/10.3.1/../../../../arm-none-eabi/lib/thumb/v6-m/nofp/crt0.o
                                         0x10 (size before relaxing)
                0x00000000000076a8                __exidx_end = .

.rel.dyn        0x00000000000076a8        0x0
 .rel.iplt      0x00000000000076a8        0x0 /Applications/ARM/bin/../lib/gcc/arm-none-eabi/10.3.1/thumb/v6-m/nofp/crtbegin.o

.ctors          0x00000000000076a8        0x0
                0x00000000000076a8                __CTOR_LIST__ = .
 *crtbegin.o(.ctors)
 *crtbegin?.o(.ctors)
 *(EXCLUDE_FILE(*crtend.o *crtend?.o) .ctors)
 *(SORT_BY_NAME(.ctors.*))
 *(.ctors)
                0x00000000000076a8                __CTOR_END__ = .

.dtors          0x00000000000076a8        0x0
                0x00000000000076a8                __DTOR_LIST__ = .
 *crtbegin.o(.dtors)
 *crtbegin?.o(.dtors)
 *(EXCLUDE_FILE(*crtend.o *crtend?.o) .dtors)
 *(SORT_BY_NAME(.dtors.*))
 *(.dtors)
                0x00000000000076a8                __DTOR_END__ = .

.preinit_array  0x00000000000076a8        0x0
                0x00000000000076a8                PROVIDE (__preinit_array_start = .)
 *(.preinit_array*)
                0x00000000000076a8                PROVIDE (__preinit_array_end = .)

.init_array     0x00000000000076a8        0x4
                0x00000000000076a8                PROVIDE (__init_array_start = .)
 *(SORT_BY_NAME(.init_array.*))
 *(.init_array*)
 .init_array    0x00000000000076a8        0x4 /Applications/ARM/bin/../lib/gcc/arm-none-eabi/10.3.1/thumb/v6-m/nofp/crtbegin.o
                0x00000000000076ac                PROVIDE (__init_array_end = .)

.fini_array     0x00000000000076ac        0x4
                [!provide]                        PROVIDE (__fini_array_start = .)
 *(SORT_BY_NAME(.fini_array.*))
 *(.fini_array*)
 .fini_array    0x00000000000076ac        0x4 /Applications/ARM/bin/../lib/gcc/arm-none-eabi/10.3.1/thumb/v6-m/nofp/crtbegin.o
                [!provide]                        PROVIDE (__fini_array_end = .)
                0x00000000000076b0                __etext = .
                0x00000000000076b0                __DATA_ROM = .

.mtb            0x000000001ffffe00        0x0
                0x000000001ffffe00                . = ALIGN (0x8)
                0x000000001ffffe00                _mtb_start = .
 *(.mtb_buf)
                0x000000001ffffe00                . = ALIGN (0x8)
                0x000000001ffffe00                _mtb_end = .

.interrupts_ram
                0x000000001ffffe00        0x0
                0x000000001ffffe00                . = ALIGN (0x4)
                0x000000001ffffe00                __VECTOR_RAM__ = .
                0x000000001ffffe00                __interrupts_ram_start__ = .
 *(.m_interrupts_ram)
                0x000000001ffffe00                . = (. + M_VECTOR_RAM_SIZE)
                0x000000001ffffe00                . = ALIGN (0x4)
                0x000000001ffffe00                __interrupts_ram_end__ = .
                0x0000000000000000                __VECTOR_RAM = DEFINED (__ram_vector_table__)?__VECTOR_RAM__:ORIGIN (m_interrupts)
                0x0000000000000000                __RAM_VECTOR_TABLE_SIZE_BYTES = DEFINED (__ram_vector_table__)?(__interrupts_ram_end__ - __interrupts_ram_start__):0x0

.data           0x000000001ffffe00       0xa0 load address 0x00000000000076b0
                0x000000001ffffe00                . = ALIGN (0x4)
                0x000000001ffffe00                __DATA_RAM = .
                0x000000001ffffe00                __data_start__ = .
 *(.data)
 *(.data*)
 .data.x_arrow  0x000000001ffffe00        0x1 CMakeFiles/kw565-coursework-5.dir/Users/kuiwang/Documents/Assignment5/source/main.c.obj
                0x000000001ffffe00                x_arrow
 .data.y_arrow  0x000000001ffffe01        0x1 CMakeFiles/kw565-coursework-5.dir/Users/kuiwang/Documents/Assignment5/source/main.c.obj
                0x000000001ffffe01                y_arrow
 *fill*         0x000000001ffffe02        0x2 
 .data.angleTable
                0x000000001ffffe04       0x32 CMakeFiles/kw565-coursework-5.dir/Users/kuiwang/Documents/Assignment5/source/main.c.obj
                0x000000001ffffe04                angleTable
 *fill*         0x000000001ffffe36        0x2 
 .data.i2cGateTable
                0x000000001ffffe38        0x1 ../lib/debug/libksdk_platform.a(fsl_clock_MKL03Z4.c.obj)
 *fill*         0x000000001ffffe39        0x3 
 .data._impure_ptr
                0x000000001ffffe3c        0x4 /Applications/ARM/bin/../lib/gcc/arm-none-eabi/10.3.1/../../../../arm-none-eabi/lib/thumb/v6-m/nofp/libc_nano.a(lib_a-impure.o)
                0x000000001ffffe3c                _impure_ptr
 .data.impure_data
                0x000000001ffffe40       0x60 /Applications/ARM/bin/../lib/gcc/arm-none-eabi/10.3.1/../../../../arm-none-eabi/lib/thumb/v6-m/nofp/libc_nano.a(lib_a-impure.o)
 *(.jcr*)
                0x000000001ffffea0                . = ALIGN (0x4)
                0x000000001ffffea0                __data_end__ = .
                0x0000000000007750                __DATA_END = (__DATA_ROM + (__data_end__ - __data_start__))
                0x0000000000008000                text_end = (ORIGIN (m_text) + LENGTH (m_text))
                0x0000000000000001                ASSERT ((__DATA_END <= text_end), region m_text overflowed with text and data)

.igot.plt       0x000000001ffffea0        0x0 load address 0x0000000000007750
 .igot.plt      0x000000001ffffea0        0x0 /Applications/ARM/bin/../lib/gcc/arm-none-eabi/10.3.1/thumb/v6-m/nofp/crtbegin.o

.bss            0x000000001ffffea0       0xf8 load address 0x0000000000007750
                0x000000001ffffea0                . = ALIGN (0x4)
                0x000000001ffffea0                __START_BSS = .
                0x000000001ffffea0                __bss_start__ = .
 *(.bss)
 .bss           0x000000001ffffea0       0x1c /Applications/ARM/bin/../lib/gcc/arm-none-eabi/10.3.1/thumb/v6-m/nofp/crtbegin.o
 *(.bss*)
 .bss.heap_end.0
                0x000000001ffffebc        0x4 CMakeFiles/kw565-coursework-5.dir/Users/kuiwang/Documents/Assignment5/platform/utilities/src/fsl_misc_utilities.c.obj
 .bss.inBuffer  0x000000001ffffec0       0x20 CMakeFiles/kw565-coursework-5.dir/Users/kuiwang/Documents/Assignment5/source/main.c.obj
                0x000000001ffffec0                inBuffer
 .bss.payloadBytes
                0x000000001ffffee0       0x20 CMakeFiles/kw565-coursework-5.dir/Users/kuiwang/Documents/Assignment5/source/main.c.obj
                0x000000001ffffee0                payloadBytes
 .bss.isButtonPress
                0x000000001fffff00        0x1 CMakeFiles/kw565-coursework-5.dir/Users/kuiwang/Documents/Assignment5/source/main.c.obj
                0x000000001fffff00                isButtonPress
 .bss.shot      0x000000001fffff01        0x1 CMakeFiles/kw565-coursework-5.dir/Users/kuiwang/Documents/Assignment5/source/main.c.obj
                0x000000001fffff01                shot
 *fill*         0x000000001fffff02        0x2 
 .bss.s_debugConsole
                0x000000001fffff04       0x10 CMakeFiles/kw565-coursework-5.dir/Users/kuiwang/Documents/Assignment5/platform/utilities/src/fsl_debug_console.c.obj
 .bss.g_taskControlBlockPool
                0x000000001fffff14       0x50 ../lib/debug/libksdk_platform.a(fsl_os_abstraction_bm.c.obj)
 .bss.g_freeTaskControlBlock
                0x000000001fffff64        0x4 ../lib/debug/libksdk_platform.a(fsl_os_abstraction_bm.c.obj)
 .bss.g_taskListHead
                0x000000001fffff68       0x10 ../lib/debug/libksdk_platform.a(fsl_os_abstraction_bm.c.obj)
 .bss.g_interruptDisableCount
                0x000000001fffff78        0x4 ../lib/debug/libksdk_platform.a(fsl_interrupt_manager.c.obj)
                0x000000001fffff78                g_interruptDisableCount
 .bss.g_i2cStatePtr
                0x000000001fffff7c        0x4 ../lib/debug/libksdk_platform.a(fsl_i2c_common.c.obj)
                0x000000001fffff7c                g_i2cStatePtr
 .bss.g_xtal0ClkFreq
                0x000000001fffff80        0x4 ../lib/debug/libksdk_platform.a(fsl_mcglite_hal.c.obj)
                0x000000001fffff80                g_xtal0ClkFreq
 .bss.g_spiStatePtr
                0x000000001fffff84        0x4 ../lib/debug/libksdk_platform.a(fsl_spi_common.c.obj)
                0x000000001fffff84                g_spiStatePtr
 .bss.__malloc_free_list
                0x000000001fffff88        0x4 /Applications/ARM/bin/../lib/gcc/arm-none-eabi/10.3.1/../../../../arm-none-eabi/lib/thumb/v6-m/nofp/libc_nano.a(lib_a-nano-mallocr.o)
                0x000000001fffff88                __malloc_free_list
 .bss.__malloc_sbrk_start
                0x000000001fffff8c        0x4 /Applications/ARM/bin/../lib/gcc/arm-none-eabi/10.3.1/../../../../arm-none-eabi/lib/thumb/v6-m/nofp/libc_nano.a(lib_a-nano-mallocr.o)
                0x000000001fffff8c                __malloc_sbrk_start
 .bss.__lock___malloc_recursive_mutex
                0x000000001fffff90        0x1 /Applications/ARM/bin/../lib/gcc/arm-none-eabi/10.3.1/../../../../arm-none-eabi/lib/thumb/v6-m/nofp/libc_nano.a(lib_a-lock.o)
                0x000000001fffff90                __lock___malloc_recursive_mutex
 .bss.__lock___sfp_recursive_mutex
                0x000000001fffff91        0x1 /Applications/ARM/bin/../lib/gcc/arm-none-eabi/10.3.1/../../../../arm-none-eabi/lib/thumb/v6-m/nofp/libc_nano.a(lib_a-lock.o)
                0x000000001fffff91                __lock___sfp_recursive_mutex
 .bss.__lock___sinit_recursive_mutex
                0x000000001fffff92        0x1 /Applications/ARM/bin/../lib/gcc/arm-none-eabi/10.3.1/../../../../arm-none-eabi/lib/thumb/v6-m/nofp/libc_nano.a(lib_a-lock.o)
                0x000000001fffff92                __lock___sinit_recursive_mutex
 *fill*         0x000000001fffff93        0x1 
 .bss.errno     0x000000001fffff94        0x4 /Applications/ARM/bin/../lib/gcc/arm-none-eabi/10.3.1/../../../../arm-none-eabi/lib/thumb/v6-m/nofp/libc_nano.a(lib_a-reent.o)
                0x000000001fffff94                errno
 *(COMMON)
                0x000000001fffff98                . = ALIGN (0x4)
                0x000000001fffff98                __bss_end__ = .
                0x000000001fffff98                __END_BSS = .

.heap           0x000000001fffff98      0x200 load address 0x0000000000007848
                0x000000001fffff98                . = ALIGN (0x8)
                0x000000001fffff98                __end__ = .
                0x000000001fffff98                PROVIDE (end = .)
                0x000000001fffff98                __HeapBase = .
                0x0000000020000198                . = (. + HEAP_SIZE)
 *fill*         0x000000001fffff98      0x200 
                0x0000000020000198                __HeapLimit = .

.stack          0x0000000020000198      0x300 load address 0x0000000000007a48
                0x0000000020000198                . = ALIGN (0x8)
                0x0000000020000498                . = (. + STACK_SIZE)
 *fill*         0x0000000020000198      0x300 
                0x0000000020000600                __StackTop = (ORIGIN (m_data) + LENGTH (m_data))
                0x0000000020000300                __StackLimit = (__StackTop - STACK_SIZE)
                0x0000000020000600                PROVIDE (__stack = __StackTop)

.ARM.attributes
                0x0000000000000000       0x28
 *(.ARM.attributes)
 .ARM.attributes
                0x0000000000000000       0x1e /Applications/ARM/bin/../lib/gcc/arm-none-eabi/10.3.1/thumb/v6-m/nofp/crti.o
 .ARM.attributes
                0x000000000000001e       0x2c /Applications/ARM/bin/../lib/gcc/arm-none-eabi/10.3.1/thumb/v6-m/nofp/crtbegin.o
 .ARM.attributes
                0x000000000000004a       0x1b /Applications/ARM/bin/../lib/gcc/arm-none-eabi/10.3.1/../../../../arm-none-eabi/lib/thumb/v6-m/nofp/crt0.o
 .ARM.attributes
                0x0000000000000065       0x2c CMakeFiles/kw565-coursework-5.dir/Users/kuiwang/Documents/Assignment5/platform/utilities/src/fsl_misc_utilities.c.obj
 .ARM.attributes
                0x0000000000000091       0x1b CMakeFiles/kw565-coursework-5.dir/Users/kuiwang/Documents/Assignment5/platform/devices/MKL03Z4/startup/gcc/startup_MKL03Z4.S.obj
 .ARM.attributes
                0x00000000000000ac       0x2c CMakeFiles/kw565-coursework-5.dir/Users/kuiwang/Documents/Assignment5/source/main.c.obj
 .ARM.attributes
                0x00000000000000d8       0x2c CMakeFiles/kw565-coursework-5.dir/Users/kuiwang/Documents/Assignment5/source/fsl_i2c_irq.c.obj
 .ARM.attributes
                0x0000000000000104       0x2c CMakeFiles/kw565-coursework-5.dir/Users/kuiwang/Documents/Assignment5/source/accel.c.obj
 .ARM.attributes
                0x0000000000000130       0x2c CMakeFiles/kw565-coursework-5.dir/Users/kuiwang/Documents/Assignment5/source/fxos_api.c.obj
 .ARM.attributes
                0x000000000000015c       0x2c CMakeFiles/kw565-coursework-5.dir/Users/kuiwang/Documents/Assignment5/source/mma8451_api.c.obj
 .ARM.attributes
                0x0000000000000188       0x2c CMakeFiles/kw565-coursework-5.dir/Users/kuiwang/Documents/Assignment5/source/fsl_spi_irq.c.obj
 .ARM.attributes
                0x00000000000001b4       0x2c CMakeFiles/kw565-coursework-5.dir/Users/kuiwang/Documents/Assignment5/source/hardware_init.c.obj
 .ARM.attributes
                0x00000000000001e0       0x2c CMakeFiles/kw565-coursework-5.dir/Users/kuiwang/Documents/Assignment5/source/pin_mux.c.obj
 .ARM.attributes
                0x000000000000020c       0x2c CMakeFiles/kw565-coursework-5.dir/Users/kuiwang/Documents/Assignment5/platform/utilities/src/fsl_debug_console.c.obj
 .ARM.attributes
                0x0000000000000238       0x2c CMakeFiles/kw565-coursework-5.dir/Users/kuiwang/Documents/Assignment5/platform/utilities/src/print_scan.c.obj
 .ARM.attributes
                0x0000000000000264       0x2c CMakeFiles/kw565-coursework-5.dir/Users/kuiwang/Documents/Assignment5/platform/devices/MKL03Z4/startup/system_MKL03Z4.c.obj
 .ARM.attributes
                0x0000000000000290       0x2c CMakeFiles/kw565-coursework-5.dir/Users/kuiwang/Documents/Assignment5/platform/devices/startup.c.obj
 .ARM.attributes
                0x00000000000002bc       0x2c ../lib/debug/libksdk_platform.a(fsl_os_abstraction_bm.c.obj)
 .ARM.attributes
                0x00000000000002e8       0x2c ../lib/debug/libksdk_platform.a(fsl_clock_MKL03Z4.c.obj)
 .ARM.attributes
                0x0000000000000314       0x2c ../lib/debug/libksdk_platform.a(fsl_interrupt_manager.c.obj)
 .ARM.attributes
                0x0000000000000340       0x2c ../lib/debug/libksdk_platform.a(fsl_gpio_driver.c.obj)
 .ARM.attributes
                0x000000000000036c       0x2c ../lib/debug/libksdk_platform.a(fsl_i2c_shared_function.c.obj)
 .ARM.attributes
                0x0000000000000398       0x2c ../lib/debug/libksdk_platform.a(fsl_i2c_common.c.obj)
 .ARM.attributes
                0x00000000000003c4       0x2c ../lib/debug/libksdk_platform.a(fsl_i2c_master_driver.c.obj)
 .ARM.attributes
                0x00000000000003f0       0x2c ../lib/debug/libksdk_platform.a(fsl_i2c_slave_driver.c.obj)
 .ARM.attributes
                0x000000000000041c       0x2c ../lib/debug/libksdk_platform.a(fsl_lptmr_hal.c.obj)
 .ARM.attributes
                0x0000000000000448       0x2c ../lib/debug/libksdk_platform.a(fsl_mcglite_hal.c.obj)
 .ARM.attributes
                0x0000000000000474       0x2c ../lib/debug/libksdk_platform.a(fsl_spi_shared_function.c.obj)
 .ARM.attributes
                0x00000000000004a0       0x2c ../lib/debug/libksdk_platform.a(fsl_spi_master_driver.c.obj)
 .ARM.attributes
                0x00000000000004cc       0x2c ../lib/debug/libksdk_platform.a(fsl_spi_slave_driver.c.obj)
 .ARM.attributes
                0x00000000000004f8       0x2c ../lib/debug/libksdk_platform.a(fsl_spi_common.c.obj)
 .ARM.attributes
                0x0000000000000524       0x2c ../lib/debug/libksdk_platform.a(fsl_gpio_hal.c.obj)
 .ARM.attributes
                0x0000000000000550       0x2c ../lib/debug/libksdk_platform.a(fsl_gpio_common.c.obj)
 .ARM.attributes
                0x000000000000057c       0x2c ../lib/debug/libksdk_platform.a(fsl_i2c_hal.c.obj)
 .ARM.attributes
                0x00000000000005a8       0x2c ../lib/debug/libksdk_platform.a(fsl_spi_hal.c.obj)
 .ARM.attributes
                0x00000000000005d4       0x2c /Applications/ARM/bin/../lib/gcc/arm-none-eabi/10.3.1/../../../../arm-none-eabi/lib/thumb/v6-m/nofp/libc_nano.a(lib_a-assert.o)
 .ARM.attributes
                0x0000000000000600       0x2c /Applications/ARM/bin/../lib/gcc/arm-none-eabi/10.3.1/../../../../arm-none-eabi/lib/thumb/v6-m/nofp/libc_nano.a(lib_a-errno.o)
 .ARM.attributes
                0x000000000000062c       0x2c /Applications/ARM/bin/../lib/gcc/arm-none-eabi/10.3.1/../../../../arm-none-eabi/lib/thumb/v6-m/nofp/libc_nano.a(lib_a-exit.o)
 .ARM.attributes
                0x0000000000000658       0x2c /Applications/ARM/bin/../lib/gcc/arm-none-eabi/10.3.1/../../../../arm-none-eabi/lib/thumb/v6-m/nofp/libc_nano.a(lib_a-fprintf.o)
 .ARM.attributes
                0x0000000000000684       0x2c /Applications/ARM/bin/../lib/gcc/arm-none-eabi/10.3.1/../../../../arm-none-eabi/lib/thumb/v6-m/nofp/libc_nano.a(lib_a-impure.o)
 .ARM.attributes
                0x00000000000006b0       0x2c /Applications/ARM/bin/../lib/gcc/arm-none-eabi/10.3.1/../../../../arm-none-eabi/lib/thumb/v6-m/nofp/libc_nano.a(lib_a-init.o)
 .ARM.attributes
                0x00000000000006dc       0x2c /Applications/ARM/bin/../lib/gcc/arm-none-eabi/10.3.1/../../../../arm-none-eabi/lib/thumb/v6-m/nofp/libc_nano.a(lib_a-malloc.o)
 .ARM.attributes
                0x0000000000000708       0x2c /Applications/ARM/bin/../lib/gcc/arm-none-eabi/10.3.1/../../../../arm-none-eabi/lib/thumb/v6-m/nofp/libc_nano.a(lib_a-memset.o)
 .ARM.attributes
                0x0000000000000734       0x2c /Applications/ARM/bin/../lib/gcc/arm-none-eabi/10.3.1/../../../../arm-none-eabi/lib/thumb/v6-m/nofp/libc_nano.a(lib_a-nano-freer.o)
 .ARM.attributes
                0x0000000000000760       0x2c /Applications/ARM/bin/../lib/gcc/arm-none-eabi/10.3.1/../../../../arm-none-eabi/lib/thumb/v6-m/nofp/libc_nano.a(lib_a-nano-mallocr.o)
 .ARM.attributes
                0x000000000000078c       0x2c /Applications/ARM/bin/../lib/gcc/arm-none-eabi/10.3.1/../../../../arm-none-eabi/lib/thumb/v6-m/nofp/libc_nano.a(lib_a-nano-vfprintf.o)
 .ARM.attributes
                0x00000000000007b8       0x2c /Applications/ARM/bin/../lib/gcc/arm-none-eabi/10.3.1/../../../../arm-none-eabi/lib/thumb/v6-m/nofp/libc_nano.a(lib_a-nano-vfprintf_i.o)
 .ARM.attributes
                0x00000000000007e4       0x2c /Applications/ARM/bin/../lib/gcc/arm-none-eabi/10.3.1/../../../../arm-none-eabi/lib/thumb/v6-m/nofp/libc_nano.a(lib_a-rand.o)
 .ARM.attributes
                0x0000000000000810       0x2c /Applications/ARM/bin/../lib/gcc/arm-none-eabi/10.3.1/../../../../arm-none-eabi/lib/thumb/v6-m/nofp/libc_nano.a(lib_a-sbrkr.o)
 .ARM.attributes
                0x000000000000083c       0x1c /Applications/ARM/bin/../lib/gcc/arm-none-eabi/10.3.1/../../../../arm-none-eabi/lib/thumb/v6-m/nofp/libc_nano.a(lib_a-strlen.o)
 .ARM.attributes
                0x0000000000000858       0x2c /Applications/ARM/bin/../lib/gcc/arm-none-eabi/10.3.1/../../../../arm-none-eabi/lib/thumb/v6-m/nofp/libc_nano.a(lib_a-time.o)
 .ARM.attributes
                0x0000000000000884       0x2c /Applications/ARM/bin/../lib/gcc/arm-none-eabi/10.3.1/../../../../arm-none-eabi/lib/thumb/v6-m/nofp/libc_nano.a(lib_a-wbuf.o)
 .ARM.attributes
                0x00000000000008b0       0x2c /Applications/ARM/bin/../lib/gcc/arm-none-eabi/10.3.1/../../../../arm-none-eabi/lib/thumb/v6-m/nofp/libc_nano.a(lib_a-wsetup.o)
 .ARM.attributes
                0x00000000000008dc       0x2c /Applications/ARM/bin/../lib/gcc/arm-none-eabi/10.3.1/../../../../arm-none-eabi/lib/thumb/v6-m/nofp/libc_nano.a(lib_a-abort.o)
 .ARM.attributes
                0x0000000000000908       0x2c /Applications/ARM/bin/../lib/gcc/arm-none-eabi/10.3.1/../../../../arm-none-eabi/lib/thumb/v6-m/nofp/libc_nano.a(lib_a-fflush.o)
 .ARM.attributes
                0x0000000000000934       0x2c /Applications/ARM/bin/../lib/gcc/arm-none-eabi/10.3.1/../../../../arm-none-eabi/lib/thumb/v6-m/nofp/libc_nano.a(lib_a-findfp.o)
 .ARM.attributes
                0x0000000000000960       0x2c /Applications/ARM/bin/../lib/gcc/arm-none-eabi/10.3.1/../../../../arm-none-eabi/lib/thumb/v6-m/nofp/libc_nano.a(lib_a-fwalk.o)
 .ARM.attributes
                0x000000000000098c       0x2c /Applications/ARM/bin/../lib/gcc/arm-none-eabi/10.3.1/../../../../arm-none-eabi/lib/thumb/v6-m/nofp/libc_nano.a(lib_a-gettimeofdayr.o)
 .ARM.attributes
                0x00000000000009b8       0x2c /Applications/ARM/bin/../lib/gcc/arm-none-eabi/10.3.1/../../../../arm-none-eabi/lib/thumb/v6-m/nofp/libc_nano.a(lib_a-lock.o)
 .ARM.attributes
                0x00000000000009e4       0x2c /Applications/ARM/bin/../lib/gcc/arm-none-eabi/10.3.1/../../../../arm-none-eabi/lib/thumb/v6-m/nofp/libc_nano.a(lib_a-makebuf.o)
 .ARM.attributes
                0x0000000000000a10       0x2c /Applications/ARM/bin/../lib/gcc/arm-none-eabi/10.3.1/../../../../arm-none-eabi/lib/thumb/v6-m/nofp/libc_nano.a(lib_a-memchr-stub.o)
 .ARM.attributes
                0x0000000000000a3c       0x2c /Applications/ARM/bin/../lib/gcc/arm-none-eabi/10.3.1/../../../../arm-none-eabi/lib/thumb/v6-m/nofp/libc_nano.a(lib_a-mlock.o)
 .ARM.attributes
                0x0000000000000a68       0x2c /Applications/ARM/bin/../lib/gcc/arm-none-eabi/10.3.1/../../../../arm-none-eabi/lib/thumb/v6-m/nofp/libc_nano.a(lib_a-reent.o)
 .ARM.attributes
                0x0000000000000a94       0x2c /Applications/ARM/bin/../lib/gcc/arm-none-eabi/10.3.1/../../../../arm-none-eabi/lib/thumb/v6-m/nofp/libc_nano.a(lib_a-signal.o)
 .ARM.attributes
                0x0000000000000ac0       0x2c /Applications/ARM/bin/../lib/gcc/arm-none-eabi/10.3.1/../../../../arm-none-eabi/lib/thumb/v6-m/nofp/libc_nano.a(lib_a-signalr.o)
 .ARM.attributes
                0x0000000000000aec       0x2c /Applications/ARM/bin/../lib/gcc/arm-none-eabi/10.3.1/../../../../arm-none-eabi/lib/thumb/v6-m/nofp/libc_nano.a(lib_a-stdio.o)
 .ARM.attributes
                0x0000000000000b18       0x2c /Applications/ARM/bin/../lib/gcc/arm-none-eabi/10.3.1/../../../../arm-none-eabi/lib/thumb/v6-m/nofp/libc_nano.a(lib_a-writer.o)
 .ARM.attributes
                0x0000000000000b44       0x2c /Applications/ARM/bin/../lib/gcc/arm-none-eabi/10.3.1/../../../../arm-none-eabi/lib/thumb/v6-m/nofp/libc_nano.a(lib_a-closer.o)
 .ARM.attributes
                0x0000000000000b70       0x2c /Applications/ARM/bin/../lib/gcc/arm-none-eabi/10.3.1/../../../../arm-none-eabi/lib/thumb/v6-m/nofp/libc_nano.a(lib_a-fstatr.o)
 .ARM.attributes
                0x0000000000000b9c       0x2c /Applications/ARM/bin/../lib/gcc/arm-none-eabi/10.3.1/../../../../arm-none-eabi/lib/thumb/v6-m/nofp/libc_nano.a(lib_a-isattyr.o)
 .ARM.attributes
                0x0000000000000bc8       0x2c /Applications/ARM/bin/../lib/gcc/arm-none-eabi/10.3.1/../../../../arm-none-eabi/lib/thumb/v6-m/nofp/libc_nano.a(lib_a-lseekr.o)
 .ARM.attributes
                0x0000000000000bf4       0x2c /Applications/ARM/bin/../lib/gcc/arm-none-eabi/10.3.1/../../../../arm-none-eabi/lib/thumb/v6-m/nofp/libc_nano.a(lib_a-readr.o)
 .ARM.attributes
                0x0000000000000c20       0x1e /Applications/ARM/bin/../lib/gcc/arm-none-eabi/10.3.1/thumb/v6-m/nofp/libgcc.a(_thumb1_case_shi.o)
 .ARM.attributes
                0x0000000000000c3e       0x1e /Applications/ARM/bin/../lib/gcc/arm-none-eabi/10.3.1/thumb/v6-m/nofp/libgcc.a(_udivsi3.o)
 .ARM.attributes
                0x0000000000000c5c       0x1e /Applications/ARM/bin/../lib/gcc/arm-none-eabi/10.3.1/thumb/v6-m/nofp/libgcc.a(_divsi3.o)
 .ARM.attributes
                0x0000000000000c7a       0x1e /Applications/ARM/bin/../lib/gcc/arm-none-eabi/10.3.1/thumb/v6-m/nofp/libgcc.a(_dvmd_tls.o)
 .ARM.attributes
                0x0000000000000c98       0x2c /Applications/ARM/bin/../lib/gcc/arm-none-eabi/10.3.1/thumb/v6-m/nofp/libgcc.a(_muldi3.o)
 .ARM.attributes
                0x0000000000000cc4       0x2c /Applications/ARM/bin/../lib/gcc/arm-none-eabi/10.3.1/../../../../arm-none-eabi/lib/thumb/v6-m/nofp/libnosys.a(close.o)
 .ARM.attributes
                0x0000000000000cf0       0x2c /Applications/ARM/bin/../lib/gcc/arm-none-eabi/10.3.1/../../../../arm-none-eabi/lib/thumb/v6-m/nofp/libnosys.a(fstat.o)
 .ARM.attributes
                0x0000000000000d1c       0x2c /Applications/ARM/bin/../lib/gcc/arm-none-eabi/10.3.1/../../../../arm-none-eabi/lib/thumb/v6-m/nofp/libnosys.a(getpid.o)
 .ARM.attributes
                0x0000000000000d48       0x2c /Applications/ARM/bin/../lib/gcc/arm-none-eabi/10.3.1/../../../../arm-none-eabi/lib/thumb/v6-m/nofp/libnosys.a(gettod.o)
 .ARM.attributes
                0x0000000000000d74       0x2c /Applications/ARM/bin/../lib/gcc/arm-none-eabi/10.3.1/../../../../arm-none-eabi/lib/thumb/v6-m/nofp/libnosys.a(isatty.o)
 .ARM.attributes
                0x0000000000000da0       0x2c /Applications/ARM/bin/../lib/gcc/arm-none-eabi/10.3.1/../../../../arm-none-eabi/lib/thumb/v6-m/nofp/libnosys.a(kill.o)
 .ARM.attributes
                0x0000000000000dcc       0x2c /Applications/ARM/bin/../lib/gcc/arm-none-eabi/10.3.1/../../../../arm-none-eabi/lib/thumb/v6-m/nofp/libnosys.a(lseek.o)
 .ARM.attributes
                0x0000000000000df8       0x2c /Applications/ARM/bin/../lib/gcc/arm-none-eabi/10.3.1/../../../../arm-none-eabi/lib/thumb/v6-m/nofp/libnosys.a(_exit.o)
 .ARM.attributes
                0x0000000000000e24       0x1e /Applications/ARM/bin/../lib/gcc/arm-none-eabi/10.3.1/thumb/v6-m/nofp/crtn.o
                0x0000000000000001                ASSERT ((__StackLimit >= __HeapLimit), region m_data overflowed with stack and heap)
OUTPUT(debug/kw565-coursework-5.elf elf32-littlearm)
LOAD linker stubs

.debug_info     0x0000000000000000     0xde5f
 .debug_info    0x0000000000000000      0x151 CMakeFiles/kw565-coursework-5.dir/Users/kuiwang/Documents/Assignment5/platform/utilities/src/fsl_misc_utilities.c.obj
 .debug_info    0x0000000000000151       0x26 CMakeFiles/kw565-coursework-5.dir/Users/kuiwang/Documents/Assignment5/platform/devices/MKL03Z4/startup/gcc/startup_MKL03Z4.S.obj
 .debug_info    0x0000000000000177      0xff1 CMakeFiles/kw565-coursework-5.dir/Users/kuiwang/Documents/Assignment5/source/main.c.obj
 .debug_info    0x0000000000001168       0x85 CMakeFiles/kw565-coursework-5.dir/Users/kuiwang/Documents/Assignment5/source/fsl_i2c_irq.c.obj